<html>
<body>
<pre>
<h1>礦ision Build Log</h1>
<h2>Tool Versions:</h2>
IDE-Version: μVision V5.29.0.0
Copyright (C) 2019 ARM Ltd and ARM Germany GmbH. All rights reserved.
License Information: Fang Zerui, University, LIC=IK1BF-6U3I1-QDSKD-8XMFY-ZAPN2-HKDLR
 
Tool Versions:
Toolchain:       MDK-ARM Plus  Version: 5.29.0.0
Toolchain Path:  C:\Keil_v5\ARM\ARMCC\Bin
C Compiler:      Armcc.exe V5.06 update 6 (build 750)
Assembler:       Armasm.exe V5.06 update 6 (build 750)
Linker/Locator:  ArmLink.exe V5.06 update 6 (build 750)
Library Manager: ArmAr.exe V5.06 update 6 (build 750)
Hex Converter:   FromElf.exe V5.06 update 6 (build 750)
CPU DLL:         SARMCM3.DLL V5.29.0.0
Dialog DLL:      DCM.DLL V1.17.3.0
Target DLL:      Segger\JL2CM3.dll V2.99.36.0
Dialog DLL:      TCM.DLL V1.36.5.0
 
<h2>Project:</h2>
C:\FZR\Projects\项目\UWB\技术实现\STM32\UWB - SubAnchor&Tag -F1\USER\main.uvprojx
Project File Date:  03/02/2021

<h2>Output:</h2>
*** Using Compiler 'V5.06 update 6 (build 750)', folder: 'C:\Keil_v5\ARM\ARMCC\Bin'
Build target 'Template'
compiling main.c...
compiling ss_twr_resp.c...
..\HARDWARE\solutions\ss_twr_resp.c(86): warning:  #223-D: function "printf" declared implicitly
      printf("Now working on : ss_resp\r\n\r\n");
..\HARDWARE\solutions\ss_twr_resp.c: 1 warning, 0 errors
compiling ss_twr_init.c...
compiling ds_twr_init.c...
..\HARDWARE\solutions\ds_twr_init.c(219): warning:  #177-D: variable "i"  was declared but never referenced
          char i;
..\HARDWARE\solutions\ds_twr_init.c(330): warning:  #167-D: argument of type "uint8 *" is incompatible with parameter of type "char *"
                  tag_sn = Src_acquire(rx_buffer);
..\HARDWARE\solutions\ds_twr_init.c: 2 warnings, 0 errors
compiling ds_twr_resp.c...
..\HARDWARE\solutions\ds_twr_resp.c(130): warning:  #9-D: nested comment is not allowed
      /* As the sequence number field of the frame is not relevant, it is cleared to simplify the validation of the frame. */
..\HARDWARE\solutions\ds_twr_resp.c(347): warning:  #167-D: argument of type "uint8 *" is incompatible with parameter of type "char *"
                  anchor_sn = Src_acquire(rx_buffer);
..\HARDWARE\solutions\ds_twr_resp.c(50): warning:  #177-D: variable "tx_emergency_msg"  was declared but never referenced
  static uint8 tx_emergency_msg[] = {0x41, 0x88, 0, PAN_L, PAN_M, EMERGENCY_FUNCMODE, 'A', ALL_SN, 'T', TAG_SN, 0, 0}; // Every anchor under RESP receiving state could receive
..\HARDWARE\solutions\ds_twr_resp.c(177): warning:  #177-D: function "Calc_Average"  was declared but never referenced
  static double Calc_Average(double arr[], int length)
..\HARDWARE\solutions\ds_twr_resp.c: 4 warnings, 0 errors
linking...
Program Size: Code=14078 RO-data=1734 RW-data=216 ZI-data=2304  
FromELF: creating hex file...
"..\OBJ\main.axf" - 0 Error(s), 7 Warning(s).

<h2>Software Packages used:</h2>

Package Vendor: Keil
                http://www.keil.com/pack/Keil.STM32F1xx_DFP.2.3.0.pack
                Keil.STM32F1xx_DFP.2.3.0
                STMicroelectronics STM32F1 Series Device Support, Drivers and Examples

<h2>Collection of Component include folders:</h2>
  .\RTE\_Template
  C:\Users\wanle\AppData\Local\Arm\Packs\Keil\STM32F1xx_DFP\2.3.0\Device\Include

<h2>Collection of Component Files used:</h2>
Build Time Elapsed:  00:00:03
</pre>
</body>
</html>
