<html>
<body>
<pre>
<h1>礦ision Build Log</h1>
<h2>Tool Versions:</h2>
IDE-Version: μVision V5.29.0.0
Copyright (C) 2019 ARM Ltd and ARM Germany GmbH. All rights reserved.
License Information: Fang Zerui, University, LIC=IK1BF-6U3I1-QDSKD-8XMFY-ZAPN2-HKDLR
 
Tool Versions:
Toolchain:       MDK-ARM Plus  Version: 5.29.0.0
Toolchain Path:  C:\Keil_v5\ARM\ARMCC\Bin
C Compiler:      Armcc.exe V5.06 update 6 (build 750)
Assembler:       Armasm.exe V5.06 update 6 (build 750)
Linker/Locator:  ArmLink.exe V5.06 update 6 (build 750)
Library Manager: ArmAr.exe V5.06 update 6 (build 750)
Hex Converter:   FromElf.exe V5.06 update 6 (build 750)
CPU DLL:         SARMCM3.DLL V5.29.0.0
Dialog DLL:      DCM.DLL V1.17.3.0
Target DLL:      Segger\JL2CM3.dll V2.99.36.0
Dialog DLL:      TCM.DLL V1.36.5.0
 
<h2>Project:</h2>
C:\FZR\Projects\项目\UWB\技术实现\STM32\UWB - MainAnchor -F4\USER\LCD.uvprojx
Project File Date:  03/21/2021

<h2>Output:</h2>
*** Using Compiler 'V5.06 update 6 (build 750)', folder: 'C:\Keil_v5\ARM\ARMCC\Bin'
Build target 'LCD'
compiling ds_twr_init.c...
..\HARDWARE\solutions\ds_twr_init.c(416): warning:  #167-D: argument of type "uint8 *" is incompatible with parameter of type "char *"
                  tag_sn = Src_acquire(rx_buffer);
..\HARDWARE\solutions\ds_twr_init.c(284): warning:  #177-D: function "ds_twr_upload_distance_rx"  was declared but never referenced
  static void ds_twr_upload_distance_rx(void)
..\HARDWARE\solutions\ds_twr_init.c: 2 warnings, 0 errors
linking...
Program Size: Code=53820 RO-data=9452 RW-data=1252 ZI-data=6580  
FromELF: creating hex file...
"..\OBJ\LCD.axf" - 0 Error(s), 2 Warning(s).

<h2>Software Packages used:</h2>

Package Vendor: Keil
                http://www.keil.com/pack/Keil.STM32F4xx_DFP.2.14.0.pack
                Keil.STM32F4xx_DFP.2.14.0
                STMicroelectronics STM32F4 Series Device Support, Drivers and Examples

<h2>Collection of Component include folders:</h2>
  .\RTE\_LCD
  C:\Users\wanle\AppData\Local\Arm\Packs\Keil\STM32F4xx_DFP\2.14.0\Drivers\CMSIS\Device\ST\STM32F4xx\Include

<h2>Collection of Component Files used:</h2>
Build Time Elapsed:  00:00:02
</pre>
</body>
</html>
