Component: ARM Compiler 5.06 update 6 (build 750) Tool: armlink [4d35ed]

==============================================================================

Section Cross References

    main.o(i.main) refers to _printf_pad.o(.text) for _printf_pre_padding
    main.o(i.main) refers to _printf_percent.o(.ARM.Collect$$_printf_percent$$00000000) for _printf_percent
    main.o(i.main) refers to _printf_f.o(.ARM.Collect$$_printf_percent$$00000003) for _printf_f
    main.o(i.main) refers to printf1.o(x$fpl$printf1) for _printf_fp_dec
    main.o(i.main) refers to misc.o(i.NVIC_PriorityGroupConfig) for NVIC_PriorityGroupConfig
    main.o(i.main) refers to port.o(i.peripherals_init) for peripherals_init
    main.o(i.main) refers to bsp_spi_flash.o(i.SPI_FLASH_BufferRead) for SPI_FLASH_BufferRead
    main.o(i.main) refers to atof.o(i.__hardfp_atof) for __hardfp_atof
    main.o(i.main) refers to ui.o(i.UI_Opts_Position) for UI_Opts_Position
    main.o(i.main) refers to bsp_spi_flash.o(i.SPI_FLASH_SectorErase) for SPI_FLASH_SectorErase
    main.o(i.main) refers to noretval__2sprintf.o(.text) for __2sprintf
    main.o(i.main) refers to bsp_spi_flash.o(i.SPI_FLASH_BufferWrite) for SPI_FLASH_BufferWrite
    main.o(i.main) refers to ui.o(i.UI_Init) for UI_Init
    main.o(i.main) refers to ds_twr_init.o(i.ds_twr_initiator) for ds_twr_initiator
    main.o(i.main) refers to trilateration_basic.o(.bss) for Anchor_vec
    system_stm32f4xx.o(i.SystemCoreClockUpdate) refers to system_stm32f4xx.o(.data) for .data
    system_stm32f4xx.o(i.SystemInit) refers to system_stm32f4xx.o(i.SetSysClock) for SetSysClock
    led.o(i.LED_Init) refers to stm32f4xx_rcc.o(i.RCC_AHB1PeriphClockCmd) for RCC_AHB1PeriphClockCmd
    led.o(i.LED_Init) refers to stm32f4xx_gpio.o(i.GPIO_Init) for GPIO_Init
    led.o(i.LED_Init) refers to stm32f4xx_gpio.o(i.GPIO_SetBits) for GPIO_SetBits
    lcd.o(i.LCD_Clear) refers to lcd.o(i.LCD_SetCursor) for LCD_SetCursor
    lcd.o(i.LCD_Clear) refers to lcd.o(i.LCD_WriteRAM_Prepare) for LCD_WriteRAM_Prepare
    lcd.o(i.LCD_Clear) refers to lcd.o(.bss) for .bss
    lcd.o(i.LCD_Color_Fill) refers to lcd.o(i.LCD_SetCursor) for LCD_SetCursor
    lcd.o(i.LCD_Color_Fill) refers to lcd.o(i.LCD_WriteRAM_Prepare) for LCD_WriteRAM_Prepare
    lcd.o(i.LCD_DisplayOff) refers to lcd.o(i.LCD_WriteReg) for LCD_WriteReg
    lcd.o(i.LCD_DisplayOff) refers to lcd.o(i.LCD_WR_REG) for LCD_WR_REG
    lcd.o(i.LCD_DisplayOff) refers to lcd.o(.bss) for .bss
    lcd.o(i.LCD_DisplayOn) refers to lcd.o(i.LCD_WriteReg) for LCD_WriteReg
    lcd.o(i.LCD_DisplayOn) refers to lcd.o(i.LCD_WR_REG) for LCD_WR_REG
    lcd.o(i.LCD_DisplayOn) refers to lcd.o(.bss) for .bss
    lcd.o(i.LCD_Display_Dir) refers to lcd.o(i.LCD_Scan_Dir) for LCD_Scan_Dir
    lcd.o(i.LCD_Display_Dir) refers to lcd.o(.bss) for .bss
    lcd.o(i.LCD_DrawLine) refers to lcd.o(i.LCD_DrawPoint) for LCD_DrawPoint
    lcd.o(i.LCD_DrawPoint) refers to lcd.o(i.LCD_SetCursor) for LCD_SetCursor
    lcd.o(i.LCD_DrawPoint) refers to lcd.o(i.LCD_WriteRAM_Prepare) for LCD_WriteRAM_Prepare
    lcd.o(i.LCD_DrawPoint) refers to lcd.o(.data) for .data
    lcd.o(i.LCD_DrawRectangle) refers to lcd.o(i.LCD_DrawLine) for LCD_DrawLine
    lcd.o(i.LCD_Draw_Circle) refers to lcd.o(i.LCD_DrawPoint) for LCD_DrawPoint
    lcd.o(i.LCD_Fast_DrawPoint) refers to lcd.o(i.LCD_WR_REG) for LCD_WR_REG
    lcd.o(i.LCD_Fast_DrawPoint) refers to lcd.o(i.LCD_WR_DATA) for LCD_WR_DATA
    lcd.o(i.LCD_Fast_DrawPoint) refers to lcd.o(i.LCD_WriteReg) for LCD_WriteReg
    lcd.o(i.LCD_Fast_DrawPoint) refers to lcd.o(.bss) for .bss
    lcd.o(i.LCD_Fill) refers to lcd.o(i.LCD_SetCursor) for LCD_SetCursor
    lcd.o(i.LCD_Fill) refers to lcd.o(i.LCD_WriteRAM_Prepare) for LCD_WriteRAM_Prepare
    lcd.o(i.LCD_Fill) refers to lcd.o(.bss) for .bss
    lcd.o(i.LCD_Fill_Circle) refers to lcd.o(i.LCD_Draw_Circle) for LCD_Draw_Circle
    lcd.o(i.LCD_Fill_Circle) refers to lcd.o(i.LCD_ReadPoint) for LCD_ReadPoint
    lcd.o(i.LCD_Fill_Circle) refers to lcd.o(i.LCD_DrawPoint) for LCD_DrawPoint
    lcd.o(i.LCD_Fill_Circle) refers to lcd.o(.data) for .data
    lcd.o(i.LCD_Init) refers to stm32f4xx_rcc.o(i.RCC_AHB1PeriphClockCmd) for RCC_AHB1PeriphClockCmd
    lcd.o(i.LCD_Init) refers to stm32f4xx_rcc.o(i.RCC_AHB3PeriphClockCmd) for RCC_AHB3PeriphClockCmd
    lcd.o(i.LCD_Init) refers to stm32f4xx_gpio.o(i.GPIO_Init) for GPIO_Init
    lcd.o(i.LCD_Init) refers to stm32f4xx_gpio.o(i.GPIO_PinAFConfig) for GPIO_PinAFConfig
    lcd.o(i.LCD_Init) refers to stm32f4xx_fsmc.o(i.FSMC_NORSRAMInit) for FSMC_NORSRAMInit
    lcd.o(i.LCD_Init) refers to stm32f4xx_fsmc.o(i.FSMC_NORSRAMCmd) for FSMC_NORSRAMCmd
    lcd.o(i.LCD_Init) refers to delay.o(i.delay_ms) for delay_ms
    lcd.o(i.LCD_Init) refers to lcd.o(i.LCD_WriteReg) for LCD_WriteReg
    lcd.o(i.LCD_Init) refers to lcd.o(i.LCD_ReadReg) for LCD_ReadReg
    lcd.o(i.LCD_Init) refers to lcd.o(i.LCD_WR_REG) for LCD_WR_REG
    lcd.o(i.LCD_Init) refers to lcd.o(i.LCD_RD_DATA) for LCD_RD_DATA
[...]
    _btod_edivd                              0x08001f2f   Thumb Code    42  btod.o(CL$$btod_edivd)
    _btod_emul                               0x08001f59   Thumb Code    42  btod.o(CL$$btod_emul)
    _btod_emuld                              0x08001f83   Thumb Code    42  btod.o(CL$$btod_emuld)
    __btod_mult_common                       0x08001fad   Thumb Code   580  btod.o(CL$$btod_mult_common)
    ADC_Cmd                                  0x080021f1   Thumb Code    24  stm32f4xx_adc.o(i.ADC_Cmd)
    ADC_CommonInit                           0x08002209   Thumb Code    36  stm32f4xx_adc.o(i.ADC_CommonInit)
    ADC_GetConversionValue                   0x08002235   Thumb Code     6  stm32f4xx_adc.o(i.ADC_GetConversionValue)
    ADC_GetFlagStatus                        0x0800223b   Thumb Code    14  stm32f4xx_adc.o(i.ADC_GetFlagStatus)
    ADC_Init                                 0x08002249   Thumb Code    82  stm32f4xx_adc.o(i.ADC_Init)
    ADC_RegularChannelConfig                 0x080022a1   Thumb Code   144  stm32f4xx_adc.o(i.ADC_RegularChannelConfig)
    ADC_SoftwareStartConv                    0x08002331   Thumb Code    10  stm32f4xx_adc.o(i.ADC_SoftwareStartConv)
    Adc_Init                                 0x0800233d   Thumb Code   122  adc.o(i.Adc_Init)
    BTN_Init                                 0x080023c1   Thumb Code    62  btn.o(i.BTN_Init)
    BusFault_Handler                         0x08002409   Thumb Code     2  stm32f4xx_it.o(i.BusFault_Handler)
    Calibrate_or_Get_TouchParaWithFlash      0x0800240d   Thumb Code   146  bsp_xpt2046_lcd.o(i.Calibrate_or_Get_TouchParaWithFlash)
    DebugMon_Handler                         0x080024a5   Thumb Code     2  stm32f4xx_it.o(i.DebugMon_Handler)
    EXTI_GetITEnStatus                       0x080024a9   Thumb Code    18  port.o(i.EXTI_GetITEnStatus)
    EXTI_Init                                0x080024c1   Thumb Code   136  stm32f4xx_exti.o(i.EXTI_Init)
    Esp8266_Send                             0x08002551   Thumb Code   110  esp8266.o(i.Esp8266_Send)
    FSMC_NORSRAMCmd                          0x080025f9   Thumb Code    30  stm32f4xx_fsmc.o(i.FSMC_NORSRAMCmd)
    FSMC_NORSRAMInit                         0x0800261d   Thumb Code   204  stm32f4xx_fsmc.o(i.FSMC_NORSRAMInit)
    GPIO_Init                                0x080026e9   Thumb Code   150  stm32f4xx_gpio.o(i.GPIO_Init)
    GPIO_PinAFConfig                         0x0800277f   Thumb Code    34  stm32f4xx_gpio.o(i.GPIO_PinAFConfig)
    GPIO_ReadInputDataBit                    0x080027a1   Thumb Code    14  stm32f4xx_gpio.o(i.GPIO_ReadInputDataBit)
    GPIO_ResetBits                           0x080027af   Thumb Code     4  stm32f4xx_gpio.o(i.GPIO_ResetBits)
    GPIO_SetBits                             0x080027b3   Thumb Code     4  stm32f4xx_gpio.o(i.GPIO_SetBits)
    Get_Adc                                  0x080027b9   Thumb Code    44  adc.o(i.Get_Adc)
    HardFault_Handler                        0x080027e9   Thumb Code     2  stm32f4xx_it.o(i.HardFault_Handler)
    IOT_Pulish_Tagpos                        0x08002819   Thumb Code   232  esp8266.o(i.IOT_Pulish_Tagpos)
    LCD_Clear                                0x08002925   Thumb Code   106  lcd.o(i.LCD_Clear)
    LCD_Display_Dir                          0x08002999   Thumb Code   322  lcd.o(i.LCD_Display_Dir)
    LCD_DrawLine                             0x08002ae1   Thumb Code   166  lcd.o(i.LCD_DrawLine)
    LCD_DrawPoint                            0x08002b89   Thumb Code    20  lcd.o(i.LCD_DrawPoint)
    LCD_DrawRectangle                        0x08002ba5   Thumb Code    62  lcd.o(i.LCD_DrawRectangle)
    LCD_Draw_Circle                          0x08002be3   Thumb Code   188  lcd.o(i.LCD_Draw_Circle)
    LCD_Fast_DrawPoint                       0x08002ca1   Thumb Code   338  lcd.o(i.LCD_Fast_DrawPoint)
    LCD_Fill                                 0x08002dfd   Thumb Code   136  lcd.o(i.LCD_Fill)
    LCD_Init                                 0x08002e8d   Thumb Code 14268  lcd.o(i.LCD_Init)
    LCD_RD_DATA                              0x0800664d   Thumb Code    16  lcd.o(i.LCD_RD_DATA)
    LCD_ReadReg                              0x08006661   Thumb Code    20  lcd.o(i.LCD_ReadReg)
    LCD_SSD_BackLightSet                     0x08006679   Thumb Code    72  lcd.o(i.LCD_SSD_BackLightSet)
    LCD_Scan_Dir                             0x080066c9   Thumb Code   530  lcd.o(i.LCD_Scan_Dir)
    LCD_SetCursor                            0x080068e1   Thumb Code   388  lcd.o(i.LCD_SetCursor)
    LCD_ShowChar                             0x08006a69   Thumb Code   240  lcd.o(i.LCD_ShowChar)
    LCD_ShowString                           0x08006b65   Thumb Code    90  lcd.o(i.LCD_ShowString)
    LCD_ShowString_Transcluent               0x08006bbf   Thumb Code    90  lcd.o(i.LCD_ShowString_Transcluent)
    LCD_WR_DATA                              0x08006c19   Thumb Code    20  lcd.o(i.LCD_WR_DATA)
    LCD_WR_REG                               0x08006c31   Thumb Code    20  lcd.o(i.LCD_WR_REG)
    LCD_WriteRAM_Prepare                     0x08006c49   Thumb Code    10  lcd.o(i.LCD_WriteRAM_Prepare)
    LCD_WriteReg                             0x08006c5d   Thumb Code    10  lcd.o(i.LCD_WriteReg)
    LED_Init                                 0x08006c6d   Thumb Code    60  led.o(i.LED_Init)
    MatrixAdd                                0x08006cad   Thumb Code    56  matrix.o(i.MatrixAdd)
    MatrixInv3                               0x08006ce5   Thumb Code   346  matrix.o(i.MatrixInv3)
    MatrixMinus                              0x08006e3f   Thumb Code    56  matrix.o(i.MatrixMinus)
    MatrixMul                                0x08006e79   Thumb Code   126  matrix.o(i.MatrixMul)
    MatrixTrans                              0x08006efd   Thumb Code    68  matrix.o(i.MatrixTrans)
    Matrixmulc                               0x08006f41   Thumb Code    42  matrix.o(i.Matrixmulc)
    MemManage_Handler                        0x08006f6b   Thumb Code     2  stm32f4xx_it.o(i.MemManage_Handler)
    NMI_Handler                              0x08006f6d   Thumb Code     2  stm32f4xx_it.o(i.NMI_Handler)
    NVIC_Configuration                       0x08006f71   Thumb Code    98  port.o(i.NVIC_Configuration)
    NVIC_Init                                0x08006fd9   Thumb Code   112  misc.o(i.NVIC_Init)
    NVIC_PriorityGroupConfig                 0x0800704d   Thumb Code    14  misc.o(i.NVIC_PriorityGroupConfig)
    PendSV_Handler                           0x08007061   Thumb Code     2  stm32f4xx_it.o(i.PendSV_Handler)
    RCC_AHB1PeriphClockCmd                   0x08007065   Thumb Code    24  stm32f4xx_rcc.o(i.RCC_AHB1PeriphClockCmd)
    RCC_AHB3PeriphClockCmd                   0x08007081   Thumb Code    24  stm32f4xx_rcc.o(i.RCC_AHB3PeriphClockCmd)
    RCC_APB1PeriphClockCmd                   0x0800709d   Thumb Code    24  stm32f4xx_rcc.o(i.RCC_APB1PeriphClockCmd)
    RCC_APB1PeriphResetCmd                   0x080070b9   Thumb Code    24  stm32f4xx_rcc.o(i.RCC_APB1PeriphResetCmd)
    RCC_APB2PeriphClockCmd                   0x080070d5   Thumb Code    24  stm32f4xx_rcc.o(i.RCC_APB2PeriphClockCmd)
    RCC_APB2PeriphResetCmd                   0x080070f1   Thumb Code    24  stm32f4xx_rcc.o(i.RCC_APB2PeriphResetCmd)
    RCC_GetClocksFreq                        0x0800710d   Thumb Code   160  stm32f4xx_rcc.o(i.RCC_GetClocksFreq)
    SPI_ChangeRate                           0x080071bd   Thumb Code    14  port.o(i.SPI_ChangeRate)
    SPI_Cmd                                  0x080071d1   Thumb Code    24  stm32f4xx_spi_1.o(i.SPI_Cmd)
    SPI_FLASH_BufferRead                     0x080071e9   Thumb Code    74  bsp_spi_flash.o(i.SPI_FLASH_BufferRead)
    SPI_FLASH_BufferWrite                    0x0800723d   Thumb Code   226  bsp_spi_flash.o(i.SPI_FLASH_BufferWrite)
    SPI_FLASH_Deinit                         0x08007321   Thumb Code    38  bsp_spi_flash.o(i.SPI_FLASH_Deinit)
    SPI_FLASH_Init                           0x0800734d   Thumb Code   200  bsp_spi_flash.o(i.SPI_FLASH_Init)
    SPI_FLASH_PageWrite                      0x08007421   Thumb Code    94  bsp_spi_flash.o(i.SPI_FLASH_PageWrite)
    SPI_FLASH_SectorErase                    0x080074bd   Thumb Code    58  bsp_spi_flash.o(i.SPI_FLASH_SectorErase)
    SPI_FLASH_SendByte                       0x08007501   Thumb Code   122  bsp_spi_flash.o(i.SPI_FLASH_SendByte)
    SPI_FLASH_WaitForWriteEnd                0x08007585   Thumb Code    56  bsp_spi_flash.o(i.SPI_FLASH_WaitForWriteEnd)
    SPI_FLASH_WriteEnable                    0x080075c9   Thumb Code    20  bsp_spi_flash.o(i.SPI_FLASH_WriteEnable)
    SPI_I2S_DeInit                           0x080075e5   Thumb Code   196  stm32f4xx_spi_1.o(i.SPI_I2S_DeInit)
    SPI_I2S_GetFlagStatus                    0x080076a9   Thumb Code    14  stm32f4xx_spi_1.o(i.SPI_I2S_GetFlagStatus)
    SPI_I2S_ReceiveData                      0x080076b7   Thumb Code     4  stm32f4xx_spi_1.o(i.SPI_I2S_ReceiveData)
    SPI_I2S_SendData                         0x080076bb   Thumb Code     4  stm32f4xx_spi_1.o(i.SPI_I2S_SendData)
    SPI_Init                                 0x080076bf   Thumb Code    84  stm32f4xx_spi_1.o(i.SPI_Init)
    SPI_SSOutputCmd                          0x08007713   Thumb Code    24  stm32f4xx_spi_1.o(i.SPI_SSOutputCmd)
    SVC_Handler                              0x0800776d   Thumb Code     2  stm32f4xx_it.o(i.SVC_Handler)
    SYSCFG_EXTILineConfig                    0x0800776f   Thumb Code    46  stm32f4xx_syscfg.o(i.SYSCFG_EXTILineConfig)
    SysTick_CLKSourceConfig                  0x0800786b   Thumb Code    28  misc.o(i.SysTick_CLKSourceConfig)
    SysTick_Handler                          0x08007887   Thumb Code     2  stm32f4xx_it.o(i.SysTick_Handler)
    SystemInit                               0x08007889   Thumb Code    72  system_stm32f4xx.o(i.SystemInit)
    TIM3_IRQHandler                          0x080078e9   Thumb Code    32  timer.o(i.TIM3_IRQHandler)
    TIM3_Int_Init                            0x08007911   Thumb Code    96  timer.o(i.TIM3_Int_Init)
    TIM_ClearITPendingBit                    0x08007979   Thumb Code     6  stm32f4xx_tim.o(i.TIM_ClearITPendingBit)
    TIM_Cmd                                  0x0800797f   Thumb Code    24  stm32f4xx_tim.o(i.TIM_Cmd)
    TIM_GetITStatus                          0x08007997   Thumb Code    22  stm32f4xx_tim.o(i.TIM_GetITStatus)
    TIM_ITConfig                             0x080079ad   Thumb Code    22  stm32f4xx_tim.o(i.TIM_ITConfig)
    TIM_TimeBaseInit                         0x080079c5   Thumb Code   120  stm32f4xx_tim.o(i.TIM_TimeBaseInit)
    Trilateration_EKF                        0x08007c21   Thumb Code   386  trilateration_ekf.o(i.Trilateration_EKF)
    UI_Init                                  0x08007e09   Thumb Code   420  ui.o(i.UI_Init)
    UI_Input_Button_down                     0x08007fe5   Thumb Code    48  ui.o(i.UI_Input_Button_down)
    UI_Input_Button_up                       0x08008019   Thumb Code    84  ui.o(i.UI_Input_Button_up)
    UI_Input_Num                             0x0800807d   Thumb Code   136  ui.o(i.UI_Input_Num)
    UI_Map_Draw_Anchor                       0x080082c1   Thumb Code   116  ui.o(i.UI_Map_Draw_Anchor)
    UI_Map_Draw_Border                       0x08008339   Thumb Code    36  ui.o(i.UI_Map_Draw_Border)
    UI_Map_Draw_Horizen_Distance             0x08008365   Thumb Code    54  ui.o(i.UI_Map_Draw_Horizen_Distance)
    UI_Map_Draw_Tag                          0x080083b5   Thumb Code   260  ui.o(i.UI_Map_Draw_Tag)
    UI_Map_Draw_Vertical_Distance            0x080084d9   Thumb Code    92  ui.o(i.UI_Map_Draw_Vertical_Distance)
    UI_Opts_Position                         0x0800854d   Thumb Code   390  ui.o(i.UI_Opts_Position)
    USART1_IRQHandler                        0x080088ed   Thumb Code    98  usart.o(i.USART1_IRQHandler)
    USART3_IRQHandler                        0x0800895d   Thumb Code    98  usart3.o(i.USART3_IRQHandler)
    USART_ClearFlag                          0x080089cd   Thumb Code    10  stm32f4xx_usart_1.o(i.USART_ClearFlag)
    USART_Cmd                                0x080089d7   Thumb Code    24  stm32f4xx_usart_1.o(i.USART_Cmd)
    USART_GetFlagStatus                      0x080089ef   Thumb Code    14  stm32f4xx_usart_1.o(i.USART_GetFlagStatus)
    USART_GetITStatus                        0x080089fd   Thumb Code    72  stm32f4xx_usart_1.o(i.USART_GetITStatus)
    USART_ITConfig                           0x08008a45   Thumb Code    58  stm32f4xx_usart_1.o(i.USART_ITConfig)
    USART_Init                               0x08008a81   Thumb Code   202  stm32f4xx_usart_1.o(i.USART_Init)
    USART_ReceiveData                        0x08008b51   Thumb Code     8  stm32f4xx_usart_1.o(i.USART_ReceiveData)
    USART_SendData                           0x08008b59   Thumb Code     8  stm32f4xx_usart_1.o(i.USART_SendData)
    UsageFault_Handler                       0x08008b61   Thumb Code     2  stm32f4xx_it.o(i.UsageFault_Handler)
    XPT2046_Get_TouchedPoint                 0x08008d5d   Thumb Code   158  bsp_xpt2046_lcd.o(i.XPT2046_Get_TouchedPoint)
    XPT2046_Init                             0x08008e01   Thumb Code   132  bsp_xpt2046_lcd.o(i.XPT2046_Init)
    XPT2046_TouchDetect                      0x08009059   Thumb Code   114  bsp_xpt2046_lcd.o(i.XPT2046_TouchDetect)
    XPT2046_TouchDown                        0x080090d5   Thumb Code    28  bsp_xpt2046_lcd.o(i.XPT2046_TouchDown)
    XPT2046_TouchEvenHandler                 0x080090f5   Thumb Code    58  bsp_xpt2046_lcd.o(i.XPT2046_TouchEvenHandler)
    XPT2046_TouchUp                          0x08009139   Thumb Code    22  bsp_xpt2046_lcd.o(i.XPT2046_TouchUp)
    XPT2046_Touch_Calibrate                  0x08009151   Thumb Code   666  bsp_xpt2046_lcd.o(i.XPT2046_Touch_Calibrate)
    __ARM_fpclassify                         0x080094c1   Thumb Code    48  fpclassify.o(i.__ARM_fpclassify)
    __hardfp___mathlib_tofloat               0x080094f1   Thumb Code   232  narrow.o(i.__hardfp___mathlib_tofloat)
    __hardfp_atof                            0x080095e9   Thumb Code    44  atof.o(i.__hardfp_atof)
    __hardfp_ldexp                           0x08009621   Thumb Code   200  ldexp.o(i.__hardfp_ldexp)
    __hardfp_pow                             0x080096f1   Thumb Code  3072  pow.o(i.__hardfp_pow)
    __kernel_poly                            0x0800a341   Thumb Code   248  poly.o(i.__kernel_poly)
    __mathlib_dbl_divzero                    0x0800a439   Thumb Code    28  dunder.o(i.__mathlib_dbl_divzero)
    __mathlib_dbl_infnan2                    0x0800a469   Thumb Code    20  dunder.o(i.__mathlib_dbl_infnan2)
    __mathlib_dbl_invalid                    0x0800a481   Thumb Code    24  dunder.o(i.__mathlib_dbl_invalid)
    __mathlib_dbl_overflow                   0x0800a4a1   Thumb Code    24  dunder.o(i.__mathlib_dbl_overflow)
    __mathlib_dbl_underflow                  0x0800a4c1   Thumb Code    24  dunder.o(i.__mathlib_dbl_underflow)
    __mathlib_narrow                         0x0800a4e1   Thumb Code    18  narrow.o(i.__mathlib_narrow)
    __support_ldexp                          0x0800a4f3   Thumb Code    20  ldexp.o(i.__support_ldexp)
    _dwt_aonarrayupload                      0x0800a507   Thumb Code    26  deca_device.o(i._dwt_aonarrayupload)
    _dwt_configlde                           0x0800a521   Thumb Code    54  deca_device.o(i._dwt_configlde)
    _dwt_disablesequencing                   0x0800a557   Thumb Code    22  deca_device.o(i._dwt_disablesequencing)
    _dwt_enableclocks                        0x0800a56d   Thumb Code   238  deca_device.o(i._dwt_enableclocks)
    _dwt_loaducodefromrom                    0x0800a65b   Thumb Code    36  deca_device.o(i._dwt_loaducodefromrom)
    _dwt_otpread                             0x0800a67f   Thumb Code    44  deca_device.o(i._dwt_otpread)
    _is_digit                                0x0800a6ab   Thumb Code    14  __printf_wp.o(i._is_digit)
    _sys_exit                                0x0800a6b9   Thumb Code     2  usart.o(i._sys_exit)
    algor_EKF                                0x0800a6c1   Thumb Code   580  trilateration_ekf.o(i.algor_EKF)
    blkdiag                                  0x0800a9a9   Thumb Code   216  matrix.o(i.blkdiag)
    deca_sleep                               0x0800aa85   Thumb Code     4  deca_sleep.o(i.deca_sleep)
    decamutexoff                             0x0800aa89   Thumb Code    14  deca_mutex.o(i.decamutexoff)
    decamutexon                              0x0800aa9d   Thumb Code    22  deca_mutex.o(i.decamutexon)
    delay_init                               0x0800aab9   Thumb Code    38  delay.o(i.delay_init)
    delay_ms                                 0x0800aae5   Thumb Code    56  delay.o(i.delay_ms)
    delay_us                                 0x0800ab1d   Thumb Code    50  delay.o(i.delay_us)
    delay_xms                                0x0800ab55   Thumb Code    50  delay.o(i.delay_xms)
    ds_twr_initiator                         0x0800ad11   Thumb Code   332  ds_twr_init.o(i.ds_twr_initiator)
    dw_init                                  0x0800af49   Thumb Code   150  dw1000.o(i.dw_init)
    dwt_configure                            0x0800b02d   Thumb Code   498  deca_device.o(i.dwt_configure)
    dwt_forcetrxoff                          0x0800b251   Thumb Code    78  deca_device.o(i.dwt_forcetrxoff)
    dwt_initialise                           0x0800b2a9   Thumb Code   406  deca_device.o(i.dwt_initialise)
    dwt_read16bitoffsetreg                   0x0800b449   Thumb Code    30  deca_device.o(i.dwt_read16bitoffsetreg)
    dwt_read32bitoffsetreg                   0x0800b467   Thumb Code    36  deca_device.o(i.dwt_read32bitoffsetreg)
    dwt_read8bitoffsetreg                    0x0800b48b   Thumb Code    20  deca_device.o(i.dwt_read8bitoffsetreg)
    dwt_readdevid                            0x0800b49f   Thumb Code     8  deca_device.o(i.dwt_readdevid)
    dwt_readfromdevice                       0x0800b4a7   Thumb Code    62  deca_device.o(i.dwt_readfromdevice)
    dwt_readrxdata                           0x0800b4e5   Thumb Code    14  deca_device.o(i.dwt_readrxdata)
    dwt_readrxtimestamp                      0x0800b4f3   Thumb Code    12  deca_device.o(i.dwt_readrxtimestamp)
    dwt_readtxtimestamp                      0x0800b4ff   Thumb Code    12  deca_device.o(i.dwt_readtxtimestamp)
    dwt_rxenable                             0x0800b50b   Thumb Code    88  deca_device.o(i.dwt_rxenable)
    dwt_rxreset                              0x0800b563   Thumb Code    26  deca_device.o(i.dwt_rxreset)
    dwt_setdelayedtrxtime                    0x0800b57d   Thumb Code    10  deca_device.o(i.dwt_setdelayedtrxtime)
    dwt_setpreambledetecttimeout             0x0800b587   Thumb Code    10  deca_device.o(i.dwt_setpreambledetecttimeout)
    dwt_setrxaftertxdelay                    0x0800b591   Thumb Code    36  deca_device.o(i.dwt_setrxaftertxdelay)
    dwt_setrxantennadelay                    0x0800b5b5   Thumb Code    12  deca_device.o(i.dwt_setrxantennadelay)
    dwt_setrxtimeout                         0x0800b5c1   Thumb Code    80  deca_device.o(i.dwt_setrxtimeout)
    dwt_settxantennadelay                    0x0800b615   Thumb Code    10  deca_device.o(i.dwt_settxantennadelay)
    dwt_setxtaltrim                          0x0800b61f   Thumb Code    16  deca_device.o(i.dwt_setxtaltrim)
    dwt_softreset                            0x0800b631   Thumb Code    66  deca_device.o(i.dwt_softreset)
    dwt_starttx                              0x0800b679   Thumb Code    86  deca_device.o(i.dwt_starttx)
    dwt_syncrxbufptrs                        0x0800b6d5   Thumb Code    40  deca_device.o(i.dwt_syncrxbufptrs)
    dwt_write16bitoffsetreg                  0x0800b6fd   Thumb Code    26  deca_device.o(i.dwt_write16bitoffsetreg)
    dwt_write32bitoffsetreg                  0x0800b717   Thumb Code    32  deca_device.o(i.dwt_write32bitoffsetreg)
    dwt_write8bitoffsetreg                   0x0800b737   Thumb Code    18  deca_device.o(i.dwt_write8bitoffsetreg)
    dwt_writetodevice                        0x0800b749   Thumb Code    68  deca_device.o(i.dwt_writetodevice)
    dwt_writetxdata                          0x0800b78d   Thumb Code    34  deca_device.o(i.dwt_writetxdata)
    dwt_writetxfctrl                         0x0800b7b1   Thumb Code    26  deca_device.o(i.dwt_writetxfctrl)
    fabs                                     0x0800b7d1   Thumb Code    24  fabs.o(i.fabs)
    fputc                                    0x0800b7fd   Thumb Code    16  usart.o(i.fputc)
    frexp                                    0x0800b811   Thumb Code   118  frexp.o(i.frexp)
    getRandom                                0x0800b89d   Thumb Code    30  esp8266.o(i.getRandom)
    main                                     0x0800bc61   Thumb Code   200  main.o(i.main)
    measurement_gps                          0x0800bd49   Thumb Code   618  trilateration_ekf.o(i.measurement_gps)
    peripherals_init                         0x0800bfcd   Thumb Code    98  port.o(i.peripherals_init)
    printf3                                  0x0800c041   Thumb Code    64  usart3.o(i.printf3)
    readfromspi                              0x0800c085   Thumb Code   124  deca_spi.o(i.readfromspi)
    reset_DW1000                             0x0800c109   Thumb Code    80  port.o(i.reset_DW1000)
    sleep_ms                                 0x0800c15d   Thumb Code     2  deca_sleep.o(i.sleep_ms)
    spi_peripheral_init                      0x0800c161   Thumb Code   224  port.o(i.spi_peripheral_init)
    spi_set_rate_high                        0x0800c249   Thumb Code     6  port.o(i.spi_set_rate_high)
    spi_set_rate_low                         0x0800c24f   Thumb Code     6  port.o(i.spi_set_rate_low)
    sqrt                                     0x0800c255   Thumb Code   110  sqrt.o(i.sqrt)
    state_equ                                0x0800c2c5   Thumb Code    96  trilateration_ekf.o(i.state_equ)
    state_propagation                        0x0800c329   Thumb Code    48  trilateration_ekf.o(i.state_propagation)
    toHex                                    0x0800c35d   Thumb Code     2  esp8266.o(i.toHex)
    uart3_init                               0x0800c361   Thumb Code   170  usart3.o(i.uart3_init)
    uart_init                                0x0800c415   Thumb Code   164  usart.o(i.uart_init)
    writetospi                               0x0800c4c1   Thumb Code   120  deca_spi.o(i.writetospi)
    _get_lc_numeric                          0x0800c541   Thumb Code    44  lc_numeric_c.o(locale$$code)
    _get_lc_ctype                            0x0800c56d   Thumb Code    44  lc_ctype_c.o(locale$$code)
    __aeabi_dneg                             0x0800c599   Thumb Code     0  basic.o(x$fpl$basic)
    _dneg                                    0x0800c599   Thumb Code     6  basic.o(x$fpl$basic)
    __aeabi_fneg                             0x0800c59f   Thumb Code     0  basic.o(x$fpl$basic)
    _fneg                                    0x0800c59f   Thumb Code     6  basic.o(x$fpl$basic)
    _dabs                                    0x0800c5a5   Thumb Code     6  basic.o(x$fpl$basic)
    _fabs                                    0x0800c5ab   Thumb Code     6  basic.o(x$fpl$basic)
    __aeabi_d2f                              0x0800c5b1   Thumb Code     0  d2f.o(x$fpl$d2f)
    _d2f                                     0x0800c5b1   Thumb Code    98  d2f.o(x$fpl$d2f)
    __aeabi_dadd                             0x0800c615   Thumb Code     0  daddsub_clz.o(x$fpl$dadd)
    _dadd                                    0x0800c615   Thumb Code   332  daddsub_clz.o(x$fpl$dadd)
    __fpl_dcheck_NaN1                        0x0800c765   Thumb Code    10  dcheck1.o(x$fpl$dcheck1)
    __fpl_dcmp_Inf                           0x0800c775   Thumb Code    24  dcmpi.o(x$fpl$dcmpinf)
    __aeabi_ddiv                             0x0800c78d   Thumb Code     0  ddiv.o(x$fpl$ddiv)
    _ddiv                                    0x0800c78d   Thumb Code   552  ddiv.o(x$fpl$ddiv)
    __aeabi_cdcmpeq                          0x0800ca3d   Thumb Code     0  deqf.o(x$fpl$deqf)
    _dcmpeq                                  0x0800ca3d   Thumb Code   120  deqf.o(x$fpl$deqf)
    __aeabi_d2uiz                            0x0800cab5   Thumb Code     0  dfixu.o(x$fpl$dfixu)
    _dfixu                                   0x0800cab5   Thumb Code    90  dfixu.o(x$fpl$dfixu)
    __aeabi_i2d                              0x0800cb0f   Thumb Code     0  dflt_clz.o(x$fpl$dflt)
    _dflt                                    0x0800cb0f   Thumb Code    46  dflt_clz.o(x$fpl$dflt)
    __aeabi_ui2d                             0x0800cb3d   Thumb Code     0  dflt_clz.o(x$fpl$dfltu)
    _dfltu                                   0x0800cb3d   Thumb Code    38  dflt_clz.o(x$fpl$dfltu)
    __aeabi_cdcmple                          0x0800cb65   Thumb Code     0  dleqf.o(x$fpl$dleqf)
    _dcmple                                  0x0800cb65   Thumb Code   120  dleqf.o(x$fpl$dleqf)
    __fpl_dcmple_InfNaN                      0x0800cbc7   Thumb Code     0  dleqf.o(x$fpl$dleqf)
    __aeabi_dmul                             0x0800cbdd   Thumb Code     0  dmul.o(x$fpl$dmul)
    _dmul                                    0x0800cbdd   Thumb Code   332  dmul.o(x$fpl$dmul)
    __fpl_dnaninf                            0x0800cd31   Thumb Code   156  dnaninf.o(x$fpl$dnaninf)
    __fpl_dretinf                            0x0800cdcd   Thumb Code    12  dretinf.o(x$fpl$dretinf)
    __aeabi_cdrcmple                         0x0800cdd9   Thumb Code     0  drleqf.o(x$fpl$drleqf)
    _drcmple                                 0x0800cdd9   Thumb Code   108  drleqf.o(x$fpl$drleqf)
    __aeabi_drsub                            0x0800ce45   Thumb Code     0  daddsub_clz.o(x$fpl$drsb)
    _drsb                                    0x0800ce45   Thumb Code    22  daddsub_clz.o(x$fpl$drsb)
    _dsqrt                                   0x0800ce5d   Thumb Code   404  dsqrt_umaal.o(x$fpl$dsqrt)
    __aeabi_dsub                             0x0800cff5   Thumb Code     0  daddsub_clz.o(x$fpl$dsub)
    _dsub                                    0x0800cff5   Thumb Code   464  daddsub_clz.o(x$fpl$dsub)
    __aeabi_f2d                              0x0800d1c9   Thumb Code     0  f2d.o(x$fpl$f2d)
    _f2d                                     0x0800d1c9   Thumb Code    86  f2d.o(x$fpl$f2d)
    __fpl_fnaninf                            0x0800d21f   Thumb Code   140  fnaninf.o(x$fpl$fnaninf)
    _fp_init                                 0x0800d2ab   Thumb Code    10  fpinit.o(x$fpl$fpinit)
    __fplib_config_fpu_vfp                   0x0800d2b3   Thumb Code     0  fpinit.o(x$fpl$fpinit)
    __fplib_config_pureend_doubles           0x0800d2b3   Thumb Code     0  fpinit.o(x$fpl$fpinit)
    __fpl_fretinf                            0x0800d2b5   Thumb Code    10  fretinf.o(x$fpl$fretinf)
    __ieee_status                            0x0800d2bf   Thumb Code     6  istatus.o(x$fpl$ieeestatus)
    _printf_fp_dec                           0x0800d2c5   Thumb Code     4  printf1.o(x$fpl$printf1)
    __fpl_return_NaN                         0x0800d2c9   Thumb Code   100  retnan.o(x$fpl$retnan)
    __ARM_scalbn                             0x0800d32d   Thumb Code    92  scalbn.o(x$fpl$scalbn)
    _scanf_real                              0x0800d389   Thumb Code     4  scanf1.o(x$fpl$scanf1)
    _scanf_hex_real                          0x0800d38d   Thumb Code     4  scanf2.o(x$fpl$scanf2)
    _scanf_infnan                            0x0800d391   Thumb Code     4  scanf2.o(x$fpl$scanf2)
    __fpl_cmpreturn                          0x0800d395   Thumb Code    48  trapv.o(x$fpl$trapveneer)
    __I$use$fp                               0x0800d3c4   Number         0  usenofp.o(x$fpl$usenofp)
    asc2_1206                                0x0800d3c4   Data        1140  lcd.o(.constdata)
    asc2_1608                                0x0800d838   Data        1520  lcd.o(.constdata)
    asc2_2412                                0x0800de28   Data        3420  lcd.o(.constdata)
    ASCII8x16_Table                          0x0800eb9c   Data        1520  fonts.o(.constdata)
    chan_idx                                 0x0800f18c   Data           8  deca_params_init.o(.constdata)
    tx_config                                0x0800f194   Data          24  deca_params_init.o(.constdata)
    fs_pll_cfg                               0x0800f1ac   Data          24  deca_params_init.o(.constdata)
    fs_pll_tune                              0x0800f1c4   Data           6  deca_params_init.o(.constdata)
    rx_config                                0x0800f1ca   Data           2  deca_params_init.o(.constdata)
    agc_config                               0x0800f1cc   Data           8  deca_params_init.o(.constdata)
    dwnsSFDlen                               0x0800f1d4   Data           3  deca_params_init.o(.constdata)
    sftsh                                    0x0800f1d8   Data          12  deca_params_init.o(.constdata)
    dtune1                                   0x0800f1e4   Data           4  deca_params_init.o(.constdata)
    digital_bb_config                        0x0800f1e8   Data          32  deca_params_init.o(.constdata)
    lde_replicaCoeff                         0x0800f208   Data          50  deca_params_init.o(.constdata)
    Product_Connect                          0x0800f268   Data         116  esp8266.o(.constdata)
    Product_Publish_post                     0x0800f2dc   Data          52  esp8266.o(.constdata)
    __mathlib_zero                           0x0800f488   Data           8  qnan.o(.constdata)
    Region$$Table$$Base                      0x0800f5cc   Number         0  anon$$obj.o(Region$$Table)
    Region$$Table$$Limit                     0x0800f5ec   Number         0  anon$$obj.o(Region$$Table)
    __aeabi_HUGE_VAL                         0x0800f5ec   Data           0  fpconst.o(c$$dinf)
    __aeabi_HUGE_VALL                        0x0800f5ec   Data           0  fpconst.o(c$$dinf)
    __aeabi_INFINITY                         0x0800f5ec   Data           0  fpconst.o(c$$dinf)
    __dInf                                   0x0800f5ec   Data           0  fpconst.o(c$$dinf)
    __huge_val                               0x0800f5ec   Data           0  fpconst.o(c$$dinf)
    __dbl_max                                0x0800f5f4   Data           0  fpconst.o(c$$dmax)
    __ctype                                  0x0800f625   Data           0  lc_ctype_c.o(locale$$data)
    POINT_COLOR                              0x20000000   Data           2  lcd.o(.data)
    BACK_COLOR                               0x20000002   Data           2  lcd.o(.data)
    Font8x16                                 0x2000000c   Data           8  fonts.o(.data)
    TIM3_TIMEUP                              0x20000018   Data           1  timer.o(.data)
    tag_sn                                   0x20000020   Data           1  ds_twr_init.o(.data)
    tag_sn_idx                               0x20000021   Data           1  ds_twr_init.o(.data)
    tag_total                                0x20000022   Data           1  ds_twr_init.o(.data)
    LSB                                      0x20000028   Data           4  ds_twr_init.o(.data)
    MSB                                      0x2000002c   Data           4  ds_twr_init.o(.data)
    ucXPT2046_TouchFlag                      0x200000a0   Data           1  bsp_xpt2046_lcd.o(.data)
    strXPT2046_TouchPara                     0x200000b0   Data         192  bsp_xpt2046_lcd.o(.data)
    LCD_SCAN_MODE                            0x20000170   Data           1  bsp_ili9341_lcd.o(.data)
    LCD_X_LENGTH                             0x20000172   Data           2  bsp_ili9341_lcd.o(.data)
    LCD_Y_LENGTH                             0x20000174   Data           2  bsp_ili9341_lcd.o(.data)
    P                                        0x200002a4   Data         256  trilateration_ekf.o(.data)
    R                                        0x200003a4   Data          36  trilateration_ekf.o(.data)
    G                                        0x200003c8   Data         256  trilateration_ekf.o(.data)
    USART3_RX_STA                            0x200004c8   Data           2  usart3.o(.data)
    USART_RX_STA                             0x200004ce   Data           2  usart.o(.data)
    __stdout                                 0x200004d0   Data           4  usart.o(.data)
    lcddev                                   0x200004e4   Data          14  lcd.o(.bss)
    tag                                      0x20000798   Data         200  ds_twr_init.o(.bss)
    Anchor_vec                               0x200008a8   Data          72  trilateration_basic.o(.bss)
    Result_2d                                0x200008f0   Data          16  trilateration_basic.o(.bss)
    USART3_RX_BUF                            0x200016a4   Data         200  usart3.o(.bss)
    USART_RX_BUF                             0x2000176c   Data         200  usart.o(.bss)
    __libspace_start                         0x20001834   Data          96  libspace.o(.bss)
    __temporary_stack_top$libspace           0x20001894   Data           0  libspace.o(.bss)



==============================================================================

Memory Map of the image

  Image Entry point : 0x08000189

  Load Region LR_IROM1 (Base: 0x08000000, Size: 0x0000fc0c, Max: 0x00100000, ABSOLUTE, COMPRESSED[0x0000f884])

    Execution Region ER_IROM1 (Exec base: 0x08000000, Load base: 0x08000000, Size: 0x0000f728, Max: 0x00100000, ABSOLUTE)

    Exec Addr    Load Addr    Size         Type   Attr      Idx    E Section Name        Object

    0x08000000   0x08000000   0x00000188   Data   RO         3254    RESET               startup_stm32f40_41xxx.o
    0x08000188   0x08000188   0x00000008   Code   RO         5820  * !!!main             c_w.l(__main.o)
    0x08000190   0x08000190   0x00000034   Code   RO         6237    !!!scatter          c_w.l(__scatter.o)
    0x080001c4   0x080001c4   0x0000005a   Code   RO         6235    !!dczerorl2         c_w.l(__dczerorl2.o)
    0x0800021e   0x0800021e   0x00000002   PAD
    0x08000220   0x08000220   0x0000001c   Code   RO         6239    !!handler_zi        c_w.l(__scatter_zi.o)
    0x0800023c   0x0800023c   0x00000000   Code   RO         5805    .ARM.Collect$$_printf_percent$$00000000  c_w.l(_printf_percent.o)
    0x0800023c   0x0800023c   0x00000006   Code   RO         5804    .ARM.Collect$$_printf_percent$$00000003  c_w.l(_printf_f.o)
    0x08000242   0x08000242   0x00000006   Code   RO         5803    .ARM.Collect$$_printf_percent$$00000009  c_w.l(_printf_d.o)
    0x08000248   0x08000248   0x00000006   Code   RO         5802    .ARM.Collect$$_printf_percent$$0000000C  c_w.l(_printf_x.o)
    0x0800024e   0x0800024e   0x00000006   Code   RO         5801    .ARM.Collect$$_printf_percent$$00000014  c_w.l(_printf_s.o)
    0x08000254   0x08000254   0x00000004   Code   RO         5930    .ARM.Collect$$_printf_percent$$00000017  c_w.l(_printf_percent_end.o)
    0x08000258   0x08000258   0x00000002   Code   RO         6062    .ARM.Collect$$libinit$$00000000  c_w.l(libinit.o)
    0x0800025a   0x0800025a   0x00000004   Code   RO         6063    .ARM.Collect$$libinit$$00000001  c_w.l(libinit2.o)
    0x0800025e   0x0800025e   0x00000000   Code   RO         6066    .ARM.Collect$$libinit$$00000004  c_w.l(libinit2.o)
    0x0800025e   0x0800025e   0x00000000   Code   RO         6069    .ARM.Collect$$libinit$$0000000A  c_w.l(libinit2.o)
    0x0800025e   0x0800025e   0x00000000   Code   RO         6071    .ARM.Collect$$libinit$$0000000C  c_w.l(libinit2.o)
    0x0800025e   0x0800025e   0x00000000   Code   RO         6073    .ARM.Collect$$libinit$$0000000E  c_w.l(libinit2.o)
    0x0800025e   0x0800025e   0x00000006   Code   RO         6074    .ARM.Collect$$libinit$$0000000F  c_w.l(libinit2.o)
    0x08000264   0x08000264   0x00000000   Code   RO         6076    .ARM.Collect$$libinit$$00000011  c_w.l(libinit2.o)
    0x08000264   0x08000264   0x0000000c   Code   RO         6077    .ARM.Collect$$libinit$$00000012  c_w.l(libinit2.o)
    0x08000270   0x08000270   0x00000000   Code   RO         6078    .ARM.Collect$$libinit$$00000013  c_w.l(libinit2.o)
    0x08000270   0x08000270   0x00000000   Code   RO         6080    .ARM.Collect$$libinit$$00000015  c_w.l(libinit2.o)
    0x08000270   0x08000270   0x0000000a   Code   RO         6081    .ARM.Collect$$libinit$$00000016  c_w.l(libinit2.o)
    0x0800027a   0x0800027a   0x00000000   Code   RO         6082    .ARM.Collect$$libinit$$00000017  c_w.l(libinit2.o)
    0x0800027a   0x0800027a   0x00000000   Code   RO         6084    .ARM.Collect$$libinit$$00000019  c_w.l(libinit2.o)
    0x0800027a   0x0800027a   0x00000000   Code   RO         6086    .ARM.Collect$$libinit$$0000001B  c_w.l(libinit2.o)
    0x0800027a   0x0800027a   0x00000000   Code   RO         6088    .ARM.Collect$$libinit$$0000001D  c_w.l(libinit2.o)
    0x0800027a   0x0800027a   0x00000000   Code   RO         6090    .ARM.Collect$$libinit$$0000001F  c_w.l(libinit2.o)
    0x0800027a   0x0800027a   0x00000000   Code   RO         6092    .ARM.Collect$$libinit$$00000021  c_w.l(libinit2.o)
    0x0800027a   0x0800027a   0x00000000   Code   RO         6094    .ARM.Collect$$libinit$$00000023  c_w.l(libinit2.o)
    0x0800027a   0x0800027a   0x00000000   Code   RO         6096    .ARM.Collect$$libinit$$00000025  c_w.l(libinit2.o)
    0x0800027a   0x0800027a   0x00000000   Code   RO         6100    .ARM.Collect$$libinit$$0000002C  c_w.l(libinit2.o)
    0x0800027a   0x0800027a   0x00000000   Code   RO         6102    .ARM.Collect$$libinit$$0000002E  c_w.l(libinit2.o)
    0x0800027a   0x0800027a   0x00000000   Code   RO         6104    .ARM.Collect$$libinit$$00000030  c_w.l(libinit2.o)
    0x0800027a   0x0800027a   0x00000000   Code   RO         6106    .ARM.Collect$$libinit$$00000032  c_w.l(libinit2.o)
    0x0800027a   0x0800027a   0x00000002   Code   RO         6107    .ARM.Collect$$libinit$$00000033  c_w.l(libinit2.o)
    0x0800027c   0x0800027c   0x00000002   Code   RO         6169    .ARM.Collect$$libshutdown$$00000000  c_w.l(libshutdown.o)
    0x0800027e   0x0800027e   0x00000000   Code   RO         6194    .ARM.Collect$$libshutdown$$00000002  c_w.l(libshutdown2.o)
    0x0800027e   0x0800027e   0x00000000   Code   RO         6196    .ARM.Collect$$libshutdown$$00000004  c_w.l(libshutdown2.o)
    0x0800027e   0x0800027e   0x00000000   Code   RO         6199    .ARM.Collect$$libshutdown$$00000007  c_w.l(libshutdown2.o)
    0x0800027e   0x0800027e   0x00000000   Code   RO         6202    .ARM.Collect$$libshutdown$$0000000A  c_w.l(libshutdown2.o)
    0x0800027e   0x0800027e   0x00000000   Code   RO         6204    .ARM.Collect$$libshutdown$$0000000C  c_w.l(libshutdown2.o)
    0x0800027e   0x0800027e   0x00000000   Code   RO         6207    .ARM.Collect$$libshutdown$$0000000F  c_w.l(libshutdown2.o)
    0x0800027e   0x0800027e   0x00000002   Code   RO         6208    .ARM.Collect$$libshutdown$$00000010  c_w.l(libshutdown2.o)
    0x08000280   0x08000280   0x00000000   Code   RO         5910    .ARM.Collect$$rtentry$$00000000  c_w.l(__rtentry.o)
    0x08000280   0x08000280   0x00000000   Code   RO         5973    .ARM.Collect$$rtentry$$00000002  c_w.l(__rtentry2.o)
    0x08000280   0x08000280   0x00000006   Code   RO         5985    .ARM.Collect$$rtentry$$00000004  c_w.l(__rtentry4.o)
    0x08000286   0x08000286   0x00000000   Code   RO         5975    .ARM.Collect$$rtentry$$00000009  c_w.l(__rtentry2.o)
    0x08000286   0x08000286   0x00000004   Code   RO         5976    .ARM.Collect$$rtentry$$0000000A  c_w.l(__rtentry2.o)
    0x0800028a   0x0800028a   0x00000000   Code   RO         5978    .ARM.Collect$$rtentry$$0000000C  c_w.l(__rtentry2.o)
    0x0800028a   0x0800028a   0x00000008   Code   RO         5979    .ARM.Collect$$rtentry$$0000000D  c_w.l(__rtentry2.o)
    0x08000292   0x08000292   0x00000002   Code   RO         6110    .ARM.Collect$$rtexit$$00000000  c_w.l(rtexit.o)
    0x08000294   0x08000294   0x00000000   Code   RO         6137    .ARM.Collect$$rtexit$$00000002  c_w.l(rtexit2.o)
    0x08000294   0x08000294   0x00000004   Code   RO         6138    .ARM.Collect$$rtexit$$00000003  c_w.l(rtexit2.o)
    0x08000298   0x08000298   0x00000006   Code   RO         6139    .ARM.Collect$$rtexit$$00000004  c_w.l(rtexit2.o)
    0x0800029e   0x0800029e   0x00000002   PAD
    0x080002a0   0x080002a0   0x00000040   Code   RO         3255    .text               startup_stm32f40_41xxx.o
    0x080002e0   0x080002e0   0x00000002   Code   RO         5740    .text               c_w.l(use_no_semi_2.o)
    0x080002e2   0x080002e2   0x00000002   PAD
    0x080002e4   0x080002e4   0x00000018   Code   RO         5748    .text               c_w.l(noretval__2printf.o)
    0x080002fc   0x080002fc   0x00000028   Code   RO         5750    .text               c_w.l(noretval__2sprintf.o)
    0x08000324   0x08000324   0x0000004e   Code   RO         5754    .text               c_w.l(_printf_pad.o)
    0x08000372   0x08000372   0x00000052   Code   RO         5756    .text               c_w.l(_printf_str.o)
    0x080003c4   0x080003c4   0x00000078   Code   RO         5758    .text               c_w.l(_printf_dec.o)
    0x0800043c   0x0800043c   0x00000058   Code   RO         5763    .text               c_w.l(_printf_hex_int.o)
    0x08000494   0x08000494   0x0000010e   Code   RO         5789    .text               c_w.l(__printf_wp.o)
    0x080005a2   0x080005a2   0x00000058   Code   RO         5808    .text               c_w.l(memcmp.o)
    0x080005fa   0x080005fa   0x0000003e   Code   RO         5810    .text               c_w.l(strlen.o)
    0x08000638   0x08000638   0x0000004e   Code   RO         5816    .text               c_w.l(rt_memclr_w.o)
    0x08000686   0x08000686   0x00000006   Code   RO         5818    .text               c_w.l(heapauxi.o)
    0x0800068c   0x0800068c   0x00000002   Code   RO         5908    .text               c_w.l(use_no_semi.o)
    0x0800068e   0x0800068e   0x00000002   PAD
    0x08000690   0x08000690   0x00000008   Code   RO         5914    .text               c_w.l(rt_errno_addr_intlibspace.o)
    0x08000698   0x08000698   0x00000016   Code   RO         5916    .text               c_w.l(_rserrno.o)
    0x080006ae   0x080006ae   0x000000b2   Code   RO         5918    .text               c_w.l(_printf_intcommon.o)
    0x08000760   0x08000760   0x0000041e   Code   RO         5920    .text               c_w.l(_printf_fp_dec.o)
    0x08000b7e   0x08000b7e   0x00000002   PAD
    0x08000b80   0x08000b80   0x00000030   Code   RO         5922    .text               c_w.l(_printf_char_common.o)
    0x08000bb0   0x08000bb0   0x0000000a   Code   RO         5924    .text               c_w.l(_sputc.o)
    0x08000bba   0x08000bba   0x0000002c   Code   RO         5926    .text               c_w.l(_printf_char.o)
    0x08000be6   0x08000be6   0x00000002   PAD
    0x08000be8   0x08000be8   0x00000024   Code   RO         5928    .text               c_w.l(_printf_char_file.o)
    0x08000c0c   0x08000c0c   0x000000a4   Code   RO         5931    .text               c_w.l(strtod.o)
    0x08000cb0   0x08000cb0   0x00000008   Code   RO         5969    .text               c_w.l(libspace.o)
    0x08000cb8   0x08000cb8   0x00000010   Code   RO         5987    .text               c_w.l(rt_ctype_table.o)
    0x08000cc8   0x08000cc8   0x00000008   Code   RO         5992    .text               c_w.l(rt_locale_intlibspace.o)
    0x08000cd0   0x08000cd0   0x0000008a   Code   RO         5994    .text               c_w.l(lludiv10.o)
    0x08000d5a   0x08000d5a   0x00000012   Code   RO         5996    .text               c_w.l(isspace.o)
    0x08000d6c   0x08000d6c   0x00000080   Code   RO         5998    .text               c_w.l(_printf_fp_infnan.o)
    0x08000dec   0x08000dec   0x00000040   Code   RO         6002    .text               c_w.l(_sgetc.o)
    0x08000e2c   0x08000e2c   0x000000e4   Code   RO         6006    .text               c_w.l(bigflt0.o)
    0x08000f10   0x08000f10   0x00000008   Code   RO         6031    .text               c_w.l(ferror.o)
    0x08000f18   0x08000f18   0x0000004a   Code   RO         6044    .text               c_w.l(sys_stackheap_outer.o)
    0x08000f62   0x08000f62   0x0000001c   Code   RO         6046    .text               c_w.l(_chval.o)
    0x08000f7e   0x08000f7e   0x00000002   PAD
    0x08000f80   0x08000f80   0x000004f8   Code   RO         6048    .text               c_w.l(scanf_fp.o)
    0x08001478   0x08001478   0x00000012   Code   RO         6053    .text               c_w.l(exit.o)
    0x0800148a   0x0800148a   0x00000002   PAD
    0x0800148c   0x0800148c   0x00000080   Code   RO         6055    .text               c_w.l(strcmpv7m.o)
    0x0800150c   0x0800150c   0x00000320   Code   RO         6143    .text               c_w.l(scanf_hexfp.o)
    0x0800182c   0x0800182c   0x00000134   Code   RO         6145    .text               c_w.l(scanf_infnan.o)
    0x08001960   0x08001960   0x00000026   Code   RO         6161    .text               c_w.l(llshl.o)
    0x08001986   0x08001986   0x0000003e   Code   RO         6009    CL$$btod_d2e        c_w.l(btod.o)
    0x080019c4   0x080019c4   0x00000046   Code   RO         6011    CL$$btod_d2e_denorm_low  c_w.l(btod.o)
    0x08001a0a   0x08001a0a   0x00000060   Code   RO         6010    CL$$btod_d2e_norm_op1  c_w.l(btod.o)
    0x08001a6a   0x08001a6a   0x00000338   Code   RO         6019    CL$$btod_div_common  c_w.l(btod.o)
    0x08001da2   0x08001da2   0x00000002   PAD
    0x08001da4   0x08001da4   0x00000084   Code   RO         6017    CL$$btod_e2d        c_w.l(btod.o)
    0x08001e28   0x08001e28   0x000000dc   Code   RO         6016    CL$$btod_e2e        c_w.l(btod.o)
    0x08001f04   0x08001f04   0x0000002a   Code   RO         6013    CL$$btod_ediv       c_w.l(btod.o)
    0x08001f2e   0x08001f2e   0x0000002a   Code   RO         6015    CL$$btod_edivd      c_w.l(btod.o)
    0x08001f58   0x08001f58   0x0000002a   Code   RO         6012    CL$$btod_emul       c_w.l(btod.o)
    0x08001f82   0x08001f82   0x0000002a   Code   RO         6014    CL$$btod_emuld      c_w.l(btod.o)
    0x08001fac   0x08001fac   0x00000244   Code   RO         6018    CL$$btod_mult_common  c_w.l(btod.o)
    0x080021f0   0x080021f0   0x00000018   Code   RO         5454    i.ADC_Cmd           stm32f4xx_adc.o
    0x08002208   0x08002208   0x0000002c   Code   RO         5455    i.ADC_CommonInit    stm32f4xx_adc.o
    0x08002234   0x08002234   0x00000006   Code   RO         5466    i.ADC_GetConversionValue  stm32f4xx_adc.o
    0x0800223a   0x0800223a   0x0000000e   Code   RO         5467    i.ADC_GetFlagStatus  stm32f4xx_adc.o
    0x08002248   0x08002248   0x00000058   Code   RO         5474    i.ADC_Init          stm32f4xx_adc.o
    0x080022a0   0x080022a0   0x00000090   Code   RO         5479    i.ADC_RegularChannelConfig  stm32f4xx_adc.o
    0x08002330   0x08002330   0x0000000a   Code   RO         5481    i.ADC_SoftwareStartConv  stm32f4xx_adc.o
    0x0800233a   0x0800233a   0x00000002   PAD
    0x0800233c   0x0800233c   0x00000084   Code   RO         2944    i.Adc_Init          adc.o
    0x080023c0   0x080023c0   0x00000048   Code   RO         2379    i.BTN_Init          btn.o
    0x08002408   0x08002408   0x00000002   Code   RO          168    i.BusFault_Handler  stm32f4xx_it.o
    0x0800240a   0x0800240a   0x00000002   PAD
    0x0800240c   0x0800240c   0x00000098   Code   RO         2524    i.Calibrate_or_Get_TouchParaWithFlash  bsp_xpt2046_lcd.o
    0x080024a4   0x080024a4   0x00000002   Code   RO          169    i.DebugMon_Handler  stm32f4xx_it.o
    0x080024a6   0x080024a6   0x00000002   PAD
    0x080024a8   0x080024a8   0x00000018   Code   RO         1678    i.EXTI_GetITEnStatus  port.o
    0x080024c0   0x080024c0   0x00000090   Code   RO         5392    i.EXTI_Init         stm32f4xx_exti.o
    0x08002550   0x08002550   0x000000a8   Code   RO         2985    i.Esp8266_Send      esp8266.o
    0x080025f8   0x080025f8   0x00000024   Code   RO         3414    i.FSMC_NORSRAMCmd   stm32f4xx_fsmc.o
    0x0800261c   0x0800261c   0x000000cc   Code   RO         3416    i.FSMC_NORSRAMInit  stm32f4xx_fsmc.o
    0x080026e8   0x080026e8   0x00000096   Code   RO         3306    i.GPIO_Init         stm32f4xx_gpio.o
    0x0800277e   0x0800277e   0x00000022   Code   RO         3307    i.GPIO_PinAFConfig  stm32f4xx_gpio.o
    0x080027a0   0x080027a0   0x0000000e   Code   RO         3310    i.GPIO_ReadInputDataBit  stm32f4xx_gpio.o
    0x080027ae   0x080027ae   0x00000004   Code   RO         3313    i.GPIO_ResetBits    stm32f4xx_gpio.o
    0x080027b2   0x080027b2   0x00000004   Code   RO         3314    i.GPIO_SetBits      stm32f4xx_gpio.o
    0x080027b6   0x080027b6   0x00000002   PAD
    0x080027b8   0x080027b8   0x00000030   Code   RO         2945    i.Get_Adc           adc.o
    0x080027e8   0x080027e8   0x00000002   Code   RO          170    i.HardFault_Handler  stm32f4xx_it.o
    0x080027ea   0x080027ea   0x0000002e   Code   RO         2525    i.ILI9341_DrawCross  bsp_xpt2046_lcd.o
    0x08002818   0x08002818   0x0000010c   Code   RO         2988    i.IOT_Pulish_Tagpos  esp8266.o
    0x08002924   0x08002924   0x00000074   Code   RO          326    i.LCD_Clear         lcd.o
    0x08002998   0x08002998   0x00000148   Code   RO          330    i.LCD_Display_Dir   lcd.o
    0x08002ae0   0x08002ae0   0x000000a6   Code   RO          331    i.LCD_DrawLine      lcd.o
    0x08002b86   0x08002b86   0x00000002   PAD
    0x08002b88   0x08002b88   0x0000001c   Code   RO          332    i.LCD_DrawPoint     lcd.o
    0x08002ba4   0x08002ba4   0x0000003e   Code   RO          333    i.LCD_DrawRectangle  lcd.o
    0x08002be2   0x08002be2   0x000000bc   Code   RO          334    i.LCD_Draw_Circle   lcd.o
    0x08002c9e   0x08002c9e   0x00000002   PAD
    0x08002ca0   0x08002ca0   0x0000015c   Code   RO          335    i.LCD_Fast_DrawPoint  lcd.o
    0x08002dfc   0x08002dfc   0x00000090   Code   RO          336    i.LCD_Fill          lcd.o
    0x08002e8c   0x08002e8c   0x000037c0   Code   RO          338    i.LCD_Init          lcd.o
    0x0800664c   0x0800664c   0x00000014   Code   RO          340    i.LCD_RD_DATA       lcd.o
    0x08006660   0x08006660   0x00000014   Code   RO          342    i.LCD_ReadReg       lcd.o
    0x08006674   0x08006674   0x00000004   PAD
    0x08006678   0x08006678   0x00000050   Code   RO          343    i.LCD_SSD_BackLightSet  lcd.o
    0x080066c8   0x080066c8   0x00000218   Code   RO          344    i.LCD_Scan_Dir      lcd.o
    0x080068e0   0x080068e0   0x00000188   Code   RO          345    i.LCD_SetCursor     lcd.o
    0x08006a68   0x08006a68   0x000000fc   Code   RO          347    i.LCD_ShowChar      lcd.o
    0x08006b64   0x08006b64   0x0000005a   Code   RO          350    i.LCD_ShowString    lcd.o
    0x08006bbe   0x08006bbe   0x0000005a   Code   RO          351    i.LCD_ShowString_Transcluent  lcd.o
    0x08006c18   0x08006c18   0x00000018   Code   RO          353    i.LCD_WR_DATA       lcd.o
    0x08006c30   0x08006c30   0x00000018   Code   RO          354    i.LCD_WR_REG        lcd.o
    0x08006c48   0x08006c48   0x00000014   Code   RO          356    i.LCD_WriteRAM_Prepare  lcd.o
    0x08006c5c   0x08006c5c   0x00000010   Code   RO          357    i.LCD_WriteReg      lcd.o
    0x08006c6c   0x08006c6c   0x00000040   Code   RO          302    i.LED_Init          led.o
    0x08006cac   0x08006cac   0x00000038   Code   RO         2125    i.MatrixAdd         matrix.o
    0x08006ce4   0x08006ce4   0x0000015a   Code   RO         2130    i.MatrixInv3        matrix.o
    0x08006e3e   0x08006e3e   0x00000038   Code   RO         2131    i.MatrixMinus       matrix.o
    0x08006e76   0x08006e76   0x00000002   PAD
    0x08006e78   0x08006e78   0x00000084   Code   RO         2133    i.MatrixMul         matrix.o
    0x08006efc   0x08006efc   0x00000044   Code   RO         2134    i.MatrixTrans       matrix.o
    0x08006f40   0x08006f40   0x0000002a   Code   RO         2136    i.Matrixmulc        matrix.o
    0x08006f6a   0x08006f6a   0x00000002   Code   RO          171    i.MemManage_Handler  stm32f4xx_it.o
    0x08006f6c   0x08006f6c   0x00000002   Code   RO          172    i.NMI_Handler       stm32f4xx_it.o
    0x08006f6e   0x08006f6e   0x00000002   PAD
    0x08006f70   0x08006f70   0x00000068   Code   RO         1679    i.NVIC_Configuration  port.o
    0x08006fd8   0x08006fd8   0x00000074   Code   RO         3261    i.NVIC_Init         misc.o
    0x0800704c   0x0800704c   0x00000014   Code   RO         3262    i.NVIC_PriorityGroupConfig  misc.o
    0x08007060   0x08007060   0x00000002   Code   RO          173    i.PendSV_Handler    stm32f4xx_it.o
    0x08007062   0x08007062   0x00000002   PAD
    0x08007064   0x08007064   0x0000001c   Code   RO         3534    i.RCC_AHB1PeriphClockCmd  stm32f4xx_rcc.o
    0x08007080   0x08007080   0x0000001c   Code   RO         3540    i.RCC_AHB3PeriphClockCmd  stm32f4xx_rcc.o
    0x0800709c   0x0800709c   0x0000001c   Code   RO         3543    i.RCC_APB1PeriphClockCmd  stm32f4xx_rcc.o
    0x080070b8   0x080070b8   0x0000001c   Code   RO         3545    i.RCC_APB1PeriphResetCmd  stm32f4xx_rcc.o
    0x080070d4   0x080070d4   0x0000001c   Code   RO         3546    i.RCC_APB2PeriphClockCmd  stm32f4xx_rcc.o
    0x080070f0   0x080070f0   0x0000001c   Code   RO         3548    i.RCC_APB2PeriphResetCmd  stm32f4xx_rcc.o
    0x0800710c   0x0800710c   0x000000b0   Code   RO         3555    i.RCC_GetClocksFreq  stm32f4xx_rcc.o
    0x080071bc   0x080071bc   0x00000014   Code   RO         1683    i.SPI_ChangeRate    port.o
    0x080071d0   0x080071d0   0x00000018   Code   RO         4118    i.SPI_Cmd           stm32f4xx_spi_1.o
    0x080071e8   0x080071e8   0x00000054   Code   RO          705    i.SPI_FLASH_BufferRead  bsp_spi_flash.o
    0x0800723c   0x0800723c   0x000000e2   Code   RO          706    i.SPI_FLASH_BufferWrite  bsp_spi_flash.o
    0x0800731e   0x0800731e   0x00000002   PAD
    0x08007320   0x08007320   0x0000002c   Code   RO          708    i.SPI_FLASH_Deinit  bsp_spi_flash.o
    0x0800734c   0x0800734c   0x000000d4   Code   RO          709    i.SPI_FLASH_Init    bsp_spi_flash.o
    0x08007420   0x08007420   0x0000009c   Code   RO          710    i.SPI_FLASH_PageWrite  bsp_spi_flash.o
    0x080074bc   0x080074bc   0x00000044   Code   RO          714    i.SPI_FLASH_SectorErase  bsp_spi_flash.o
    0x08007500   0x08007500   0x00000084   Code   RO          715    i.SPI_FLASH_SendByte  bsp_spi_flash.o
    0x08007584   0x08007584   0x00000044   Code   RO          718    i.SPI_FLASH_WaitForWriteEnd  bsp_spi_flash.o
    0x080075c8   0x080075c8   0x0000001c   Code   RO          719    i.SPI_FLASH_WriteEnable  bsp_spi_flash.o
    0x080075e4   0x080075e4   0x000000c4   Code   RO         4125    i.SPI_I2S_DeInit    stm32f4xx_spi_1.o
    0x080076a8   0x080076a8   0x0000000e   Code   RO         4126    i.SPI_I2S_GetFlagStatus  stm32f4xx_spi_1.o
    0x080076b6   0x080076b6   0x00000004   Code   RO         4129    i.SPI_I2S_ReceiveData  stm32f4xx_spi_1.o
    0x080076ba   0x080076ba   0x00000004   Code   RO         4130    i.SPI_I2S_SendData  stm32f4xx_spi_1.o
    0x080076be   0x080076be   0x00000054   Code   RO         4131    i.SPI_Init          stm32f4xx_spi_1.o
    0x08007712   0x08007712   0x00000018   Code   RO         4133    i.SPI_SSOutputCmd   stm32f4xx_spi_1.o
    0x0800772a   0x0800772a   0x00000002   PAD
    0x0800772c   0x0800772c   0x00000040   Code   RO          722    i.SPI_TIMEOUT_UserCallback  bsp_spi_flash.o
    0x0800776c   0x0800776c   0x00000002   Code   RO          174    i.SVC_Handler       stm32f4xx_it.o
    0x0800776e   0x0800776e   0x0000002e   Code   RO         3871    i.SYSCFG_EXTILineConfig  stm32f4xx_syscfg.o
    0x0800779c   0x0800779c   0x000000c0   Code   RO          265    i.SetSysClock       system_stm32f4xx.o
    0x0800785c   0x0800785c   0x0000000e   Code   RO         1865    i.Src_acquire       ds_twr_init.o
    0x0800786a   0x0800786a   0x0000001c   Code   RO         3265    i.SysTick_CLKSourceConfig  misc.o
    0x08007886   0x08007886   0x00000002   Code   RO          175    i.SysTick_Handler   stm32f4xx_it.o
    0x08007888   0x08007888   0x00000060   Code   RO          267    i.SystemInit        system_stm32f4xx.o
    0x080078e8   0x080078e8   0x00000028   Code   RO         1829    i.TIM3_IRQHandler   timer.o
    0x08007910   0x08007910   0x00000068   Code   RO         1830    i.TIM3_Int_Init     timer.o
    0x08007978   0x08007978   0x00000006   Code   RO         4835    i.TIM_ClearITPendingBit  stm32f4xx_tim.o
    0x0800797e   0x0800797e   0x00000018   Code   RO         4840    i.TIM_Cmd           stm32f4xx_tim.o
    0x08007996   0x08007996   0x00000016   Code   RO         4861    i.TIM_GetITStatus   stm32f4xx_tim.o
    0x080079ac   0x080079ac   0x00000016   Code   RO         4865    i.TIM_ITConfig      stm32f4xx_tim.o
    0x080079c2   0x080079c2   0x00000002   PAD
    0x080079c4   0x080079c4   0x00000080   Code   RO         4912    i.TIM_TimeBaseInit  stm32f4xx_tim.o
    0x08007a44   0x08007a44   0x00000004   PAD
    0x08007a48   0x08007a48   0x000001d4   Code   RO         1866    i.TWR_AXIS_CALC     ds_twr_init.o
    0x08007c1c   0x08007c1c   0x00000004   PAD
    0x08007c20   0x08007c20   0x000001ac   Code   RO         2890    i.Trilateration_EKF  trilateration_ekf.o
    0x08007dcc   0x08007dcc   0x0000003c   Code   RO          564    i.UI_Display_Header  ui.o
    0x08007e08   0x08007e08   0x000001dc   Code   RO          565    i.UI_Init           ui.o
    0x08007fe4   0x08007fe4   0x00000034   Code   RO          566    i.UI_Input_Button_down  ui.o
    0x08008018   0x08008018   0x00000064   Code   RO          567    i.UI_Input_Button_up  ui.o
    0x0800807c   0x0800807c   0x00000098   Code   RO          568    i.UI_Input_Num      ui.o
    0x08008114   0x08008114   0x000001ac   Code   RO          569    i.UI_Intput_Numpad  ui.o
    0x080082c0   0x080082c0   0x00000078   Code   RO          570    i.UI_Map_Draw_Anchor  ui.o
    0x08008338   0x08008338   0x0000002c   Code   RO          571    i.UI_Map_Draw_Border  ui.o
    0x08008364   0x08008364   0x00000050   Code   RO          572    i.UI_Map_Draw_Horizen_Distance  ui.o
    0x080083b4   0x080083b4   0x00000124   Code   RO          575    i.UI_Map_Draw_Tag   ui.o
    0x080084d8   0x080084d8   0x00000074   Code   RO          576    i.UI_Map_Draw_Vertical_Distance  ui.o
    0x0800854c   0x0800854c   0x00000210   Code   RO          578    i.UI_Opts_Position  ui.o
    0x0800875c   0x0800875c   0x000000ec   Code   RO          579    i.UI_Opts_cmd       ui.o
    0x08008848   0x08008848   0x000000a4   Code   RO          580    i.UI_Opts_opt       ui.o
    0x080088ec   0x080088ec   0x00000070   Code   RO         3204    i.USART1_IRQHandler  usart.o
    0x0800895c   0x0800895c   0x00000070   Code   RO         3107    i.USART3_IRQHandler  usart3.o
    0x080089cc   0x080089cc   0x0000000a   Code   RO         3924    i.USART_ClearFlag   stm32f4xx_usart_1.o
    0x080089d6   0x080089d6   0x00000018   Code   RO         3928    i.USART_Cmd         stm32f4xx_usart_1.o
    0x080089ee   0x080089ee   0x0000000e   Code   RO         3931    i.USART_GetFlagStatus  stm32f4xx_usart_1.o
    0x080089fc   0x080089fc   0x00000048   Code   RO         3932    i.USART_GetITStatus  stm32f4xx_usart_1.o
    0x08008a44   0x08008a44   0x0000003a   Code   RO         3934    i.USART_ITConfig    stm32f4xx_usart_1.o
    0x08008a7e   0x08008a7e   0x00000002   PAD
    0x08008a80   0x08008a80   0x000000d0   Code   RO         3935    i.USART_Init        stm32f4xx_usart_1.o
    0x08008b50   0x08008b50   0x00000008   Code   RO         3942    i.USART_ReceiveData  stm32f4xx_usart_1.o
    0x08008b58   0x08008b58   0x00000008   Code   RO         3945    i.USART_SendData    stm32f4xx_usart_1.o
    0x08008b60   0x08008b60   0x00000002   Code   RO          176    i.UsageFault_Handler  stm32f4xx_it.o
    0x08008b62   0x08008b62   0x000001dc   Code   RO         2526    i.XPT2046_Calculate_CalibrationFactor  bsp_xpt2046_lcd.o
    0x08008d3e   0x08008d3e   0x0000001e   Code   RO         2527    i.XPT2046_DelayUS   bsp_xpt2046_lcd.o
    0x08008d5c   0x08008d5c   0x000000a4   Code   RO         2528    i.XPT2046_Get_TouchedPoint  bsp_xpt2046_lcd.o
    0x08008e00   0x08008e00   0x0000008c   Code   RO         2529    i.XPT2046_Init      bsp_xpt2046_lcd.o
    0x08008e8c   0x08008e8c   0x0000000e   Code   RO         2530    i.XPT2046_ReadAdc   bsp_xpt2046_lcd.o
    0x08008e9a   0x08008e9a   0x00000002   PAD
    0x08008e9c   0x08008e9c   0x00000148   Code   RO         2531    i.XPT2046_ReadAdc_Smooth_XY  bsp_xpt2046_lcd.o
    0x08008fe4   0x08008fe4   0x00000020   Code   RO         2532    i.XPT2046_ReadAdc_XY  bsp_xpt2046_lcd.o
    0x08009004   0x08009004   0x00000054   Code   RO         2533    i.XPT2046_ReadCMD   bsp_xpt2046_lcd.o
    0x08009058   0x08009058   0x0000007c   Code   RO         2534    i.XPT2046_TouchDetect  bsp_xpt2046_lcd.o
    0x080090d4   0x080090d4   0x00000020   Code   RO         2535    i.XPT2046_TouchDown  bsp_xpt2046_lcd.o
    0x080090f4   0x080090f4   0x00000044   Code   RO         2536    i.XPT2046_TouchEvenHandler  bsp_xpt2046_lcd.o
    0x08009138   0x08009138   0x00000016   Code   RO         2537    i.XPT2046_TouchUp   bsp_xpt2046_lcd.o
    0x0800914e   0x0800914e   0x00000002   PAD
    0x08009150   0x08009150   0x00000300   Code   RO         2538    i.XPT2046_Touch_Calibrate  bsp_xpt2046_lcd.o
    0x08009450   0x08009450   0x00000070   Code   RO         2539    i.XPT2046_WriteCMD  bsp_xpt2046_lcd.o
    0x080094c0   0x080094c0   0x00000030   Code   RO         5964    i.__ARM_fpclassify  m_wm.l(fpclassify.o)
    0x080094f0   0x080094f0   0x000000f8   Code   RO         6128    i.__hardfp___mathlib_tofloat  m_wm.l(narrow.o)
    0x080095e8   0x080095e8   0x00000038   Code   RO         5870    i.__hardfp_atof     m_wm.l(atof.o)
    0x08009620   0x08009620   0x000000d0   Code   RO         6170    i.__hardfp_ldexp    m_wm.l(ldexp.o)
    0x080096f0   0x080096f0   0x00000c50   Code   RO         5882    i.__hardfp_pow      m_wm.l(pow.o)
    0x0800a340   0x0800a340   0x000000f8   Code   RO         5966    i.__kernel_poly     m_wm.l(poly.o)
    0x0800a438   0x0800a438   0x00000030   Code   RO         5950    i.__mathlib_dbl_divzero  m_wm.l(dunder.o)
    0x0800a468   0x0800a468   0x00000014   Code   RO         5952    i.__mathlib_dbl_infnan2  m_wm.l(dunder.o)
    0x0800a47c   0x0800a47c   0x00000004   PAD
    0x0800a480   0x0800a480   0x00000020   Code   RO         5953    i.__mathlib_dbl_invalid  m_wm.l(dunder.o)
    0x0800a4a0   0x0800a4a0   0x00000020   Code   RO         5954    i.__mathlib_dbl_overflow  m_wm.l(dunder.o)
    0x0800a4c0   0x0800a4c0   0x00000020   Code   RO         5956    i.__mathlib_dbl_underflow  m_wm.l(dunder.o)
    0x0800a4e0   0x0800a4e0   0x00000012   Code   RO         6129    i.__mathlib_narrow  m_wm.l(narrow.o)
    0x0800a4f2   0x0800a4f2   0x00000014   Code   RO         6172    i.__support_ldexp   m_wm.l(ldexp.o)
    0x0800a506   0x0800a506   0x0000001a   Code   RO          866    i._dwt_aonarrayupload  deca_device.o
    0x0800a520   0x0800a520   0x00000036   Code   RO          869    i._dwt_configlde    deca_device.o
    0x0800a556   0x0800a556   0x00000016   Code   RO          870    i._dwt_disablesequencing  deca_device.o
    0x0800a56c   0x0800a56c   0x000000ee   Code   RO          871    i._dwt_enableclocks  deca_device.o
    0x0800a65a   0x0800a65a   0x00000024   Code   RO          872    i._dwt_loaducodefromrom  deca_device.o
    0x0800a67e   0x0800a67e   0x0000002c   Code   RO          874    i._dwt_otpread      deca_device.o
    0x0800a6aa   0x0800a6aa   0x0000000e   Code   RO         5791    i._is_digit         c_w.l(__printf_wp.o)
    0x0800a6b8   0x0800a6b8   0x00000002   Code   RO         3205    i._sys_exit         usart.o
    0x0800a6ba   0x0800a6ba   0x00000006   PAD
    0x0800a6c0   0x0800a6c0   0x000002e8   Code   RO         2891    i.algor_EKF         trilateration_ekf.o
    0x0800a9a8   0x0800a9a8   0x000000dc   Code   RO         2139    i.blkdiag           matrix.o
    0x0800aa84   0x0800aa84   0x00000004   Code   RO         1605    i.deca_sleep        deca_sleep.o
    0x0800aa88   0x0800aa88   0x00000014   Code   RO         1575    i.decamutexoff      deca_mutex.o
    0x0800aa9c   0x0800aa9c   0x0000001c   Code   RO         1576    i.decamutexon       deca_mutex.o
    0x0800aab8   0x0800aab8   0x0000002c   Code   RO         3146    i.delay_init        delay.o
    0x0800aae4   0x0800aae4   0x00000038   Code   RO         3147    i.delay_ms          delay.o
    0x0800ab1c   0x0800ab1c   0x00000038   Code   RO         3148    i.delay_us          delay.o
    0x0800ab54   0x0800ab54   0x00000038   Code   RO         3149    i.delay_xms         delay.o
    0x0800ab8c   0x0800ab8c   0x000000c8   Code   RO         1867    i.ds_twr_distance_rx  ds_twr_init.o
    0x0800ac54   0x0800ac54   0x000000bc   Code   RO         1868    i.ds_twr_final_tx   ds_twr_init.o
    0x0800ad10   0x0800ad10   0x000001d4   Code   RO         1869    i.ds_twr_initiator  ds_twr_init.o
    0x0800aee4   0x0800aee4   0x00000030   Code   RO         1870    i.ds_twr_poll_tx    ds_twr_init.o
    0x0800af14   0x0800af14   0x00000034   Code   RO         1871    i.ds_twr_resp_rx    ds_twr_init.o
    0x0800af48   0x0800af48   0x000000e4   Code   RO         1792    i.dw_init           dw1000.o
    0x0800b02c   0x0800b02c   0x00000224   Code   RO          885    i.dwt_configure     deca_device.o
    0x0800b250   0x0800b250   0x00000058   Code   RO          899    i.dwt_forcetrxoff   deca_device.o
    0x0800b2a8   0x0800b2a8   0x000001a0   Code   RO          907    i.dwt_initialise    deca_device.o
    0x0800b448   0x0800b448   0x0000001e   Code   RO          914    i.dwt_read16bitoffsetreg  deca_device.o
    0x0800b466   0x0800b466   0x00000024   Code   RO          915    i.dwt_read32bitoffsetreg  deca_device.o
    0x0800b48a   0x0800b48a   0x00000014   Code   RO          916    i.dwt_read8bitoffsetreg  deca_device.o
    0x0800b49e   0x0800b49e   0x00000008   Code   RO          919    i.dwt_readdevid     deca_device.o
    0x0800b4a6   0x0800b4a6   0x0000003e   Code   RO          922    i.dwt_readfromdevice  deca_device.o
    0x0800b4e4   0x0800b4e4   0x0000000e   Code   RO          923    i.dwt_readrxdata    deca_device.o
    0x0800b4f2   0x0800b4f2   0x0000000c   Code   RO          924    i.dwt_readrxtimestamp  deca_device.o
    0x0800b4fe   0x0800b4fe   0x0000000c   Code   RO          930    i.dwt_readtxtimestamp  deca_device.o
    0x0800b50a   0x0800b50a   0x00000058   Code   RO          935    i.dwt_rxenable      deca_device.o
    0x0800b562   0x0800b562   0x0000001a   Code   RO          936    i.dwt_rxreset       deca_device.o
    0x0800b57c   0x0800b57c   0x0000000a   Code   RO          940    i.dwt_setdelayedtrxtime  deca_device.o
    0x0800b586   0x0800b586   0x0000000a   Code   RO          951    i.dwt_setpreambledetecttimeout  deca_device.o
    0x0800b590   0x0800b590   0x00000024   Code   RO          952    i.dwt_setrxaftertxdelay  deca_device.o
    0x0800b5b4   0x0800b5b4   0x0000000c   Code   RO          953    i.dwt_setrxantennadelay  deca_device.o
    0x0800b5c0   0x0800b5c0   0x00000054   Code   RO          954    i.dwt_setrxtimeout  deca_device.o
    0x0800b614   0x0800b614   0x0000000a   Code   RO          958    i.dwt_settxantennadelay  deca_device.o
    0x0800b61e   0x0800b61e   0x00000010   Code   RO          959    i.dwt_setxtaltrim   deca_device.o
    0x0800b62e   0x0800b62e   0x00000002   PAD
    0x0800b630   0x0800b630   0x00000048   Code   RO          960    i.dwt_softreset     deca_device.o
    0x0800b678   0x0800b678   0x0000005c   Code   RO          962    i.dwt_starttx       deca_device.o
    0x0800b6d4   0x0800b6d4   0x00000028   Code   RO          963    i.dwt_syncrxbufptrs  deca_device.o
    0x0800b6fc   0x0800b6fc   0x0000001a   Code   RO          964    i.dwt_write16bitoffsetreg  deca_device.o
    0x0800b716   0x0800b716   0x00000020   Code   RO          965    i.dwt_write32bitoffsetreg  deca_device.o
    0x0800b736   0x0800b736   0x00000012   Code   RO          966    i.dwt_write8bitoffsetreg  deca_device.o
    0x0800b748   0x0800b748   0x00000044   Code   RO          967    i.dwt_writetodevice  deca_device.o
    0x0800b78c   0x0800b78c   0x00000022   Code   RO          968    i.dwt_writetxdata   deca_device.o
    0x0800b7ae   0x0800b7ae   0x00000002   PAD
    0x0800b7b0   0x0800b7b0   0x00000020   Code   RO          969    i.dwt_writetxfctrl  deca_device.o
    0x0800b7d0   0x0800b7d0   0x00000018   Code   RO         5878    i.fabs              m_wm.l(fabs.o)
    0x0800b7e8   0x0800b7e8   0x00000014   Code   RO         1872    i.final_msg_set_ts  ds_twr_init.o
    0x0800b7fc   0x0800b7fc   0x00000014   Code   RO         3206    i.fputc             usart.o
    0x0800b810   0x0800b810   0x0000008c   Code   RO         6153    i.frexp             m_wm.l(frexp.o)
    0x0800b89c   0x0800b89c   0x00000024   Code   RO         2991    i.getRandom         esp8266.o
    0x0800b8c0   0x0800b8c0   0x0000002c   Code   RO         1873    i.get_rx_timestamp_u64  ds_twr_init.o
    0x0800b8ec   0x0800b8ec   0x0000002c   Code   RO         1874    i.get_tx_timestamp_u64  ds_twr_init.o
    0x0800b918   0x0800b918   0x0000013c   Code   RO          581    i.judge_NUMPAD      ui.o
    0x0800ba54   0x0800ba54   0x00000208   Code   RO          582    i.judge_OPTS        ui.o
    0x0800bc5c   0x0800bc5c   0x00000004   PAD
    0x0800bc60   0x0800bc60   0x000000e8   Code   RO            3    i.main              main.o
    0x0800bd48   0x0800bd48   0x00000284   Code   RO         2892    i.measurement_gps   trilateration_ekf.o
    0x0800bfcc   0x0800bfcc   0x00000074   Code   RO         1686    i.peripherals_init  port.o
    0x0800c040   0x0800c040   0x00000044   Code   RO         3108    i.printf3           usart3.o
    0x0800c084   0x0800c084   0x00000084   Code   RO         1636    i.readfromspi       deca_spi.o
    0x0800c108   0x0800c108   0x00000054   Code   RO         1688    i.reset_DW1000      port.o
    0x0800c15c   0x0800c15c   0x00000002   Code   RO         1606    i.sleep_ms          deca_sleep.o
    0x0800c15e   0x0800c15e   0x00000002   PAD
    0x0800c160   0x0800c160   0x000000e8   Code   RO         1689    i.spi_peripheral_init  port.o
    0x0800c248   0x0800c248   0x00000006   Code   RO         1690    i.spi_set_rate_high  port.o
    0x0800c24e   0x0800c24e   0x00000006   Code   RO         1691    i.spi_set_rate_low  port.o
    0x0800c254   0x0800c254   0x0000006e   Code   RO         5898    i.sqrt              m_wm.l(sqrt.o)
    0x0800c2c2   0x0800c2c2   0x00000002   PAD
    0x0800c2c4   0x0800c2c4   0x00000064   Code   RO         2893    i.state_equ         trilateration_ekf.o
    0x0800c328   0x0800c328   0x00000034   Code   RO         2894    i.state_propagation  trilateration_ekf.o
    0x0800c35c   0x0800c35c   0x00000002   Code   RO         2994    i.toHex             esp8266.o
    0x0800c35e   0x0800c35e   0x00000002   PAD
    0x0800c360   0x0800c360   0x000000b4   Code   RO         3109    i.uart3_init        usart3.o
    0x0800c414   0x0800c414   0x000000ac   Code   RO         3207    i.uart_init         usart.o
    0x0800c4c0   0x0800c4c0   0x00000080   Code   RO         1637    i.writetospi        deca_spi.o
    0x0800c540   0x0800c540   0x0000002c   Code   RO         6036    locale$$code        c_w.l(lc_numeric_c.o)
    0x0800c56c   0x0800c56c   0x0000002c   Code   RO         6051    locale$$code        c_w.l(lc_ctype_c.o)
    0x0800c598   0x0800c598   0x00000018   Code   RO         5822    x$fpl$basic         fz_wm.l(basic.o)
    0x0800c5b0   0x0800c5b0   0x00000062   Code   RO         5824    x$fpl$d2f           fz_wm.l(d2f.o)
    0x0800c612   0x0800c612   0x00000002   PAD
    0x0800c614   0x0800c614   0x00000150   Code   RO         5826    x$fpl$dadd          fz_wm.l(daddsub_clz.o)
    0x0800c764   0x0800c764   0x00000010   Code   RO         6038    x$fpl$dcheck1       fz_wm.l(dcheck1.o)
    0x0800c774   0x0800c774   0x00000018   Code   RO         5935    x$fpl$dcmpinf       fz_wm.l(dcmpi.o)
    0x0800c78c   0x0800c78c   0x000002b0   Code   RO         5833    x$fpl$ddiv          fz_wm.l(ddiv.o)
    0x0800ca3c   0x0800ca3c   0x00000078   Code   RO         5836    x$fpl$deqf          fz_wm.l(deqf.o)
    0x0800cab4   0x0800cab4   0x0000005a   Code   RO         5846    x$fpl$dfixu         fz_wm.l(dfixu.o)
    0x0800cb0e   0x0800cb0e   0x0000002e   Code   RO         5851    x$fpl$dflt          fz_wm.l(dflt_clz.o)
    0x0800cb3c   0x0800cb3c   0x00000026   Code   RO         5850    x$fpl$dfltu         fz_wm.l(dflt_clz.o)
    0x0800cb62   0x0800cb62   0x00000002   PAD
    0x0800cb64   0x0800cb64   0x00000078   Code   RO         5860    x$fpl$dleqf         fz_wm.l(dleqf.o)
    0x0800cbdc   0x0800cbdc   0x00000154   Code   RO         5862    x$fpl$dmul          fz_wm.l(dmul.o)
    0x0800cd30   0x0800cd30   0x0000009c   Code   RO         5937    x$fpl$dnaninf       fz_wm.l(dnaninf.o)
    0x0800cdcc   0x0800cdcc   0x0000000c   Code   RO         5939    x$fpl$dretinf       fz_wm.l(dretinf.o)
    0x0800cdd8   0x0800cdd8   0x0000006c   Code   RO         5864    x$fpl$drleqf        fz_wm.l(drleqf.o)
    0x0800ce44   0x0800ce44   0x00000016   Code   RO         5827    x$fpl$drsb          fz_wm.l(daddsub_clz.o)
    0x0800ce5a   0x0800ce5a   0x00000002   PAD
    0x0800ce5c   0x0800ce5c   0x00000198   Code   RO         5941    x$fpl$dsqrt         fz_wm.l(dsqrt_umaal.o)
    0x0800cff4   0x0800cff4   0x000001d4   Code   RO         5828    x$fpl$dsub          fz_wm.l(daddsub_clz.o)
    0x0800d1c8   0x0800d1c8   0x00000056   Code   RO         5866    x$fpl$f2d           fz_wm.l(f2d.o)
    0x0800d21e   0x0800d21e   0x0000008c   Code   RO         5943    x$fpl$fnaninf       fz_wm.l(fnaninf.o)
    0x0800d2aa   0x0800d2aa   0x0000000a   Code   RO         6118    x$fpl$fpinit        fz_wm.l(fpinit.o)
    0x0800d2b4   0x0800d2b4   0x0000000a   Code   RO         5945    x$fpl$fretinf       fz_wm.l(fretinf.o)
    0x0800d2be   0x0800d2be   0x00000006   Code   RO         6040    x$fpl$ieeestatus    fz_wm.l(istatus.o)
    0x0800d2c4   0x0800d2c4   0x00000004   Code   RO         5868    x$fpl$printf1       fz_wm.l(printf1.o)
    0x0800d2c8   0x0800d2c8   0x00000064   Code   RO         6108    x$fpl$retnan        fz_wm.l(retnan.o)
    0x0800d32c   0x0800d32c   0x0000005c   Code   RO         5947    x$fpl$scalbn        fz_wm.l(scalbn.o)
    0x0800d388   0x0800d388   0x00000004   Code   RO         6042    x$fpl$scanf1        fz_wm.l(scanf1.o)
    0x0800d38c   0x0800d38c   0x00000008   Code   RO         6120    x$fpl$scanf2        fz_wm.l(scanf2.o)
    0x0800d394   0x0800d394   0x00000030   Code   RO         6126    x$fpl$trapveneer    fz_wm.l(trapv.o)
    0x0800d3c4   0x0800d3c4   0x00000000   Code   RO         5949    x$fpl$usenofp       fz_wm.l(usenofp.o)
    0x0800d3c4   0x0800d3c4   0x000017c0   Data   RO          360    .constdata          lcd.o
    0x0800eb84   0x0800eb84   0x00000018   Data   RO          584    .constdata          ui.o
    0x0800eb9c   0x0800eb9c   0x000005f0   Data   RO          833    .constdata          fonts.o
    0x0800f18c   0x0800f18c   0x00000008   Data   RO         1518    .constdata          deca_params_init.o
    0x0800f194   0x0800f194   0x00000018   Data   RO         1519    .constdata          deca_params_init.o
    0x0800f1ac   0x0800f1ac   0x00000018   Data   RO         1520    .constdata          deca_params_init.o
    0x0800f1c4   0x0800f1c4   0x00000006   Data   RO         1521    .constdata          deca_params_init.o
    0x0800f1ca   0x0800f1ca   0x00000002   Data   RO         1522    .constdata          deca_params_init.o
    0x0800f1cc   0x0800f1cc   0x00000008   Data   RO         1523    .constdata          deca_params_init.o
    0x0800f1d4   0x0800f1d4   0x00000003   Data   RO         1524    .constdata          deca_params_init.o
    0x0800f1d7   0x0800f1d7   0x00000001   PAD
    0x0800f1d8   0x0800f1d8   0x0000000c   Data   RO         1525    .constdata          deca_params_init.o
    0x0800f1e4   0x0800f1e4   0x00000004   Data   RO         1526    .constdata          deca_params_init.o
    0x0800f1e8   0x0800f1e8   0x00000020   Data   RO         1527    .constdata          deca_params_init.o
    0x0800f208   0x0800f208   0x00000032   Data   RO         1528    .constdata          deca_params_init.o
    0x0800f23a   0x0800f23a   0x00000002   PAD
    0x0800f23c   0x0800f23c   0x00000020   Data   RO         2896    .constdata          trilateration_ekf.o
    0x0800f25c   0x0800f25c   0x0000017c   Data   RO         2996    .constdata          esp8266.o
    0x0800f3d8   0x0800f3d8   0x00000028   Data   RO         5764    .constdata          c_w.l(_printf_hex_int.o)
    0x0800f400   0x0800f400   0x00000088   Data   RO         5885    .constdata          m_wm.l(pow.o)
    0x0800f488   0x0800f488   0x00000008   Data   RO         5968    .constdata          m_wm.l(qnan.o)
    0x0800f490   0x0800f490   0x00000094   Data   RO         6007    .constdata          c_w.l(bigflt0.o)
    0x0800f524   0x0800f524   0x0000004c   Data   RO         2897    .conststring        trilateration_ekf.o
    0x0800f570   0x0800f570   0x00000059   Data   RO         2997    .conststring        esp8266.o
    0x0800f5c9   0x0800f5c9   0x00000003   PAD
    0x0800f5cc   0x0800f5cc   0x00000020   Data   RO         6233    Region$$Table       anon$$obj.o
    0x0800f5ec   0x0800f5ec   0x00000008   Data   RO         6114    c$$dinf             fz_wm.l(fpconst.o)
    0x0800f5f4   0x0800f5f4   0x00000008   Data   RO         6117    c$$dmax             fz_wm.l(fpconst.o)
    0x0800f5fc   0x0800f5fc   0x0000001c   Data   RO         6035    locale$$data        c_w.l(lc_numeric_c.o)
    0x0800f618   0x0800f618   0x00000110   Data   RO         6050    locale$$data        c_w.l(lc_ctype_c.o)


    Execution Region RW_IRAM1 (Exec base: 0x20000000, Load base: 0x0800f728, Size: 0x00001e98, Max: 0x00020000, ABSOLUTE, COMPRESSED[0x0000015c])

    Exec Addr    Load Addr    Size         Type   Attr      Idx    E Section Name        Object

    0x20000000   COMPRESSED   0x00000004   Data   RW          361    .data               lcd.o
    0x20000004   COMPRESSED   0x00000002   Data   RW          585    .data               ui.o
    0x20000006   COMPRESSED   0x00000002   PAD
    0x20000008   COMPRESSED   0x00000004   Data   RW          723    .data               bsp_spi_flash.o
    0x2000000c   COMPRESSED   0x00000008   Data   RW          836    .data               fonts.o
    0x20000014   COMPRESSED   0x00000004   Data   RW          971    .data               deca_device.o
    0x20000018   COMPRESSED   0x00000001   Data   RW         1831    .data               timer.o
    0x20000019   COMPRESSED   0x00000007   PAD
    0x20000020   COMPRESSED   0x0000007e   Data   RW         1876    .data               ds_twr_init.o
    0x2000009e   COMPRESSED   0x00000002   PAD
    0x200000a0   COMPRESSED   0x000000d0   Data   RW         2540    .data               bsp_xpt2046_lcd.o
    0x20000170   COMPRESSED   0x00000010   Data   RW         2687    .data               bsp_ili9341_lcd.o
    0x20000180   COMPRESSED   0x00000348   Data   RW         2898    .data               trilateration_ekf.o
    0x200004c8   COMPRESSED   0x00000002   Data   RW         3111    .data               usart3.o
    0x200004ca   COMPRESSED   0x00000004   Data   RW         3150    .data               delay.o
    0x200004ce   COMPRESSED   0x00000002   Data   RW         3209    .data               usart.o
    0x200004d0   COMPRESSED   0x00000004   Data   RW         3210    .data               usart.o
    0x200004d4   COMPRESSED   0x00000010   Data   RW         3587    .data               stm32f4xx_rcc.o
    0x200004e4        -       0x0000000e   Zero   RW          359    .bss                lcd.o
    0x200004f2   COMPRESSED   0x00000002   PAD
    0x200004f4        -       0x0000026c   Zero   RW          583    .bss                ui.o
    0x20000760        -       0x00000038   Zero   RW          970    .bss                deca_device.o
    0x20000798        -       0x0000010e   Zero   RW         1875    .bss                ds_twr_init.o
    0x200008a6   COMPRESSED   0x00000002   PAD
    0x200008a8        -       0x00000058   Zero   RW         2401    .bss                trilateration_basic.o
    0x20000900        -       0x00000da4   Zero   RW         2895    .bss                trilateration_ekf.o
    0x200016a4        -       0x000000c8   Zero   RW         3110    .bss                usart3.o
    0x2000176c        -       0x000000c8   Zero   RW         3208    .bss                usart.o
    0x20001834        -       0x00000060   Zero   RW         5970    .bss                c_w.l(libspace.o)
    0x20001894   COMPRESSED   0x00000004   PAD
    0x20001898        -       0x00000200   Zero   RW         3253    HEAP                startup_stm32f40_41xxx.o
    0x20001a98        -       0x00000400   Zero   RW         3252    STACK               startup_stm32f40_41xxx.o


==============================================================================

Image component sizes


      Code (inc. data)   RO Data    RW Data    ZI Data      Debug   Object Name

       180         14          0          0          0       1277   adc.o
         0          0          0         16          0       1296   bsp_ili9341_lcd.o
      1082        180          0          4          0       8214   bsp_spi_flash.o
      2592        166          0        208          0      15240   bsp_xpt2046_lcd.o
        72         10          0          0          0        587   btn.o
      2372        108          0          4         56      30127   deca_device.o
        48         12          0          0          0      27676   deca_mutex.o
         0          0        173          0          0       6512   deca_params_init.o
         6          0          0          0          0       1104   deca_sleep.o
       260         16          0          0          0       2467   deca_spi.o
       212         18          0          4          0       2639   delay.o
      1546        298          0        126        270       9293   ds_twr_init.o
       228         78          0          0          0        674   dw1000.o
       474        100        469          0          0       3934   esp8266.o
         0          0       1520          8          0       1633   fonts.o
     17216        144       6080          4         14      26976   lcd.o
        64          4          0          0          0        587   led.o
       232         32          0          0          0     314835   main.o
       920         10          0          0          0       5536   matrix.o
       164         10          0          0          0       2357   misc.o
         0          0          0          0          0        747   palette.o
       592         48          0          0          0       5062   port.o
        64         26        392          0       1536        856   startup_stm32f40_41xxx.o
       330         14          0          0          0       6210   stm32f4xx_adc.o
       144          8          0          0          0       1172   stm32f4xx_exti.o
       240          6          0          0          0       2037   stm32f4xx_fsmc.o
       206          0          0          0          0       3759   stm32f4xx_gpio.o
        18          0          0          0          0       4190   stm32f4xx_it.o
       344         40          0         16          0       6958   stm32f4xx_rcc.o
       350          0          0          0          0       5269   stm32f4xx_spi_1.o
        46          0          0          0          0        660   stm32f4xx_syscfg.o
       202          8          0          0          0       3994   stm32f4xx_tim.o
       402          6          0          0          0       6599   stm32f4xx_usart_1.o
       288         48          0          0          0       1657   system_stm32f4xx.o
       144         16          0          1          0       1496   timer.o
         0          0          0          0         88       1303   trilateration_basic.o
      1968        240        108        840       3492       6294   trilateration_ekf.o
      3684        550         24          2        620      13831   ui.o
       306         26          0          6        200       4488   usart.o
       360         28          0          2        200       2905   usart3.o

    ----------------------------------------------------------------------
     37416       2276       8804       1252       6480     542451   Object Totals
         0          0         32          0          0          0   (incl. Generated)
        60         12          6         11          4          0   (incl. Padding)

    ----------------------------------------------------------------------

      Code (inc. data)   RO Data    RW Data    ZI Data      Debug   Library Member Name

        90          0          0          0          0          0   __dczerorl2.o
         8          0          0          0          0         68   __main.o
       284          0          0          0          0        156   __printf_wp.o
         0          0          0          0          0          0   __rtentry.o
        12          0          0          0          0          0   __rtentry2.o
         6          0          0          0          0          0   __rtentry4.o
        52          8          0          0          0          0   __scatter.o
        28          0          0          0          0          0   __scatter_zi.o
        28          0          0          0          0         68   _chval.o
        44          0          0          0          0        108   _printf_char.o
        48          6          0          0          0         96   _printf_char_common.o
        36          4          0          0          0         80   _printf_char_file.o
         6          0          0          0          0          0   _printf_d.o
       120         16          0          0          0         92   _printf_dec.o
         6          0          0          0          0          0   _printf_f.o
      1054          0          0          0          0        216   _printf_fp_dec.o
       128         16          0          0          0         84   _printf_fp_infnan.o
        88          4         40          0          0         88   _printf_hex_int.o
       178          0          0          0          0         88   _printf_intcommon.o
        78          0          0          0          0        108   _printf_pad.o
         0          0          0          0          0          0   _printf_percent.o
         4          0          0          0          0          0   _printf_percent_end.o
         6          0          0          0          0          0   _printf_s.o
        82          0          0          0          0         80   _printf_str.o
         6          0          0          0          0          0   _printf_x.o
        22          0          0          0          0        100   _rserrno.o
        64          0          0          0          0         84   _sgetc.o
        10          0          0          0          0         68   _sputc.o
       228          4        148          0          0         96   bigflt0.o
      2152        136          0          0          0        960   btod.o
        18          0          0          0          0         80   exit.o
         8          0          0          0          0         68   ferror.o
         6          0          0          0          0        152   heapauxi.o
        18          0          0          0          0         76   isspace.o
        44         10        272          0          0         76   lc_ctype_c.o
        44         10         28          0          0         76   lc_numeric_c.o
         2          0          0          0          0          0   libinit.o
        34          0          0          0          0          0   libinit2.o
         2          0          0          0          0          0   libshutdown.o
         2          0          0          0          0          0   libshutdown2.o
         8          4          0          0         96         68   libspace.o
        38          0          0          0          0         68   llshl.o
       138          0          0          0          0         80   lludiv10.o
        88          0          0          0          0         76   memcmp.o
        24          4          0          0          0         84   noretval__2printf.o
        40          6          0          0          0         84   noretval__2sprintf.o
        16          4          0          0          0         76   rt_ctype_table.o
         8          4          0          0          0         68   rt_errno_addr_intlibspace.o
         8          4          0          0          0         68   rt_locale_intlibspace.o
        78          0          0          0          0         80   rt_memclr_w.o
         2          0          0          0          0          0   rtexit.o
        10          0          0          0          0          0   rtexit2.o
      1272         16          0          0          0        168   scanf_fp.o
       800         14          0          0          0        100   scanf_hexfp.o
       308         16          0          0          0        100   scanf_infnan.o
       128          0          0          0          0         68   strcmpv7m.o
        62          0          0          0          0         76   strlen.o
       164         14          0          0          0        120   strtod.o
        74          0          0          0          0         80   sys_stackheap_outer.o
         2          0          0          0          0         68   use_no_semi.o
         2          0          0          0          0         68   use_no_semi_2.o
        24          0          0          0          0        164   basic.o
        98          4          0          0          0        140   d2f.o
       826         16          0          0          0        492   daddsub_clz.o
        16          4          0          0          0        116   dcheck1.o
        24          0          0          0          0        116   dcmpi.o
       688        140          0          0          0        256   ddiv.o
       120          4          0          0          0        140   deqf.o
        90          4          0          0          0        140   dfixu.o
        84          0          0          0          0        232   dflt_clz.o
       120          4          0          0          0        140   dleqf.o
       340         12          0          0          0        152   dmul.o
       156          4          0          0          0        140   dnaninf.o
        12          0          0          0          0        116   dretinf.o
       108          0          0          0          0        128   drleqf.o
       408         56          0          0          0        168   dsqrt_umaal.o
        86          4          0          0          0        132   f2d.o
       140          4          0          0          0        132   fnaninf.o
         0          0         16          0          0          0   fpconst.o
        10          0          0          0          0        116   fpinit.o
        10          0          0          0          0        116   fretinf.o
         6          0          0          0          0        116   istatus.o
         4          0          0          0          0        116   printf1.o
       100          0          0          0          0        116   retnan.o
        92          0          0          0          0        116   scalbn.o
         4          0          0          0          0        116   scanf1.o
         8          0          0          0          0        132   scanf2.o
        48          0          0          0          0        116   trapv.o
         0          0          0          0          0          0   usenofp.o
        56         12          0          0          0        132   atof.o
       164         44          0          0          0        620   dunder.o
        24          0          0          0          0        124   fabs.o
        48          0          0          0          0        124   fpclassify.o
       140         22          0          0          0        132   frexp.o
       228          8          0          0          0        308   ldexp.o
       266         16          0          0          0        308   narrow.o
       248          0          0          0          0        152   poly.o
      3152        296        136          0          0        352   pow.o
         0          0          8          0          0          0   qnan.o
       110          0          0          0          0        148   sqrt.o

    ----------------------------------------------------------------------
     16404        956        648          0        100      11132   Library Totals
        30          2          0          0          4          0   (incl. Padding)

    ----------------------------------------------------------------------

      Code (inc. data)   RO Data    RW Data    ZI Data      Debug   Library Name

      8316        300        488          0         96       4768   c_w.l
      3622        256         16          0          0       3964   fz_wm.l
      4436        398        144          0          0       2400   m_wm.l

    ----------------------------------------------------------------------
     16404        956        648          0        100      11132   Library Totals

    ----------------------------------------------------------------------

==============================================================================


      Code (inc. data)   RO Data    RW Data    ZI Data      Debug   

     53820       3232       9452       1252       6580     526031   Grand Totals
     53820       3232       9452        348       6580     526031   ELF Image Totals (compressed)
     53820       3232       9452        348          0          0   ROM Totals

==============================================================================

    Total RO  Size (Code + RO Data)                63272 (  61.79kB)
    Total RW  Size (RW Data + ZI Data)              7832 (   7.65kB)
    Total ROM Size (Code + RO Data + RW Data)      63620 (  62.13kB)

==============================================================================

