Component: ARM Compiler 5.06 update 6 (build 750) Tool: armlink [4d35ed]

==============================================================================

Section Cross References

    main.o(i.main) refers to misc.o(i.NVIC_PriorityGroupConfig) for NVIC_PriorityGroupConfig
    main.o(i.main) refers to port.o(i.peripherals_init) for peripherals_init
    main.o(i.main) refers to ds_twr_resp.o(i.ds_twr_responder) for ds_twr_responder
    system_stm32f10x.o(i.SetSysClock) refers to system_stm32f10x.o(i.SetSysClockTo72) for SetSysClockTo72
    system_stm32f10x.o(i.SystemCoreClockUpdate) refers to system_stm32f10x.o(.data) for SystemCoreClock
    system_stm32f10x.o(i.SystemInit) refers to system_stm32f10x.o(i.SetSysClock) for SetSysClock
    stm32f10x_it.o(i.EXTI3_IRQHandler) refers to stm32f10x_gpio.o(i.GPIO_ReadInputDataBit) for GPIO_ReadInputDataBit
    stm32f10x_it.o(i.EXTI3_IRQHandler) refers to stm32f10x_exti.o(i.EXTI_ClearITPendingBit) for EXTI_ClearITPendingBit
    stm32f10x_it.o(i.EXTI3_IRQHandler) refers to port.o(.data) for port_deca_isr
    stm32f10x_it.o(i.SysTick_Handler) refers to stm32f10x_it.o(.data) for time32_incr
    startup_stm32f10x_md.o(STACK) refers (Special) to heapauxi.o(.text) for __use_two_region_memory
    startup_stm32f10x_md.o(HEAP) refers (Special) to heapauxi.o(.text) for __use_two_region_memory
    startup_stm32f10x_md.o(RESET) refers (Special) to heapauxi.o(.text) for __use_two_region_memory
    startup_stm32f10x_md.o(RESET) refers to startup_stm32f10x_md.o(STACK) for __initial_sp
    startup_stm32f10x_md.o(RESET) refers to startup_stm32f10x_md.o(.text) for Reset_Handler
    startup_stm32f10x_md.o(RESET) refers to stm32f10x_it.o(i.NMI_Handler) for NMI_Handler
    startup_stm32f10x_md.o(RESET) refers to stm32f10x_it.o(i.HardFault_Handler) for HardFault_Handler
    startup_stm32f10x_md.o(RESET) refers to stm32f10x_it.o(i.MemManage_Handler) for MemManage_Handler
    startup_stm32f10x_md.o(RESET) refers to stm32f10x_it.o(i.BusFault_Handler) for BusFault_Handler
    startup_stm32f10x_md.o(RESET) refers to stm32f10x_it.o(i.UsageFault_Handler) for UsageFault_Handler
    startup_stm32f10x_md.o(RESET) refers to stm32f10x_it.o(i.SVC_Handler) for SVC_Handler
    startup_stm32f10x_md.o(RESET) refers to stm32f10x_it.o(i.DebugMon_Handler) for DebugMon_Handler
    startup_stm32f10x_md.o(RESET) refers to stm32f10x_it.o(i.PendSV_Handler) for PendSV_Handler
    startup_stm32f10x_md.o(RESET) refers to stm32f10x_it.o(i.SysTick_Handler) for SysTick_Handler
    startup_stm32f10x_md.o(RESET) refers to stm32f10x_it.o(i.EXTI3_IRQHandler) for EXTI3_IRQHandler
    startup_stm32f10x_md.o(RESET) refers to timer.o(i.TIM3_IRQHandler) for TIM3_IRQHandler
    startup_stm32f10x_md.o(RESET) refers to usart.o(i.USART1_IRQHandler) for USART1_IRQHandler
    startup_stm32f10x_md.o(.text) refers (Special) to heapauxi.o(.text) for __use_two_region_memory
    startup_stm32f10x_md.o(.text) refers to system_stm32f10x.o(i.SystemInit) for SystemInit
    startup_stm32f10x_md.o(.text) refers to __main.o(!!!main) for __main
    startup_stm32f10x_md.o(.text) refers to startup_stm32f10x_md.o(HEAP) for Heap_Mem
    startup_stm32f10x_md.o(.text) refers to startup_stm32f10x_md.o(STACK) for Stack_Mem
    stm32f10x_gpio.o(i.GPIO_AFIODeInit) refers to stm32f10x_rcc.o(i.RCC_APB2PeriphResetCmd) for RCC_APB2PeriphResetCmd
    stm32f10x_gpio.o(i.GPIO_DeInit) refers to stm32f10x_rcc.o(i.RCC_APB2PeriphResetCmd) for RCC_APB2PeriphResetCmd
    stm32f10x_rcc.o(i.RCC_GetClocksFreq) refers to stm32f10x_rcc.o(.data) for APBAHBPrescTable
    stm32f10x_rcc.o(i.RCC_WaitForHSEStartUp) refers to stm32f10x_rcc.o(i.RCC_GetFlagStatus) for RCC_GetFlagStatus
    stm32f10x_spi.o(i.I2S_Init) refers to stm32f10x_rcc.o(i.RCC_GetClocksFreq) for RCC_GetClocksFreq
    stm32f10x_spi.o(i.SPI_I2S_DeInit) refers to stm32f10x_rcc.o(i.RCC_APB2PeriphResetCmd) for RCC_APB2PeriphResetCmd
    stm32f10x_spi.o(i.SPI_I2S_DeInit) refers to stm32f10x_rcc.o(i.RCC_APB1PeriphResetCmd) for RCC_APB1PeriphResetCmd
    stm32f10x_tim.o(i.TIM_DeInit) refers to stm32f10x_rcc.o(i.RCC_APB2PeriphResetCmd) for RCC_APB2PeriphResetCmd
    stm32f10x_tim.o(i.TIM_DeInit) refers to stm32f10x_rcc.o(i.RCC_APB1PeriphResetCmd) for RCC_APB1PeriphResetCmd
    stm32f10x_tim.o(i.TIM_ETRClockMode1Config) refers to stm32f10x_tim.o(i.TIM_ETRConfig) for TIM_ETRConfig
    stm32f10x_tim.o(i.TIM_ETRClockMode2Config) refers to stm32f10x_tim.o(i.TIM_ETRConfig) for TIM_ETRConfig
    stm32f10x_tim.o(i.TIM_ICInit) refers to stm32f10x_tim.o(i.TI1_Config) for TI1_Config
    stm32f10x_tim.o(i.TIM_ICInit) refers to stm32f10x_tim.o(i.TIM_SetIC1Prescaler) for TIM_SetIC1Prescaler
    stm32f10x_tim.o(i.TIM_ICInit) refers to stm32f10x_tim.o(i.TI2_Config) for TI2_Config
    stm32f10x_tim.o(i.TIM_ICInit) refers to stm32f10x_tim.o(i.TIM_SetIC2Prescaler) for TIM_SetIC2Prescaler
    stm32f10x_tim.o(i.TIM_ICInit) refers to stm32f10x_tim.o(i.TI3_Config) for TI3_Config
[...]
    .ARM.Collect$$libinit$$0000001F          0x0800016c   Section        0  libinit2.o(.ARM.Collect$$libinit$$0000001F)
    .ARM.Collect$$libinit$$00000021          0x0800016c   Section        0  libinit2.o(.ARM.Collect$$libinit$$00000021)
    .ARM.Collect$$libinit$$00000023          0x0800016c   Section        0  libinit2.o(.ARM.Collect$$libinit$$00000023)
    .ARM.Collect$$libinit$$00000025          0x0800016c   Section        0  libinit2.o(.ARM.Collect$$libinit$$00000025)
    .ARM.Collect$$libinit$$0000002C          0x0800016c   Section        0  libinit2.o(.ARM.Collect$$libinit$$0000002C)
    .ARM.Collect$$libinit$$0000002E          0x0800016c   Section        0  libinit2.o(.ARM.Collect$$libinit$$0000002E)
    .ARM.Collect$$libinit$$00000030          0x0800016c   Section        0  libinit2.o(.ARM.Collect$$libinit$$00000030)
    .ARM.Collect$$libinit$$00000032          0x0800016c   Section        0  libinit2.o(.ARM.Collect$$libinit$$00000032)
    .ARM.Collect$$libinit$$00000033          0x0800016c   Section        2  libinit2.o(.ARM.Collect$$libinit$$00000033)
    .ARM.Collect$$libshutdown$$00000000      0x0800016e   Section        2  libshutdown.o(.ARM.Collect$$libshutdown$$00000000)
    .ARM.Collect$$libshutdown$$00000002      0x08000170   Section        0  libshutdown2.o(.ARM.Collect$$libshutdown$$00000002)
    .ARM.Collect$$libshutdown$$00000004      0x08000170   Section        0  libshutdown2.o(.ARM.Collect$$libshutdown$$00000004)
    .ARM.Collect$$libshutdown$$00000007      0x08000170   Section        0  libshutdown2.o(.ARM.Collect$$libshutdown$$00000007)
    .ARM.Collect$$libshutdown$$0000000A      0x08000170   Section        0  libshutdown2.o(.ARM.Collect$$libshutdown$$0000000A)
    .ARM.Collect$$libshutdown$$0000000C      0x08000170   Section        0  libshutdown2.o(.ARM.Collect$$libshutdown$$0000000C)
    .ARM.Collect$$libshutdown$$0000000F      0x08000170   Section        0  libshutdown2.o(.ARM.Collect$$libshutdown$$0000000F)
    .ARM.Collect$$libshutdown$$00000010      0x08000170   Section        2  libshutdown2.o(.ARM.Collect$$libshutdown$$00000010)
    .ARM.Collect$$rtentry$$00000000          0x08000172   Section        0  __rtentry.o(.ARM.Collect$$rtentry$$00000000)
    .ARM.Collect$$rtentry$$00000002          0x08000172   Section        0  __rtentry2.o(.ARM.Collect$$rtentry$$00000002)
    .ARM.Collect$$rtentry$$00000004          0x08000172   Section        6  __rtentry4.o(.ARM.Collect$$rtentry$$00000004)
    .ARM.Collect$$rtentry$$00000009          0x08000178   Section        0  __rtentry2.o(.ARM.Collect$$rtentry$$00000009)
    .ARM.Collect$$rtentry$$0000000A          0x08000178   Section        4  __rtentry2.o(.ARM.Collect$$rtentry$$0000000A)
    .ARM.Collect$$rtentry$$0000000C          0x0800017c   Section        0  __rtentry2.o(.ARM.Collect$$rtentry$$0000000C)
    .ARM.Collect$$rtentry$$0000000D          0x0800017c   Section        8  __rtentry2.o(.ARM.Collect$$rtentry$$0000000D)
    .ARM.Collect$$rtexit$$00000000           0x08000184   Section        2  rtexit.o(.ARM.Collect$$rtexit$$00000000)
    .ARM.Collect$$rtexit$$00000002           0x08000186   Section        0  rtexit2.o(.ARM.Collect$$rtexit$$00000002)
    .ARM.Collect$$rtexit$$00000003           0x08000186   Section        4  rtexit2.o(.ARM.Collect$$rtexit$$00000003)
    .ARM.Collect$$rtexit$$00000004           0x0800018a   Section        6  rtexit2.o(.ARM.Collect$$rtexit$$00000004)
    .text                                    0x08000190   Section       64  startup_stm32f10x_md.o(.text)
    .text                                    0x080001d0   Section        2  use_no_semi_2.o(.text)
    .text                                    0x080001d4   Section        0  noretval__2printf.o(.text)
    .text                                    0x080001ec   Section        0  _printf_hex_int.o(.text)
    .text                                    0x08000244   Section        0  __printf_wp.o(.text)
    .text                                    0x08000352   Section        0  memcmp.o(.text)
    .text                                    0x080003aa   Section        0  heapauxi.o(.text)
    .text                                    0x080003b0   Section        2  use_no_semi.o(.text)
    .text                                    0x080003b2   Section        0  _printf_intcommon.o(.text)
    .text                                    0x08000464   Section        0  _printf_char_common.o(.text)
    _printf_input_char                       0x08000465   Thumb Code    10  _printf_char_common.o(.text)
    .text                                    0x08000494   Section        0  _printf_char_file.o(.text)
    .text                                    0x080004b8   Section        0  ferror.o(.text)
    .text                                    0x080004c0   Section        8  libspace.o(.text)
    .text                                    0x080004c8   Section       74  sys_stackheap_outer.o(.text)
    .text                                    0x08000512   Section        0  exit.o(.text)
    i.BTN_Init                               0x08000524   Section        0  btn.o(i.BTN_Init)
    i.BusFault_Handler                       0x08000568   Section        0  stm32f10x_it.o(i.BusFault_Handler)
    i.Calc_Median                            0x0800056c   Section        0  ds_twr_resp.o(i.Calc_Median)
    Calc_Median                              0x0800056d   Thumb Code   220  ds_twr_resp.o(i.Calc_Median)
    i.DebugMon_Handler                       0x08000648   Section        0  stm32f10x_it.o(i.DebugMon_Handler)
    i.Display_String                         0x0800064c   Section        0  bmp.o(i.Display_String)
    i.EXTI3_IRQHandler                       0x08000734   Section        0  stm32f10x_it.o(i.EXTI3_IRQHandler)
    i.EXTI_ClearITPendingBit                 0x0800075c   Section        0  stm32f10x_exti.o(i.EXTI_ClearITPendingBit)
    i.EXTI_GetITEnStatus                     0x08000768   Section        0  port.o(i.EXTI_GetITEnStatus)
    i.EXTI_Init                              0x08000784   Section        0  stm32f10x_exti.o(i.EXTI_Init)
    i.GPIO_Configuration                     0x08000818   Section        0  port.o(i.GPIO_Configuration)
    i.GPIO_EXTILineConfig                    0x08000878   Section        0  stm32f10x_gpio.o(i.GPIO_EXTILineConfig)
    i.GPIO_Init                              0x080008b8   Section        0  stm32f10x_gpio.o(i.GPIO_Init)
    i.GPIO_PinRemapConfig                    0x080009d0   Section        0  stm32f10x_gpio.o(i.GPIO_PinRemapConfig)
    i.GPIO_ReadInputDataBit                  0x08000a60   Section        0  stm32f10x_gpio.o(i.GPIO_ReadInputDataBit)
    i.GPIO_ResetBits                         0x08000a72   Section        0  stm32f10x_gpio.o(i.GPIO_ResetBits)
    i.GPIO_SetBits                           0x08000a76   Section        0  stm32f10x_gpio.o(i.GPIO_SetBits)
    i.HardFault_Handler                      0x08000a7a   Section        0  stm32f10x_it.o(i.HardFault_Handler)
    i.LED_Init                               0x08000a80   Section        0  led.o(i.LED_Init)
    i.MemManage_Handler                      0x08000ad0   Section        0  stm32f10x_it.o(i.MemManage_Handler)
    i.NMI_Handler                            0x08000ad4   Section        0  stm32f10x_it.o(i.NMI_Handler)
    i.NVIC_Configuration                     0x08000ad8   Section        0  port.o(i.NVIC_Configuration)
    i.NVIC_Init                              0x08000b44   Section        0  misc.o(i.NVIC_Init)
    i.NVIC_PriorityGroupConfig               0x08000bb4   Section        0  misc.o(i.NVIC_PriorityGroupConfig)
    i.OLED_Draw_Chars                        0x08000bc8   Section        0  oled_spi.o(i.OLED_Draw_Chars)
    i.OLED_Fill                              0x08000c10   Section        0  oled_spi.o(i.OLED_Fill)
    i.OLED_Init                              0x08000c4c   Section        0  oled_spi.o(i.OLED_Init)
    i.OLED_Set_Pos                           0x08000d58   Section        0  oled_spi.o(i.OLED_Set_Pos)
    i.OLED_WrCmd                             0x08000d7c   Section        0  oled_spi.o(i.OLED_WrCmd)
    i.OLED_WrDat                             0x08000ddc   Section        0  oled_spi.o(i.OLED_WrDat)
    i.PendSV_Handler                         0x08000e3c   Section        0  stm32f10x_it.o(i.PendSV_Handler)
    i.RCC_APB1PeriphClockCmd                 0x08000e40   Section        0  stm32f10x_rcc.o(i.RCC_APB1PeriphClockCmd)
    i.RCC_APB1PeriphResetCmd                 0x08000e60   Section        0  stm32f10x_rcc.o(i.RCC_APB1PeriphResetCmd)
    i.RCC_APB2PeriphClockCmd                 0x08000e80   Section        0  stm32f10x_rcc.o(i.RCC_APB2PeriphClockCmd)
    i.RCC_APB2PeriphResetCmd                 0x08000ea0   Section        0  stm32f10x_rcc.o(i.RCC_APB2PeriphResetCmd)
    i.RCC_GetClocksFreq                      0x08000ec0   Section        0  stm32f10x_rcc.o(i.RCC_GetClocksFreq)
    i.SPI_ChangeRate                         0x08000f94   Section        0  port.o(i.SPI_ChangeRate)
    i.SPI_Cmd                                0x08000fb0   Section        0  stm32f10x_spi.o(i.SPI_Cmd)
    i.SPI_Configuration                      0x08000fc8   Section        0  port.o(i.SPI_Configuration)
    i.SPI_I2S_DeInit                         0x0800107c   Section        0  stm32f10x_spi.o(i.SPI_I2S_DeInit)
    i.SPI_Init                               0x080010d4   Section        0  stm32f10x_spi.o(i.SPI_Init)
    i.SPI_SSOutputCmd                        0x08001110   Section        0  stm32f10x_spi.o(i.SPI_SSOutputCmd)
    i.SVC_Handler                            0x08001128   Section        0  stm32f10x_it.o(i.SVC_Handler)
    i.SetSysClock                            0x0800112a   Section        0  system_stm32f10x.o(i.SetSysClock)
    SetSysClock                              0x0800112b   Thumb Code     8  system_stm32f10x.o(i.SetSysClock)
    i.SetSysClockTo72                        0x08001134   Section        0  system_stm32f10x.o(i.SetSysClockTo72)
    SetSysClockTo72                          0x08001135   Thumb Code   214  system_stm32f10x.o(i.SetSysClockTo72)
    i.Src_acquire                            0x08001214   Section        0  ds_twr_resp.o(i.Src_acquire)
    Src_acquire                              0x08001215   Thumb Code    16  ds_twr_resp.o(i.Src_acquire)
    i.SysTick_CLKSourceConfig                0x08001224   Section        0  misc.o(i.SysTick_CLKSourceConfig)
    i.SysTick_Handler                        0x0800124c   Section        0  stm32f10x_it.o(i.SysTick_Handler)
    i.SystemInit                             0x0800125c   Section        0  system_stm32f10x.o(i.SystemInit)
    i.TIM3_IRQHandler                        0x080012bc   Section        0  timer.o(i.TIM3_IRQHandler)
    i.TIM3_Int_Init                          0x080012e0   Section        0  timer.o(i.TIM3_Int_Init)
    i.TIM_ClearITPendingBit                  0x08001348   Section        0  stm32f10x_tim.o(i.TIM_ClearITPendingBit)
    i.TIM_Cmd                                0x0800134e   Section        0  stm32f10x_tim.o(i.TIM_Cmd)
    i.TIM_GetITStatus                        0x08001366   Section        0  stm32f10x_tim.o(i.TIM_GetITStatus)
    i.TIM_ITConfig                           0x08001388   Section        0  stm32f10x_tim.o(i.TIM_ITConfig)
    i.TIM_TimeBaseInit                       0x0800139c   Section        0  stm32f10x_tim.o(i.TIM_TimeBaseInit)
    i.USART1_IRQHandler                      0x08001440   Section        0  usart.o(i.USART1_IRQHandler)
    i.USART_ClearITPendingBit                0x08001488   Section        0  stm32f10x_usart.o(i.USART_ClearITPendingBit)
    i.USART_Cmd                              0x080014a6   Section        0  stm32f10x_usart.o(i.USART_Cmd)
    i.USART_GetITStatus                      0x080014be   Section        0  stm32f10x_usart.o(i.USART_GetITStatus)
    i.USART_ITConfig                         0x08001512   Section        0  stm32f10x_usart.o(i.USART_ITConfig)
    i.USART_Init                             0x0800155c   Section        0  stm32f10x_usart.o(i.USART_Init)
    i.USART_ReceiveData                      0x08001634   Section        0  stm32f10x_usart.o(i.USART_ReceiveData)
    i.UsageFault_Handler                     0x0800163e   Section        0  stm32f10x_it.o(i.UsageFault_Handler)
    i._dwt_aonarrayupload                    0x08001642   Section        0  deca_device.o(i._dwt_aonarrayupload)
    i._dwt_configlde                         0x0800165a   Section        0  deca_device.o(i._dwt_configlde)
    i._dwt_disablesequencing                 0x0800168c   Section        0  deca_device.o(i._dwt_disablesequencing)
    i._dwt_enableclocks                      0x080016a0   Section        0  deca_device.o(i._dwt_enableclocks)
    i._dwt_loaducodefromrom                  0x08001794   Section        0  deca_device.o(i._dwt_loaducodefromrom)
    i._dwt_otpread                           0x080017b6   Section        0  deca_device.o(i._dwt_otpread)
    i._is_digit                              0x080017e6   Section        0  __printf_wp.o(i._is_digit)
    i._sys_exit                              0x080017f4   Section        0  usart.o(i._sys_exit)
    i.deca_sleep                             0x080017f8   Section        0  deca_sleep.o(i.deca_sleep)
    i.decamutexoff                           0x08001804   Section        0  deca_mutex.o(i.decamutexoff)
    i.decamutexon                            0x08001820   Section        0  deca_mutex.o(i.decamutexon)
    i.delay_init                             0x08001848   Section        0  delay.o(i.delay_init)
    i.delay_ms                               0x0800188c   Section        0  delay.o(i.delay_ms)
    i.ds_twr_distance_tx                     0x080018d8   Section        0  ds_twr_resp.o(i.ds_twr_distance_tx)
    ds_twr_distance_tx                       0x080018d9   Thumb Code   132  ds_twr_resp.o(i.ds_twr_distance_tx)
    i.ds_twr_final_handle                    0x08001970   Section        0  ds_twr_resp.o(i.ds_twr_final_handle)
    ds_twr_final_handle                      0x08001971   Thumb Code   448  ds_twr_resp.o(i.ds_twr_final_handle)
    i.ds_twr_final_rx                        0x08001b60   Section        0  ds_twr_resp.o(i.ds_twr_final_rx)
    ds_twr_final_rx                          0x08001b61   Thumb Code    48  ds_twr_resp.o(i.ds_twr_final_rx)
    i.ds_twr_poll_rx                         0x08001b94   Section        0  ds_twr_resp.o(i.ds_twr_poll_rx)
    ds_twr_poll_rx                           0x08001b95   Thumb Code    50  ds_twr_resp.o(i.ds_twr_poll_rx)
    i.ds_twr_resp_tx                         0x08001bcc   Section        0  ds_twr_resp.o(i.ds_twr_resp_tx)
    ds_twr_resp_tx                           0x08001bcd   Thumb Code    92  ds_twr_resp.o(i.ds_twr_resp_tx)
    i.ds_twr_responder                       0x08001c3c   Section        0  ds_twr_resp.o(i.ds_twr_responder)
    i.dw_init                                0x08001e5c   Section        0  dw1000.o(i.dw_init)
    i.dwt_configure                          0x08001f60   Section        0  deca_device.o(i.dwt_configure)
    i.dwt_forcetrxoff                        0x080021b8   Section        0  deca_device.o(i.dwt_forcetrxoff)
    i.dwt_initialise                         0x08002210   Section        0  deca_device.o(i.dwt_initialise)
    i.dwt_isr                                0x08002414   Section        0  deca_device.o(i.dwt_isr)
    i.dwt_read16bitoffsetreg                 0x080025a0   Section        0  deca_device.o(i.dwt_read16bitoffsetreg)
    i.dwt_read32bitoffsetreg                 0x080025c6   Section        0  deca_device.o(i.dwt_read32bitoffsetreg)
    i.dwt_read8bitoffsetreg                  0x080025f0   Section        0  deca_device.o(i.dwt_read8bitoffsetreg)
    i.dwt_readdevid                          0x08002608   Section        0  deca_device.o(i.dwt_readdevid)
    i.dwt_readfromdevice                     0x08002614   Section        0  deca_device.o(i.dwt_readfromdevice)
    i.dwt_readrxdata                         0x08002678   Section        0  deca_device.o(i.dwt_readrxdata)
    i.dwt_readrxtimestamp                    0x0800268e   Section        0  deca_device.o(i.dwt_readrxtimestamp)
    i.dwt_readtxtimestamp                    0x080026a0   Section        0  deca_device.o(i.dwt_readtxtimestamp)
    i.dwt_rxenable                           0x080026b2   Section        0  deca_device.o(i.dwt_rxenable)
    i.dwt_rxreset                            0x0800270e   Section        0  deca_device.o(i.dwt_rxreset)
    i.dwt_setdelayedtrxtime                  0x08002726   Section        0  deca_device.o(i.dwt_setdelayedtrxtime)
    i.dwt_setpreambledetecttimeout           0x08002736   Section        0  deca_device.o(i.dwt_setpreambledetecttimeout)
    i.dwt_setrxaftertxdelay                  0x08002746   Section        0  deca_device.o(i.dwt_setrxaftertxdelay)
    i.dwt_setrxantennadelay                  0x0800276a   Section        0  deca_device.o(i.dwt_setrxantennadelay)
    i.dwt_setrxtimeout                       0x0800277c   Section        0  deca_device.o(i.dwt_setrxtimeout)
    i.dwt_settxantennadelay                  0x080027dc   Section        0  deca_device.o(i.dwt_settxantennadelay)
    i.dwt_setxtaltrim                        0x080027ec   Section        0  deca_device.o(i.dwt_setxtaltrim)
    i.dwt_softreset                          0x08002804   Section        0  deca_device.o(i.dwt_softreset)
    i.dwt_starttx                            0x0800284c   Section        0  deca_device.o(i.dwt_starttx)
    i.dwt_syncrxbufptrs                      0x080028b8   Section        0  deca_device.o(i.dwt_syncrxbufptrs)
    i.dwt_write16bitoffsetreg                0x080028de   Section        0  deca_device.o(i.dwt_write16bitoffsetreg)
    i.dwt_write32bitoffsetreg                0x08002900   Section        0  deca_device.o(i.dwt_write32bitoffsetreg)
    i.dwt_write8bitoffsetreg                 0x08002928   Section        0  deca_device.o(i.dwt_write8bitoffsetreg)
    i.dwt_writetodevice                      0x0800293c   Section        0  deca_device.o(i.dwt_writetodevice)
    i.dwt_writetxdata                        0x080029a4   Section        0  deca_device.o(i.dwt_writetxdata)
    i.dwt_writetxfctrl                       0x080029cc   Section        0  deca_device.o(i.dwt_writetxfctrl)
    i.final_msg_get_ts                       0x080029f8   Section        0  ds_twr_resp.o(i.final_msg_get_ts)
    final_msg_get_ts                         0x080029f9   Thumb Code    32  ds_twr_resp.o(i.final_msg_get_ts)
    i.fputc                                  0x08002a18   Section        0  usart.o(i.fputc)
    i.get_rx_timestamp_u64                   0x08002a34   Section        0  ds_twr_resp.o(i.get_rx_timestamp_u64)
    get_rx_timestamp_u64                     0x08002a35   Thumb Code    44  ds_twr_resp.o(i.get_rx_timestamp_u64)
    i.get_tx_timestamp_u64                   0x08002a60   Section        0  ds_twr_resp.o(i.get_tx_timestamp_u64)
    get_tx_timestamp_u64                     0x08002a61   Thumb Code    44  ds_twr_resp.o(i.get_tx_timestamp_u64)
    i.main                                   0x08002a8c   Section        0  main.o(i.main)
    i.peripherals_init                       0x08002aa0   Section        0  port.o(i.peripherals_init)
    i.port_set_deca_isr                      0x08002ae0   Section        0  port.o(i.port_set_deca_isr)
    i.readfromspi                            0x08002b28   Section        0  deca_spi.o(i.readfromspi)
    i.reset_DW1000                           0x08002ba8   Section        0  port.o(i.reset_DW1000)
    i.sleep_ms                               0x08002bf8   Section        0  deca_sleep.o(i.sleep_ms)
    i.spi_peripheral_init                    0x08002bfa   Section        0  port.o(i.spi_peripheral_init)
    spi_peripheral_init                      0x08002bfb   Thumb Code     8  port.o(i.spi_peripheral_init)
    i.spi_set_rate_high                      0x08002c02   Section        0  port.o(i.spi_set_rate_high)
    i.spi_set_rate_low                       0x08002c0c   Section        0  port.o(i.spi_set_rate_low)
    i.uart_init                              0x08002c18   Section        0  usart.o(i.uart_init)
    i.writetospi                             0x08002cb8   Section        0  deca_spi.o(i.writetospi)
    x$fpl$dadd                               0x08002d34   Section      336  daddsub_clz.o(x$fpl$dadd)
    _dadd1                                   0x08002d45   Thumb Code     0  daddsub_clz.o(x$fpl$dadd)
    x$fpl$dcmpinf                            0x08002e84   Section       24  dcmpi.o(x$fpl$dcmpinf)
    x$fpl$ddiv                               0x08002e9c   Section      688  ddiv.o(x$fpl$ddiv)
    ddiv_entry                               0x08002ea3   Thumb Code     0  ddiv.o(x$fpl$ddiv)
    x$fpl$dfix                               0x0800314c   Section       94  dfix.o(x$fpl$dfix)
    x$fpl$dfltll                             0x080031ac   Section      162  dfltll_clz.o(x$fpl$dfltll)
    x$fpl$dfltu                              0x0800324e   Section       38  dflt_clz.o(x$fpl$dfltu)
    x$fpl$dleqf                              0x08003274   Section      120  dleqf.o(x$fpl$dleqf)
    x$fpl$dmul                               0x080032ec   Section      340  dmul.o(x$fpl$dmul)
    x$fpl$dnaninf                            0x08003440   Section      156  dnaninf.o(x$fpl$dnaninf)
    x$fpl$dretinf                            0x080034dc   Section       12  dretinf.o(x$fpl$dretinf)
    x$fpl$drleqf                             0x080034e8   Section      108  drleqf.o(x$fpl$drleqf)
    x$fpl$dsub                               0x08003554   Section      468  daddsub_clz.o(x$fpl$dsub)
    _dsub1                                   0x08003565   Thumb Code     0  daddsub_clz.o(x$fpl$dsub)
    x$fpl$llsfromd                           0x08003728   Section      194  dfixll.o(x$fpl$llsfromd)
    .constdata                               0x080037ea   Section     1248  bmp.o(.constdata)
    x$fpl$usenofp                            0x080037ea   Section        0  usenofp.o(x$fpl$usenofp)
    .constdata                               0x08003ccc   Section      174  deca_params_init.o(.constdata)
    .constdata                               0x08003d7a   Section       40  _printf_hex_int.o(.constdata)
    uc_hextab                                0x08003d7a   Data          20  _printf_hex_int.o(.constdata)
    lc_hextab                                0x08003d8e   Data          20  _printf_hex_int.o(.constdata)
    .data                                    0x20000000   Section       20  system_stm32f10x.o(.data)
    .data                                    0x20000014   Section        4  stm32f10x_it.o(.data)
    .data                                    0x20000018   Section       20  stm32f10x_rcc.o(.data)
    APBAHBPrescTable                         0x20000018   Data          16  stm32f10x_rcc.o(.data)
    ADCPrescTable                            0x20000028   Data           4  stm32f10x_rcc.o(.data)
    .data                                    0x2000002c   Section        4  deca_device.o(.data)
    pdw1000local                             0x2000002c   Data           4  deca_device.o(.data)
    .data                                    0x20000030   Section        4  port.o(.data)
    .data                                    0x20000038   Section      144  ds_twr_resp.o(.data)
    config                                   0x20000038   Data          12  ds_twr_resp.o(.data)
    rx_poll_msg                              0x20000047   Data          12  ds_twr_resp.o(.data)
    tx_resp_msg                              0x20000053   Data          14  ds_twr_resp.o(.data)
    rx_final_msg                             0x20000061   Data          26  ds_twr_resp.o(.data)
    tx_distance_msg                          0x2000007b   Data          14  ds_twr_resp.o(.data)
    tx_emergency_msg                         0x20000089   Data          12  ds_twr_resp.o(.data)
    frame_seq_nb                             0x20000095   Data           1  ds_twr_resp.o(.data)
    status_reg                               0x20000098   Data           4  ds_twr_resp.o(.data)
    poll_rx_ts                               0x200000a0   Data           8  ds_twr_resp.o(.data)
    resp_tx_ts                               0x200000a8   Data           8  ds_twr_resp.o(.data)
    final_rx_ts                              0x200000b0   Data           8  ds_twr_resp.o(.data)
    tof                                      0x200000b8   Data           8  ds_twr_resp.o(.data)
    distance                                 0x200000c0   Data           8  ds_twr_resp.o(.data)
    .data                                    0x200000c8   Section        1  timer.o(.data)
    .data                                    0x200000cc   Section        6  usart.o(.data)
    .data                                    0x200000d2   Section        4  delay.o(.data)
    fac_us                                   0x200000d2   Data           1  delay.o(.data)
    fac_ms                                   0x200000d4   Data           2  delay.o(.data)
    .bss                                     0x200000d8   Section       56  deca_device.o(.bss)
    dw1000local                              0x200000d8   Data          56  deca_device.o(.bss)
    .bss                                     0x20000110   Section      315  ds_twr_resp.o(.bss)
    rx_buffer                                0x20000228   Data          35  ds_twr_resp.o(.bss)
    .bss                                     0x2000024b   Section      300  usart.o(.bss)
    .bss                                     0x20000378   Section       96  libspace.o(.bss)
    HEAP                                     0x200003d8   Section      512  startup_stm32f10x_md.o(HEAP)
    Heap_Mem                                 0x200003d8   Data         512  startup_stm32f10x_md.o(HEAP)
    STACK                                    0x200005d8   Section     1024  startup_stm32f10x_md.o(STACK)
    Stack_Mem                                0x200005d8   Data        1024  startup_stm32f10x_md.o(STACK)
    __initial_sp                             0x200009d8   Data           0  startup_stm32f10x_md.o(STACK)

    Global Symbols

    Symbol Name                              Value     Ov Type        Size  Object(Section)

    BuildAttributes$$THM_ISAv4$P$D$K$B$S$PE$A:L22UL41UL21$X:L11$S22US41US21$IEEE1$IW$USESV6$~STKCKD$USESV7$~SHL$OTIME$ROPI$IEEEX$EBA8$UX$STANDARDLIB$REQ8$PRES8$EABIv2 0x00000000   Number         0  anon$$obj.o ABSOLUTE
    __ARM_use_no_argv                        0x00000000   Number         0  main.o ABSOLUTE
    _printf_flags                            0x00000000   Number         0  printf_stubs.o ABSOLUTE
    _printf_return_value                     0x00000000   Number         0  printf_stubs.o ABSOLUTE
    _printf_sizespec                         0x00000000   Number         0  printf_stubs.o ABSOLUTE
    _printf_widthprec                        0x00000000   Number         0  printf_stubs.o ABSOLUTE
    __ARM_exceptions_init                     - Undefined Weak Reference
    __alloca_initialize                       - Undefined Weak Reference
    __arm_preinit_                            - Undefined Weak Reference
    __cpp_initialize__aeabi_                  - Undefined Weak Reference
    __cxa_finalize                            - Undefined Weak Reference
    __sigvec_lookup                           - Undefined Weak Reference
    _atexit_init                              - Undefined Weak Reference
    _call_atexit_fns                          - Undefined Weak Reference
    _clock_init                               - Undefined Weak Reference
    _fp_trap_init                             - Undefined Weak Reference
    _fp_trap_shutdown                         - Undefined Weak Reference
    _get_lc_collate                           - Undefined Weak Reference
    _get_lc_ctype                             - Undefined Weak Reference
    _get_lc_monetary                          - Undefined Weak Reference
    _get_lc_time                              - Undefined Weak Reference
    _getenv_init                              - Undefined Weak Reference
    _handle_redirection                       - Undefined Weak Reference
    _init_alloc                               - Undefined Weak Reference
    _init_user_alloc                          - Undefined Weak Reference
    _initio                                   - Undefined Weak Reference
    _mutex_acquire                            - Undefined Weak Reference
    _mutex_release                            - Undefined Weak Reference
    _printf_truncate_signed                   - Undefined Weak Reference
    _printf_truncate_unsigned                 - Undefined Weak Reference
    _rand_init                                - Undefined Weak Reference
    _signal_finish                            - Undefined Weak Reference
    _signal_init                              - Undefined Weak Reference
    _terminate_alloc                          - Undefined Weak Reference
    _terminate_user_alloc                     - Undefined Weak Reference
    _terminateio                              - Undefined Weak Reference
    __Vectors_Size                           0x000000ec   Number         0  startup_stm32f10x_md.o ABSOLUTE
    __Vectors                                0x08000000   Data           4  startup_stm32f10x_md.o(RESET)
    __Vectors_End                            0x080000ec   Data           0  startup_stm32f10x_md.o(RESET)
    __main                                   0x080000ed   Thumb Code     8  __main.o(!!!main)
    __scatterload                            0x080000f5   Thumb Code     0  __scatter.o(!!!scatter)
    __scatterload_rt2                        0x080000f5   Thumb Code    44  __scatter.o(!!!scatter)
    __scatterload_rt2_thumb_only             0x080000f5   Thumb Code     0  __scatter.o(!!!scatter)
    __scatterload_null                       0x08000103   Thumb Code     0  __scatter.o(!!!scatter)
    __scatterload_copy                       0x08000129   Thumb Code    26  __scatter_copy.o(!!handler_copy)
    __scatterload_zeroinit                   0x08000145   Thumb Code    28  __scatter_zi.o(!!handler_zi)
    _printf_percent                          0x08000161   Thumb Code     0  _printf_percent.o(.ARM.Collect$$_printf_percent$$00000000)
    _printf_x                                0x08000161   Thumb Code     0  _printf_x.o(.ARM.Collect$$_printf_percent$$0000000C)
    _printf_percent_end                      0x08000167   Thumb Code     0  _printf_percent_end.o(.ARM.Collect$$_printf_percent$$00000017)
    __rt_lib_init                            0x0800016b   Thumb Code     0  libinit.o(.ARM.Collect$$libinit$$00000000)
    __rt_lib_init_alloca_1                   0x0800016d   Thumb Code     0  libinit2.o(.ARM.Collect$$libinit$$0000002E)
    __rt_lib_init_argv_1                     0x0800016d   Thumb Code     0  libinit2.o(.ARM.Collect$$libinit$$0000002C)
    __rt_lib_init_atexit_1                   0x0800016d   Thumb Code     0  libinit2.o(.ARM.Collect$$libinit$$0000001B)
    __rt_lib_init_clock_1                    0x0800016d   Thumb Code     0  libinit2.o(.ARM.Collect$$libinit$$00000021)
    __rt_lib_init_cpp_1                      0x0800016d   Thumb Code     0  libinit2.o(.ARM.Collect$$libinit$$00000032)
    __rt_lib_init_exceptions_1               0x0800016d   Thumb Code     0  libinit2.o(.ARM.Collect$$libinit$$00000030)
    __rt_lib_init_fp_1                       0x0800016d   Thumb Code     0  libinit2.o(.ARM.Collect$$libinit$$00000002)
    __rt_lib_init_fp_trap_1                  0x0800016d   Thumb Code     0  libinit2.o(.ARM.Collect$$libinit$$0000001F)
    __rt_lib_init_getenv_1                   0x0800016d   Thumb Code     0  libinit2.o(.ARM.Collect$$libinit$$00000023)
    __rt_lib_init_heap_1                     0x0800016d   Thumb Code     0  libinit2.o(.ARM.Collect$$libinit$$0000000A)
    __rt_lib_init_lc_collate_1               0x0800016d   Thumb Code     0  libinit2.o(.ARM.Collect$$libinit$$00000011)
    __rt_lib_init_lc_ctype_1                 0x0800016d   Thumb Code     0  libinit2.o(.ARM.Collect$$libinit$$00000013)
    __rt_lib_init_lc_monetary_1              0x0800016d   Thumb Code     0  libinit2.o(.ARM.Collect$$libinit$$00000015)
    __rt_lib_init_lc_numeric_1               0x0800016d   Thumb Code     0  libinit2.o(.ARM.Collect$$libinit$$00000017)
    __rt_lib_init_lc_time_1                  0x0800016d   Thumb Code     0  libinit2.o(.ARM.Collect$$libinit$$00000019)
    __rt_lib_init_preinit_1                  0x0800016d   Thumb Code     0  libinit2.o(.ARM.Collect$$libinit$$00000004)
    __rt_lib_init_rand_1                     0x0800016d   Thumb Code     0  libinit2.o(.ARM.Collect$$libinit$$0000000E)
    __rt_lib_init_return                     0x0800016d   Thumb Code     0  libinit2.o(.ARM.Collect$$libinit$$00000033)
    __rt_lib_init_signal_1                   0x0800016d   Thumb Code     0  libinit2.o(.ARM.Collect$$libinit$$0000001D)
    __rt_lib_init_stdio_1                    0x0800016d   Thumb Code     0  libinit2.o(.ARM.Collect$$libinit$$00000025)
    __rt_lib_init_user_alloc_1               0x0800016d   Thumb Code     0  libinit2.o(.ARM.Collect$$libinit$$0000000C)
    __rt_lib_shutdown                        0x0800016f   Thumb Code     0  libshutdown.o(.ARM.Collect$$libshutdown$$00000000)
    __rt_lib_shutdown_cpp_1                  0x08000171   Thumb Code     0  libshutdown2.o(.ARM.Collect$$libshutdown$$00000002)
    __rt_lib_shutdown_fp_trap_1              0x08000171   Thumb Code     0  libshutdown2.o(.ARM.Collect$$libshutdown$$00000007)
    __rt_lib_shutdown_heap_1                 0x08000171   Thumb Code     0  libshutdown2.o(.ARM.Collect$$libshutdown$$0000000F)
    __rt_lib_shutdown_return                 0x08000171   Thumb Code     0  libshutdown2.o(.ARM.Collect$$libshutdown$$00000010)
    __rt_lib_shutdown_signal_1               0x08000171   Thumb Code     0  libshutdown2.o(.ARM.Collect$$libshutdown$$0000000A)
    __rt_lib_shutdown_stdio_1                0x08000171   Thumb Code     0  libshutdown2.o(.ARM.Collect$$libshutdown$$00000004)
    __rt_lib_shutdown_user_alloc_1           0x08000171   Thumb Code     0  libshutdown2.o(.ARM.Collect$$libshutdown$$0000000C)
    __rt_entry                               0x08000173   Thumb Code     0  __rtentry.o(.ARM.Collect$$rtentry$$00000000)
    __rt_entry_presh_1                       0x08000173   Thumb Code     0  __rtentry2.o(.ARM.Collect$$rtentry$$00000002)
    __rt_entry_sh                            0x08000173   Thumb Code     0  __rtentry4.o(.ARM.Collect$$rtentry$$00000004)
    __rt_entry_li                            0x08000179   Thumb Code     0  __rtentry2.o(.ARM.Collect$$rtentry$$0000000A)
    __rt_entry_postsh_1                      0x08000179   Thumb Code     0  __rtentry2.o(.ARM.Collect$$rtentry$$00000009)
    __rt_entry_main                          0x0800017d   Thumb Code     0  __rtentry2.o(.ARM.Collect$$rtentry$$0000000D)
    __rt_entry_postli_1                      0x0800017d   Thumb Code     0  __rtentry2.o(.ARM.Collect$$rtentry$$0000000C)
    __rt_exit                                0x08000185   Thumb Code     0  rtexit.o(.ARM.Collect$$rtexit$$00000000)
    __rt_exit_ls                             0x08000187   Thumb Code     0  rtexit2.o(.ARM.Collect$$rtexit$$00000003)
    __rt_exit_prels_1                        0x08000187   Thumb Code     0  rtexit2.o(.ARM.Collect$$rtexit$$00000002)
    __rt_exit_exit                           0x0800018b   Thumb Code     0  rtexit2.o(.ARM.Collect$$rtexit$$00000004)
    Reset_Handler                            0x08000191   Thumb Code     8  startup_stm32f10x_md.o(.text)
    ADC1_2_IRQHandler                        0x080001ab   Thumb Code     0  startup_stm32f10x_md.o(.text)
    CAN1_RX1_IRQHandler                      0x080001ab   Thumb Code     0  startup_stm32f10x_md.o(.text)
    CAN1_SCE_IRQHandler                      0x080001ab   Thumb Code     0  startup_stm32f10x_md.o(.text)
    DMA1_Channel1_IRQHandler                 0x080001ab   Thumb Code     0  startup_stm32f10x_md.o(.text)
    DMA1_Channel2_IRQHandler                 0x080001ab   Thumb Code     0  startup_stm32f10x_md.o(.text)
    DMA1_Channel3_IRQHandler                 0x080001ab   Thumb Code     0  startup_stm32f10x_md.o(.text)
    DMA1_Channel4_IRQHandler                 0x080001ab   Thumb Code     0  startup_stm32f10x_md.o(.text)
    DMA1_Channel5_IRQHandler                 0x080001ab   Thumb Code     0  startup_stm32f10x_md.o(.text)
    DMA1_Channel6_IRQHandler                 0x080001ab   Thumb Code     0  startup_stm32f10x_md.o(.text)
    DMA1_Channel7_IRQHandler                 0x080001ab   Thumb Code     0  startup_stm32f10x_md.o(.text)
    EXTI0_IRQHandler                         0x080001ab   Thumb Code     0  startup_stm32f10x_md.o(.text)
    EXTI15_10_IRQHandler                     0x080001ab   Thumb Code     0  startup_stm32f10x_md.o(.text)
    EXTI1_IRQHandler                         0x080001ab   Thumb Code     0  startup_stm32f10x_md.o(.text)
    EXTI2_IRQHandler                         0x080001ab   Thumb Code     0  startup_stm32f10x_md.o(.text)
    EXTI4_IRQHandler                         0x080001ab   Thumb Code     0  startup_stm32f10x_md.o(.text)
    EXTI9_5_IRQHandler                       0x080001ab   Thumb Code     0  startup_stm32f10x_md.o(.text)
    FLASH_IRQHandler                         0x080001ab   Thumb Code     0  startup_stm32f10x_md.o(.text)
    I2C1_ER_IRQHandler                       0x080001ab   Thumb Code     0  startup_stm32f10x_md.o(.text)
    I2C1_EV_IRQHandler                       0x080001ab   Thumb Code     0  startup_stm32f10x_md.o(.text)
    I2C2_ER_IRQHandler                       0x080001ab   Thumb Code     0  startup_stm32f10x_md.o(.text)
    I2C2_EV_IRQHandler                       0x080001ab   Thumb Code     0  startup_stm32f10x_md.o(.text)
    PVD_IRQHandler                           0x080001ab   Thumb Code     0  startup_stm32f10x_md.o(.text)
    RCC_IRQHandler                           0x080001ab   Thumb Code     0  startup_stm32f10x_md.o(.text)
    RTCAlarm_IRQHandler                      0x080001ab   Thumb Code     0  startup_stm32f10x_md.o(.text)
    RTC_IRQHandler                           0x080001ab   Thumb Code     0  startup_stm32f10x_md.o(.text)
    SPI1_IRQHandler                          0x080001ab   Thumb Code     0  startup_stm32f10x_md.o(.text)
    SPI2_IRQHandler                          0x080001ab   Thumb Code     0  startup_stm32f10x_md.o(.text)
    TAMPER_IRQHandler                        0x080001ab   Thumb Code     0  startup_stm32f10x_md.o(.text)
    TIM1_BRK_IRQHandler                      0x080001ab   Thumb Code     0  startup_stm32f10x_md.o(.text)
    TIM1_CC_IRQHandler                       0x080001ab   Thumb Code     0  startup_stm32f10x_md.o(.text)
    TIM1_TRG_COM_IRQHandler                  0x080001ab   Thumb Code     0  startup_stm32f10x_md.o(.text)
    TIM1_UP_IRQHandler                       0x080001ab   Thumb Code     0  startup_stm32f10x_md.o(.text)
    TIM2_IRQHandler                          0x080001ab   Thumb Code     0  startup_stm32f10x_md.o(.text)
    TIM4_IRQHandler                          0x080001ab   Thumb Code     0  startup_stm32f10x_md.o(.text)
    USART2_IRQHandler                        0x080001ab   Thumb Code     0  startup_stm32f10x_md.o(.text)
    USART3_IRQHandler                        0x080001ab   Thumb Code     0  startup_stm32f10x_md.o(.text)
    USBWakeUp_IRQHandler                     0x080001ab   Thumb Code     0  startup_stm32f10x_md.o(.text)
    USB_HP_CAN1_TX_IRQHandler                0x080001ab   Thumb Code     0  startup_stm32f10x_md.o(.text)
    USB_LP_CAN1_RX0_IRQHandler               0x080001ab   Thumb Code     0  startup_stm32f10x_md.o(.text)
    WWDG_IRQHandler                          0x080001ab   Thumb Code     0  startup_stm32f10x_md.o(.text)
    __user_initial_stackheap                 0x080001ad   Thumb Code     0  startup_stm32f10x_md.o(.text)
    __use_no_semihosting                     0x080001d1   Thumb Code     2  use_no_semi_2.o(.text)
    __2printf                                0x080001d5   Thumb Code    20  noretval__2printf.o(.text)
    _printf_int_hex                          0x080001ed   Thumb Code    84  _printf_hex_int.o(.text)
    _printf_longlong_hex                     0x080001ed   Thumb Code     0  _printf_hex_int.o(.text)
    __printf                                 0x08000245   Thumb Code   270  __printf_wp.o(.text)
    memcmp                                   0x08000353   Thumb Code    88  memcmp.o(.text)
    __use_two_region_memory                  0x080003ab   Thumb Code     2  heapauxi.o(.text)
    __rt_heap_escrow$2region                 0x080003ad   Thumb Code     2  heapauxi.o(.text)
    __rt_heap_expand$2region                 0x080003af   Thumb Code     2  heapauxi.o(.text)
    __I$use$semihosting                      0x080003b1   Thumb Code     0  use_no_semi.o(.text)
    __use_no_semihosting_swi                 0x080003b1   Thumb Code     2  use_no_semi.o(.text)
    _printf_int_common                       0x080003b3   Thumb Code   178  _printf_intcommon.o(.text)
    _printf_char_common                      0x0800046f   Thumb Code    32  _printf_char_common.o(.text)
    _printf_char_file                        0x08000495   Thumb Code    32  _printf_char_file.o(.text)
    ferror                                   0x080004b9   Thumb Code     8  ferror.o(.text)
    __user_libspace                          0x080004c1   Thumb Code     8  libspace.o(.text)
    __user_perproc_libspace                  0x080004c1   Thumb Code     0  libspace.o(.text)
    __user_perthread_libspace                0x080004c1   Thumb Code     0  libspace.o(.text)
    __user_setup_stackheap                   0x080004c9   Thumb Code    74  sys_stackheap_outer.o(.text)
    exit                                     0x08000513   Thumb Code    18  exit.o(.text)
    BTN_Init                                 0x08000525   Thumb Code    60  btn.o(i.BTN_Init)
    BusFault_Handler                         0x08000569   Thumb Code     4  stm32f10x_it.o(i.BusFault_Handler)
    DebugMon_Handler                         0x08000649   Thumb Code     2  stm32f10x_it.o(i.DebugMon_Handler)
    Display_String                           0x0800064d   Thumb Code   212  bmp.o(i.Display_String)
    EXTI3_IRQHandler                         0x08000735   Thumb Code    30  stm32f10x_it.o(i.EXTI3_IRQHandler)
    EXTI_ClearITPendingBit                   0x0800075d   Thumb Code     6  stm32f10x_exti.o(i.EXTI_ClearITPendingBit)
    EXTI_GetITEnStatus                       0x08000769   Thumb Code    24  port.o(i.EXTI_GetITEnStatus)
    EXTI_Init                                0x08000785   Thumb Code   142  stm32f10x_exti.o(i.EXTI_Init)
    GPIO_Configuration                       0x08000819   Thumb Code    76  port.o(i.GPIO_Configuration)
    GPIO_EXTILineConfig                      0x08000879   Thumb Code    60  stm32f10x_gpio.o(i.GPIO_EXTILineConfig)
    GPIO_Init                                0x080008b9   Thumb Code   278  stm32f10x_gpio.o(i.GPIO_Init)
    GPIO_PinRemapConfig                      0x080009d1   Thumb Code   138  stm32f10x_gpio.o(i.GPIO_PinRemapConfig)
    GPIO_ReadInputDataBit                    0x08000a61   Thumb Code    18  stm32f10x_gpio.o(i.GPIO_ReadInputDataBit)
    GPIO_ResetBits                           0x08000a73   Thumb Code     4  stm32f10x_gpio.o(i.GPIO_ResetBits)
    GPIO_SetBits                             0x08000a77   Thumb Code     4  stm32f10x_gpio.o(i.GPIO_SetBits)
    HardFault_Handler                        0x08000a7b   Thumb Code     4  stm32f10x_it.o(i.HardFault_Handler)
    LED_Init                                 0x08000a81   Thumb Code    72  led.o(i.LED_Init)
    MemManage_Handler                        0x08000ad1   Thumb Code     4  stm32f10x_it.o(i.MemManage_Handler)
    NMI_Handler                              0x08000ad5   Thumb Code     2  stm32f10x_it.o(i.NMI_Handler)
    NVIC_Configuration                       0x08000ad9   Thumb Code   102  port.o(i.NVIC_Configuration)
    NVIC_Init                                0x08000b45   Thumb Code   100  misc.o(i.NVIC_Init)
    NVIC_PriorityGroupConfig                 0x08000bb5   Thumb Code    10  misc.o(i.NVIC_PriorityGroupConfig)
    OLED_Draw_Chars                          0x08000bc9   Thumb Code    72  oled_spi.o(i.OLED_Draw_Chars)
    OLED_Fill                                0x08000c11   Thumb Code    58  oled_spi.o(i.OLED_Fill)
    OLED_Init                                0x08000c4d   Thumb Code   256  oled_spi.o(i.OLED_Init)
    OLED_Set_Pos                             0x08000d59   Thumb Code    36  oled_spi.o(i.OLED_Set_Pos)
    OLED_WrCmd                               0x08000d7d   Thumb Code    86  oled_spi.o(i.OLED_WrCmd)
    OLED_WrDat                               0x08000ddd   Thumb Code    88  oled_spi.o(i.OLED_WrDat)
    PendSV_Handler                           0x08000e3d   Thumb Code     2  stm32f10x_it.o(i.PendSV_Handler)
    RCC_APB1PeriphClockCmd                   0x08000e41   Thumb Code    26  stm32f10x_rcc.o(i.RCC_APB1PeriphClockCmd)
    RCC_APB1PeriphResetCmd                   0x08000e61   Thumb Code    26  stm32f10x_rcc.o(i.RCC_APB1PeriphResetCmd)
    RCC_APB2PeriphClockCmd                   0x08000e81   Thumb Code    26  stm32f10x_rcc.o(i.RCC_APB2PeriphClockCmd)
    RCC_APB2PeriphResetCmd                   0x08000ea1   Thumb Code    26  stm32f10x_rcc.o(i.RCC_APB2PeriphResetCmd)
    RCC_GetClocksFreq                        0x08000ec1   Thumb Code   192  stm32f10x_rcc.o(i.RCC_GetClocksFreq)
    SPI_ChangeRate                           0x08000f95   Thumb Code    22  port.o(i.SPI_ChangeRate)
    SPI_Cmd                                  0x08000fb1   Thumb Code    24  stm32f10x_spi.o(i.SPI_Cmd)
    SPI_Configuration                        0x08000fc9   Thumb Code   172  port.o(i.SPI_Configuration)
    SPI_I2S_DeInit                           0x0800107d   Thumb Code    76  stm32f10x_spi.o(i.SPI_I2S_DeInit)
    SPI_Init                                 0x080010d5   Thumb Code    60  stm32f10x_spi.o(i.SPI_Init)
    SPI_SSOutputCmd                          0x08001111   Thumb Code    24  stm32f10x_spi.o(i.SPI_SSOutputCmd)
    SVC_Handler                              0x08001129   Thumb Code     2  stm32f10x_it.o(i.SVC_Handler)
    SysTick_CLKSourceConfig                  0x08001225   Thumb Code    40  misc.o(i.SysTick_CLKSourceConfig)
    SysTick_Handler                          0x0800124d   Thumb Code    12  stm32f10x_it.o(i.SysTick_Handler)
    SystemInit                               0x0800125d   Thumb Code    78  system_stm32f10x.o(i.SystemInit)
    TIM3_IRQHandler                          0x080012bd   Thumb Code    28  timer.o(i.TIM3_IRQHandler)
    TIM3_Int_Init                            0x080012e1   Thumb Code    96  timer.o(i.TIM3_Int_Init)
    TIM_ClearITPendingBit                    0x08001349   Thumb Code     6  stm32f10x_tim.o(i.TIM_ClearITPendingBit)
    TIM_Cmd                                  0x0800134f   Thumb Code    24  stm32f10x_tim.o(i.TIM_Cmd)
    TIM_GetITStatus                          0x08001367   Thumb Code    34  stm32f10x_tim.o(i.TIM_GetITStatus)
    TIM_ITConfig                             0x08001389   Thumb Code    18  stm32f10x_tim.o(i.TIM_ITConfig)
    TIM_TimeBaseInit                         0x0800139d   Thumb Code   122  stm32f10x_tim.o(i.TIM_TimeBaseInit)
    USART1_IRQHandler                        0x08001441   Thumb Code    56  usart.o(i.USART1_IRQHandler)
    USART_ClearITPendingBit                  0x08001489   Thumb Code    30  stm32f10x_usart.o(i.USART_ClearITPendingBit)
    USART_Cmd                                0x080014a7   Thumb Code    24  stm32f10x_usart.o(i.USART_Cmd)
    USART_GetITStatus                        0x080014bf   Thumb Code    84  stm32f10x_usart.o(i.USART_GetITStatus)
    USART_ITConfig                           0x08001513   Thumb Code    74  stm32f10x_usart.o(i.USART_ITConfig)
    USART_Init                               0x0800155d   Thumb Code   210  stm32f10x_usart.o(i.USART_Init)
    USART_ReceiveData                        0x08001635   Thumb Code    10  stm32f10x_usart.o(i.USART_ReceiveData)
    UsageFault_Handler                       0x0800163f   Thumb Code     4  stm32f10x_it.o(i.UsageFault_Handler)
    _dwt_aonarrayupload                      0x08001643   Thumb Code    24  deca_device.o(i._dwt_aonarrayupload)
    _dwt_configlde                           0x0800165b   Thumb Code    50  deca_device.o(i._dwt_configlde)
    _dwt_disablesequencing                   0x0800168d   Thumb Code    20  deca_device.o(i._dwt_disablesequencing)
    _dwt_enableclocks                        0x080016a1   Thumb Code   244  deca_device.o(i._dwt_enableclocks)
    _dwt_loaducodefromrom                    0x08001795   Thumb Code    34  deca_device.o(i._dwt_loaducodefromrom)
    _dwt_otpread                             0x080017b7   Thumb Code    48  deca_device.o(i._dwt_otpread)
    _is_digit                                0x080017e7   Thumb Code    14  __printf_wp.o(i._is_digit)
    _sys_exit                                0x080017f5   Thumb Code     4  usart.o(i._sys_exit)
    deca_sleep                               0x080017f9   Thumb Code    12  deca_sleep.o(i.deca_sleep)
    decamutexoff                             0x08001805   Thumb Code    28  deca_mutex.o(i.decamutexoff)
    decamutexon                              0x08001821   Thumb Code    34  deca_mutex.o(i.decamutexon)
    delay_init                               0x08001849   Thumb Code    50  delay.o(i.delay_init)
    delay_ms                                 0x0800188d   Thumb Code    72  delay.o(i.delay_ms)
    ds_twr_responder                         0x08001c3d   Thumb Code   446  ds_twr_resp.o(i.ds_twr_responder)
    dw_init                                  0x08001e5d   Thumb Code   172  dw1000.o(i.dw_init)
    dwt_configure                            0x08001f61   Thumb Code   550  deca_device.o(i.dwt_configure)
    dwt_forcetrxoff                          0x080021b9   Thumb Code    78  deca_device.o(i.dwt_forcetrxoff)
    dwt_initialise                           0x08002211   Thumb Code   508  deca_device.o(i.dwt_initialise)
    dwt_isr                                  0x08002415   Thumb Code   388  deca_device.o(i.dwt_isr)
    dwt_read16bitoffsetreg                   0x080025a1   Thumb Code    38  deca_device.o(i.dwt_read16bitoffsetreg)
    dwt_read32bitoffsetreg                   0x080025c7   Thumb Code    42  deca_device.o(i.dwt_read32bitoffsetreg)
    dwt_read8bitoffsetreg                    0x080025f1   Thumb Code    24  deca_device.o(i.dwt_read8bitoffsetreg)
    dwt_readdevid                            0x08002609   Thumb Code    12  deca_device.o(i.dwt_readdevid)
    dwt_readfromdevice                       0x08002615   Thumb Code   100  deca_device.o(i.dwt_readfromdevice)
    dwt_readrxdata                           0x08002679   Thumb Code    22  deca_device.o(i.dwt_readrxdata)
    dwt_readrxtimestamp                      0x0800268f   Thumb Code    18  deca_device.o(i.dwt_readrxtimestamp)
    dwt_readtxtimestamp                      0x080026a1   Thumb Code    18  deca_device.o(i.dwt_readtxtimestamp)
    dwt_rxenable                             0x080026b3   Thumb Code    92  deca_device.o(i.dwt_rxenable)
    dwt_rxreset                              0x0800270f   Thumb Code    24  deca_device.o(i.dwt_rxreset)
    dwt_setdelayedtrxtime                    0x08002727   Thumb Code    16  deca_device.o(i.dwt_setdelayedtrxtime)
    dwt_setpreambledetecttimeout             0x08002737   Thumb Code    16  deca_device.o(i.dwt_setpreambledetecttimeout)
    dwt_setrxaftertxdelay                    0x08002747   Thumb Code    36  deca_device.o(i.dwt_setrxaftertxdelay)
    dwt_setrxantennadelay                    0x0800276b   Thumb Code    18  deca_device.o(i.dwt_setrxantennadelay)
    dwt_setrxtimeout                         0x0800277d   Thumb Code    92  deca_device.o(i.dwt_setrxtimeout)
    dwt_settxantennadelay                    0x080027dd   Thumb Code    16  deca_device.o(i.dwt_settxantennadelay)
    dwt_setxtaltrim                          0x080027ed   Thumb Code    24  deca_device.o(i.dwt_setxtaltrim)
    dwt_softreset                            0x08002805   Thumb Code    66  deca_device.o(i.dwt_softreset)
    dwt_starttx                              0x0800284d   Thumb Code   104  deca_device.o(i.dwt_starttx)
    dwt_syncrxbufptrs                        0x080028b9   Thumb Code    38  deca_device.o(i.dwt_syncrxbufptrs)
    dwt_write16bitoffsetreg                  0x080028df   Thumb Code    34  deca_device.o(i.dwt_write16bitoffsetreg)
    dwt_write32bitoffsetreg                  0x08002901   Thumb Code    40  deca_device.o(i.dwt_write32bitoffsetreg)
    dwt_write8bitoffsetreg                   0x08002929   Thumb Code    20  deca_device.o(i.dwt_write8bitoffsetreg)
    dwt_writetodevice                        0x0800293d   Thumb Code   104  deca_device.o(i.dwt_writetodevice)
    dwt_writetxdata                          0x080029a5   Thumb Code    38  deca_device.o(i.dwt_writetxdata)
    dwt_writetxfctrl                         0x080029cd   Thumb Code    40  deca_device.o(i.dwt_writetxfctrl)
    fputc                                    0x08002a19   Thumb Code    24  usart.o(i.fputc)
    main                                     0x08002a8d   Thumb Code    20  main.o(i.main)
    peripherals_init                         0x08002aa1   Thumb Code    64  port.o(i.peripherals_init)
    port_set_deca_isr                        0x08002ae1   Thumb Code    62  port.o(i.port_set_deca_isr)
    readfromspi                              0x08002b29   Thumb Code   118  deca_spi.o(i.readfromspi)
    reset_DW1000                             0x08002ba9   Thumb Code    76  port.o(i.reset_DW1000)
    sleep_ms                                 0x08002bf9   Thumb Code     2  deca_sleep.o(i.sleep_ms)
    spi_set_rate_high                        0x08002c03   Thumb Code    10  port.o(i.spi_set_rate_high)
    spi_set_rate_low                         0x08002c0d   Thumb Code    10  port.o(i.spi_set_rate_low)
    uart_init                                0x08002c19   Thumb Code   152  usart.o(i.uart_init)
    writetospi                               0x08002cb9   Thumb Code   116  deca_spi.o(i.writetospi)
    __aeabi_dadd                             0x08002d35   Thumb Code     0  daddsub_clz.o(x$fpl$dadd)
    _dadd                                    0x08002d35   Thumb Code   332  daddsub_clz.o(x$fpl$dadd)
    __fpl_dcmp_Inf                           0x08002e85   Thumb Code    24  dcmpi.o(x$fpl$dcmpinf)
    __aeabi_ddiv                             0x08002e9d   Thumb Code     0  ddiv.o(x$fpl$ddiv)
    _ddiv                                    0x08002e9d   Thumb Code   552  ddiv.o(x$fpl$ddiv)
    __aeabi_d2iz                             0x0800314d   Thumb Code     0  dfix.o(x$fpl$dfix)
    _dfix                                    0x0800314d   Thumb Code    94  dfix.o(x$fpl$dfix)
    __aeabi_l2d                              0x080031ad   Thumb Code     0  dfltll_clz.o(x$fpl$dfltll)
    _ll_sto_d                                0x080031ad   Thumb Code   162  dfltll_clz.o(x$fpl$dfltll)
    __aeabi_ui2d                             0x0800324f   Thumb Code     0  dflt_clz.o(x$fpl$dfltu)
    _dfltu                                   0x0800324f   Thumb Code    38  dflt_clz.o(x$fpl$dfltu)
    __aeabi_cdcmple                          0x08003275   Thumb Code     0  dleqf.o(x$fpl$dleqf)
    _dcmple                                  0x08003275   Thumb Code   120  dleqf.o(x$fpl$dleqf)
    __fpl_dcmple_InfNaN                      0x080032d7   Thumb Code     0  dleqf.o(x$fpl$dleqf)
    __aeabi_dmul                             0x080032ed   Thumb Code     0  dmul.o(x$fpl$dmul)
    _dmul                                    0x080032ed   Thumb Code   332  dmul.o(x$fpl$dmul)
    __fpl_dnaninf                            0x08003441   Thumb Code   156  dnaninf.o(x$fpl$dnaninf)
    __fpl_dretinf                            0x080034dd   Thumb Code    12  dretinf.o(x$fpl$dretinf)
    __aeabi_cdrcmple                         0x080034e9   Thumb Code     0  drleqf.o(x$fpl$drleqf)
    _drcmple                                 0x080034e9   Thumb Code   108  drleqf.o(x$fpl$drleqf)
    __aeabi_dsub                             0x08003555   Thumb Code     0  daddsub_clz.o(x$fpl$dsub)
    _dsub                                    0x08003555   Thumb Code   464  daddsub_clz.o(x$fpl$dsub)
    __aeabi_d2lz                             0x08003729   Thumb Code     0  dfixll.o(x$fpl$llsfromd)
    _ll_sfrom_d                              0x08003729   Thumb Code   194  dfixll.o(x$fpl$llsfromd)
    __I$use$fp                               0x080037ea   Number         0  usenofp.o(x$fpl$usenofp)
    cbar                                     0x080037ea   Data          16  bmp.o(.constdata)
    colon                                    0x080037fa   Data          16  bmp.o(.constdata)
    comma                                    0x0800380a   Data          16  bmp.o(.constdata)
    dash                                     0x0800381a   Data          16  bmp.o(.constdata)
    symbol_dot                               0x0800382a   Data          16  bmp.o(.constdata)
    percent                                  0x0800383a   Data          16  bmp.o(.constdata)
    space                                    0x0800384a   Data          16  bmp.o(.constdata)
    underline                                0x0800385a   Data          16  bmp.o(.constdata)
    Number                                   0x0800386a   Data         160  bmp.o(.constdata)
    Alphabet                                 0x0800390a   Data         832  bmp.o(.constdata)
    Celsius                                  0x08003c4a   Data          32  bmp.o(.constdata)
    Text_Wen1                                0x08003c6a   Data          32  bmp.o(.constdata)
    Text_Du1                                 0x08003c8a   Data          32  bmp.o(.constdata)
    Text_Shi1                                0x08003caa   Data          32  bmp.o(.constdata)
    chan_idx                                 0x08003ccc   Data           8  deca_params_init.o(.constdata)
    tx_config                                0x08003cd4   Data          24  deca_params_init.o(.constdata)
    fs_pll_cfg                               0x08003cec   Data          24  deca_params_init.o(.constdata)
    fs_pll_tune                              0x08003d04   Data           6  deca_params_init.o(.constdata)
    rx_config                                0x08003d0a   Data           2  deca_params_init.o(.constdata)
    agc_config                               0x08003d0c   Data           8  deca_params_init.o(.constdata)
    dwnsSFDlen                               0x08003d14   Data           3  deca_params_init.o(.constdata)
    sftsh                                    0x08003d18   Data          12  deca_params_init.o(.constdata)
    dtune1                                   0x08003d24   Data           4  deca_params_init.o(.constdata)
    digital_bb_config                        0x08003d28   Data          32  deca_params_init.o(.constdata)
    lde_replicaCoeff                         0x08003d48   Data          50  deca_params_init.o(.constdata)
    Region$$Table$$Base                      0x08003da4   Number         0  anon$$obj.o(Region$$Table)
    Region$$Table$$Limit                     0x08003dc4   Number         0  anon$$obj.o(Region$$Table)
    SystemCoreClock                          0x20000000   Data           4  system_stm32f10x.o(.data)
    AHBPrescTable                            0x20000004   Data          16  system_stm32f10x.o(.data)
    time32_incr                              0x20000014   Data           4  stm32f10x_it.o(.data)
    port_deca_isr                            0x20000030   Data           4  port.o(.data)
    anchor_sn                                0x20000044   Data           1  ds_twr_resp.o(.data)
    anchor_sn_idx                            0x20000045   Data           1  ds_twr_resp.o(.data)
    anchor_total                             0x20000046   Data           1  ds_twr_resp.o(.data)
    TIM3_TIMEUP                              0x200000c8   Data           1  timer.o(.data)
    __stdout                                 0x200000cc   Data           4  usart.o(.data)
    EN_Receive                               0x200000d0   Data           1  usart.o(.data)
    ReceiveLen                               0x200000d1   Data           1  usart.o(.data)
    anchor                                   0x20000110   Data         280  ds_twr_resp.o(.bss)
    USART_RX_BUF                             0x2000024b   Data         300  usart.o(.bss)
    __libspace_start                         0x20000378   Data          96  libspace.o(.bss)
    __temporary_stack_top$libspace           0x200003d8   Data           0  libspace.o(.bss)



==============================================================================

Memory Map of the image

  Image Entry point : 0x080000ed

  Load Region LR_IROM1 (Base: 0x08000000, Size: 0x00003e9c, Max: 0x00010000, ABSOLUTE)

    Execution Region ER_IROM1 (Exec base: 0x08000000, Load base: 0x08000000, Size: 0x00003dc4, Max: 0x00010000, ABSOLUTE)

    Exec Addr    Load Addr    Size         Type   Attr      Idx    E Section Name        Object

    0x08000000   0x08000000   0x000000ec   Data   RO          262    RESET               startup_stm32f10x_md.o
    0x080000ec   0x080000ec   0x00000008   Code   RO         4974  * !!!main             c_w.l(__main.o)
    0x080000f4   0x080000f4   0x00000034   Code   RO         5328    !!!scatter          c_w.l(__scatter.o)
    0x08000128   0x08000128   0x0000001a   Code   RO         5330    !!handler_copy      c_w.l(__scatter_copy.o)
    0x08000142   0x08000142   0x00000002   PAD
    0x08000144   0x08000144   0x0000001c   Code   RO         5332    !!handler_zi        c_w.l(__scatter_zi.o)
    0x08000160   0x08000160   0x00000000   Code   RO         4967    .ARM.Collect$$_printf_percent$$00000000  c_w.l(_printf_percent.o)
    0x08000160   0x08000160   0x00000006   Code   RO         4964    .ARM.Collect$$_printf_percent$$0000000C  c_w.l(_printf_x.o)
    0x08000166   0x08000166   0x00000004   Code   RO         5083    .ARM.Collect$$_printf_percent$$00000017  c_w.l(_printf_percent_end.o)
    0x0800016a   0x0800016a   0x00000002   Code   RO         5201    .ARM.Collect$$libinit$$00000000  c_w.l(libinit.o)
    0x0800016c   0x0800016c   0x00000000   Code   RO         5203    .ARM.Collect$$libinit$$00000002  c_w.l(libinit2.o)
    0x0800016c   0x0800016c   0x00000000   Code   RO         5205    .ARM.Collect$$libinit$$00000004  c_w.l(libinit2.o)
    0x0800016c   0x0800016c   0x00000000   Code   RO         5208    .ARM.Collect$$libinit$$0000000A  c_w.l(libinit2.o)
    0x0800016c   0x0800016c   0x00000000   Code   RO         5210    .ARM.Collect$$libinit$$0000000C  c_w.l(libinit2.o)
    0x0800016c   0x0800016c   0x00000000   Code   RO         5212    .ARM.Collect$$libinit$$0000000E  c_w.l(libinit2.o)
    0x0800016c   0x0800016c   0x00000000   Code   RO         5215    .ARM.Collect$$libinit$$00000011  c_w.l(libinit2.o)
    0x0800016c   0x0800016c   0x00000000   Code   RO         5217    .ARM.Collect$$libinit$$00000013  c_w.l(libinit2.o)
    0x0800016c   0x0800016c   0x00000000   Code   RO         5219    .ARM.Collect$$libinit$$00000015  c_w.l(libinit2.o)
    0x0800016c   0x0800016c   0x00000000   Code   RO         5221    .ARM.Collect$$libinit$$00000017  c_w.l(libinit2.o)
    0x0800016c   0x0800016c   0x00000000   Code   RO         5223    .ARM.Collect$$libinit$$00000019  c_w.l(libinit2.o)
    0x0800016c   0x0800016c   0x00000000   Code   RO         5225    .ARM.Collect$$libinit$$0000001B  c_w.l(libinit2.o)
    0x0800016c   0x0800016c   0x00000000   Code   RO         5227    .ARM.Collect$$libinit$$0000001D  c_w.l(libinit2.o)
    0x0800016c   0x0800016c   0x00000000   Code   RO         5229    .ARM.Collect$$libinit$$0000001F  c_w.l(libinit2.o)
    0x0800016c   0x0800016c   0x00000000   Code   RO         5231    .ARM.Collect$$libinit$$00000021  c_w.l(libinit2.o)
    0x0800016c   0x0800016c   0x00000000   Code   RO         5233    .ARM.Collect$$libinit$$00000023  c_w.l(libinit2.o)
    0x0800016c   0x0800016c   0x00000000   Code   RO         5235    .ARM.Collect$$libinit$$00000025  c_w.l(libinit2.o)
    0x0800016c   0x0800016c   0x00000000   Code   RO         5239    .ARM.Collect$$libinit$$0000002C  c_w.l(libinit2.o)
    0x0800016c   0x0800016c   0x00000000   Code   RO         5241    .ARM.Collect$$libinit$$0000002E  c_w.l(libinit2.o)
    0x0800016c   0x0800016c   0x00000000   Code   RO         5243    .ARM.Collect$$libinit$$00000030  c_w.l(libinit2.o)
    0x0800016c   0x0800016c   0x00000000   Code   RO         5245    .ARM.Collect$$libinit$$00000032  c_w.l(libinit2.o)
    0x0800016c   0x0800016c   0x00000002   Code   RO         5246    .ARM.Collect$$libinit$$00000033  c_w.l(libinit2.o)
    0x0800016e   0x0800016e   0x00000002   Code   RO         5278    .ARM.Collect$$libshutdown$$00000000  c_w.l(libshutdown.o)
    0x08000170   0x08000170   0x00000000   Code   RO         5287    .ARM.Collect$$libshutdown$$00000002  c_w.l(libshutdown2.o)
    0x08000170   0x08000170   0x00000000   Code   RO         5289    .ARM.Collect$$libshutdown$$00000004  c_w.l(libshutdown2.o)
    0x08000170   0x08000170   0x00000000   Code   RO         5292    .ARM.Collect$$libshutdown$$00000007  c_w.l(libshutdown2.o)
    0x08000170   0x08000170   0x00000000   Code   RO         5295    .ARM.Collect$$libshutdown$$0000000A  c_w.l(libshutdown2.o)
    0x08000170   0x08000170   0x00000000   Code   RO         5297    .ARM.Collect$$libshutdown$$0000000C  c_w.l(libshutdown2.o)
    0x08000170   0x08000170   0x00000000   Code   RO         5300    .ARM.Collect$$libshutdown$$0000000F  c_w.l(libshutdown2.o)
    0x08000170   0x08000170   0x00000002   Code   RO         5301    .ARM.Collect$$libshutdown$$00000010  c_w.l(libshutdown2.o)
    0x08000172   0x08000172   0x00000000   Code   RO         5070    .ARM.Collect$$rtentry$$00000000  c_w.l(__rtentry.o)
    0x08000172   0x08000172   0x00000000   Code   RO         5121    .ARM.Collect$$rtentry$$00000002  c_w.l(__rtentry2.o)
    0x08000172   0x08000172   0x00000006   Code   RO         5133    .ARM.Collect$$rtentry$$00000004  c_w.l(__rtentry4.o)
    0x08000178   0x08000178   0x00000000   Code   RO         5123    .ARM.Collect$$rtentry$$00000009  c_w.l(__rtentry2.o)
    0x08000178   0x08000178   0x00000004   Code   RO         5124    .ARM.Collect$$rtentry$$0000000A  c_w.l(__rtentry2.o)
    0x0800017c   0x0800017c   0x00000000   Code   RO         5126    .ARM.Collect$$rtentry$$0000000C  c_w.l(__rtentry2.o)
    0x0800017c   0x0800017c   0x00000008   Code   RO         5127    .ARM.Collect$$rtentry$$0000000D  c_w.l(__rtentry2.o)
    0x08000184   0x08000184   0x00000002   Code   RO         5249    .ARM.Collect$$rtexit$$00000000  c_w.l(rtexit.o)
    0x08000186   0x08000186   0x00000000   Code   RO         5258    .ARM.Collect$$rtexit$$00000002  c_w.l(rtexit2.o)
    0x08000186   0x08000186   0x00000004   Code   RO         5259    .ARM.Collect$$rtexit$$00000003  c_w.l(rtexit2.o)
    0x0800018a   0x0800018a   0x00000006   Code   RO         5260    .ARM.Collect$$rtexit$$00000004  c_w.l(rtexit2.o)
    0x08000190   0x08000190   0x00000040   Code   RO          263    .text               startup_stm32f10x_md.o
    0x080001d0   0x080001d0   0x00000002   Code   RO         4905    .text               c_w.l(use_no_semi_2.o)
    0x080001d2   0x080001d2   0x00000002   PAD
    0x080001d4   0x080001d4   0x00000018   Code   RO         4913    .text               c_w.l(noretval__2printf.o)
    0x080001ec   0x080001ec   0x00000058   Code   RO         4926    .text               c_w.l(_printf_hex_int.o)
    0x08000244   0x08000244   0x0000010e   Code   RO         4952    .text               c_w.l(__printf_wp.o)
    0x08000352   0x08000352   0x00000058   Code   RO         4968    .text               c_w.l(memcmp.o)
    0x080003aa   0x080003aa   0x00000006   Code   RO         4972    .text               c_w.l(heapauxi.o)
    0x080003b0   0x080003b0   0x00000002   Code   RO         5068    .text               c_w.l(use_no_semi.o)
    0x080003b2   0x080003b2   0x000000b2   Code   RO         5073    .text               c_w.l(_printf_intcommon.o)
    0x08000464   0x08000464   0x00000030   Code   RO         5077    .text               c_w.l(_printf_char_common.o)
    0x08000494   0x08000494   0x00000024   Code   RO         5081    .text               c_w.l(_printf_char_file.o)
    0x080004b8   0x080004b8   0x00000008   Code   RO         5176    .text               c_w.l(ferror.o)
    0x080004c0   0x080004c0   0x00000008   Code   RO         5187    .text               c_w.l(libspace.o)
    0x080004c8   0x080004c8   0x0000004a   Code   RO         5190    .text               c_w.l(sys_stackheap_outer.o)
    0x08000512   0x08000512   0x00000012   Code   RO         5192    .text               c_w.l(exit.o)
    0x08000524   0x08000524   0x00000044   Code   RO         3237    i.BTN_Init          btn.o
    0x08000568   0x08000568   0x00000004   Code   RO          173    i.BusFault_Handler  stm32f10x_it.o
    0x0800056c   0x0800056c   0x000000dc   Code   RO         4716    i.Calc_Median       ds_twr_resp.o
    0x08000648   0x08000648   0x00000002   Code   RO          174    i.DebugMon_Handler  stm32f10x_it.o
    0x0800064a   0x0800064a   0x00000002   PAD
    0x0800064c   0x0800064c   0x000000e8   Code   RO         3346    i.Display_String    bmp.o
    0x08000734   0x08000734   0x00000028   Code   RO          175    i.EXTI3_IRQHandler  stm32f10x_it.o
    0x0800075c   0x0800075c   0x0000000c   Code   RO         1676    i.EXTI_ClearITPendingBit  stm32f10x_exti.o
    0x08000768   0x08000768   0x0000001c   Code   RO         4204    i.EXTI_GetITEnStatus  port.o
    0x08000784   0x08000784   0x00000094   Code   RO         1681    i.EXTI_Init         stm32f10x_exti.o
    0x08000818   0x08000818   0x00000060   Code   RO         4205    i.GPIO_Configuration  port.o
    0x08000878   0x08000878   0x00000040   Code   RO          306    i.GPIO_EXTILineConfig  stm32f10x_gpio.o
    0x080008b8   0x080008b8   0x00000116   Code   RO          309    i.GPIO_Init         stm32f10x_gpio.o
    0x080009ce   0x080009ce   0x00000002   PAD
    0x080009d0   0x080009d0   0x00000090   Code   RO          311    i.GPIO_PinRemapConfig  stm32f10x_gpio.o
    0x08000a60   0x08000a60   0x00000012   Code   RO          313    i.GPIO_ReadInputDataBit  stm32f10x_gpio.o
    0x08000a72   0x08000a72   0x00000004   Code   RO          316    i.GPIO_ResetBits    stm32f10x_gpio.o
    0x08000a76   0x08000a76   0x00000004   Code   RO          317    i.GPIO_SetBits      stm32f10x_gpio.o
    0x08000a7a   0x08000a7a   0x00000004   Code   RO          176    i.HardFault_Handler  stm32f10x_it.o
    0x08000a7e   0x08000a7e   0x00000002   PAD
    0x08000a80   0x08000a80   0x00000050   Code   RO         3249    i.LED_Init          led.o
    0x08000ad0   0x08000ad0   0x00000004   Code   RO          177    i.MemManage_Handler  stm32f10x_it.o
    0x08000ad4   0x08000ad4   0x00000002   Code   RO          178    i.NMI_Handler       stm32f10x_it.o
    0x08000ad6   0x08000ad6   0x00000002   PAD
    0x08000ad8   0x08000ad8   0x0000006c   Code   RO         4206    i.NVIC_Configuration  port.o
    0x08000b44   0x08000b44   0x00000070   Code   RO          267    i.NVIC_Init         misc.o
    0x08000bb4   0x08000bb4   0x00000014   Code   RO          268    i.NVIC_PriorityGroupConfig  misc.o
    0x08000bc8   0x08000bc8   0x00000048   Code   RO         3262    i.OLED_Draw_Chars   oled_spi.o
    0x08000c10   0x08000c10   0x0000003a   Code   RO         3267    i.OLED_Fill         oled_spi.o
    0x08000c4a   0x08000c4a   0x00000002   PAD
    0x08000c4c   0x08000c4c   0x0000010c   Code   RO         3269    i.OLED_Init         oled_spi.o
    0x08000d58   0x08000d58   0x00000024   Code   RO         3270    i.OLED_Set_Pos      oled_spi.o
    0x08000d7c   0x08000d7c   0x00000060   Code   RO         3271    i.OLED_WrCmd        oled_spi.o
    0x08000ddc   0x08000ddc   0x00000060   Code   RO         3272    i.OLED_WrDat        oled_spi.o
    0x08000e3c   0x08000e3c   0x00000002   Code   RO          179    i.PendSV_Handler    stm32f10x_it.o
    0x08000e3e   0x08000e3e   0x00000002   PAD
    0x08000e40   0x08000e40   0x00000020   Code   RO          419    i.RCC_APB1PeriphClockCmd  stm32f10x_rcc.o
    0x08000e60   0x08000e60   0x00000020   Code   RO          420    i.RCC_APB1PeriphResetCmd  stm32f10x_rcc.o
    0x08000e80   0x08000e80   0x00000020   Code   RO          421    i.RCC_APB2PeriphClockCmd  stm32f10x_rcc.o
    0x08000ea0   0x08000ea0   0x00000020   Code   RO          422    i.RCC_APB2PeriphResetCmd  stm32f10x_rcc.o
    0x08000ec0   0x08000ec0   0x000000d4   Code   RO          429    i.RCC_GetClocksFreq  stm32f10x_rcc.o
    0x08000f94   0x08000f94   0x0000001c   Code   RO         4212    i.SPI_ChangeRate    port.o
    0x08000fb0   0x08000fb0   0x00000018   Code   RO          622    i.SPI_Cmd           stm32f10x_spi.o
    0x08000fc8   0x08000fc8   0x000000b4   Code   RO         4214    i.SPI_Configuration  port.o
    0x0800107c   0x0800107c   0x00000058   Code   RO          629    i.SPI_I2S_DeInit    stm32f10x_spi.o
    0x080010d4   0x080010d4   0x0000003c   Code   RO          635    i.SPI_Init          stm32f10x_spi.o
    0x08001110   0x08001110   0x00000018   Code   RO          637    i.SPI_SSOutputCmd   stm32f10x_spi.o
    0x08001128   0x08001128   0x00000002   Code   RO          180    i.SVC_Handler       stm32f10x_it.o
    0x0800112a   0x0800112a   0x00000008   Code   RO          117    i.SetSysClock       system_stm32f10x.o
    0x08001132   0x08001132   0x00000002   PAD
    0x08001134   0x08001134   0x000000e0   Code   RO          118    i.SetSysClockTo72   system_stm32f10x.o
    0x08001214   0x08001214   0x00000010   Code   RO         4717    i.Src_acquire       ds_twr_resp.o
    0x08001224   0x08001224   0x00000028   Code   RO          271    i.SysTick_CLKSourceConfig  misc.o
    0x0800124c   0x0800124c   0x00000010   Code   RO          181    i.SysTick_Handler   stm32f10x_it.o
    0x0800125c   0x0800125c   0x00000060   Code   RO          120    i.SystemInit        system_stm32f10x.o
    0x080012bc   0x080012bc   0x00000024   Code   RO         4790    i.TIM3_IRQHandler   timer.o
    0x080012e0   0x080012e0   0x00000068   Code   RO         4791    i.TIM3_Int_Init     timer.o
    0x08001348   0x08001348   0x00000006   Code   RO          772    i.TIM_ClearITPendingBit  stm32f10x_tim.o
    0x0800134e   0x0800134e   0x00000018   Code   RO          777    i.TIM_Cmd           stm32f10x_tim.o
    0x08001366   0x08001366   0x00000022   Code   RO          798    i.TIM_GetITStatus   stm32f10x_tim.o
    0x08001388   0x08001388   0x00000012   Code   RO          802    i.TIM_ITConfig      stm32f10x_tim.o
    0x0800139a   0x0800139a   0x00000002   PAD
    0x0800139c   0x0800139c   0x000000a4   Code   RO          848    i.TIM_TimeBaseInit  stm32f10x_tim.o
    0x08001440   0x08001440   0x00000048   Code   RO         4814    i.USART1_IRQHandler  usart.o
    0x08001488   0x08001488   0x0000001e   Code   RO         1310    i.USART_ClearITPendingBit  stm32f10x_usart.o
    0x080014a6   0x080014a6   0x00000018   Code   RO         1313    i.USART_Cmd         stm32f10x_usart.o
    0x080014be   0x080014be   0x00000054   Code   RO         1317    i.USART_GetITStatus  stm32f10x_usart.o
    0x08001512   0x08001512   0x0000004a   Code   RO         1319    i.USART_ITConfig    stm32f10x_usart.o
    0x0800155c   0x0800155c   0x000000d8   Code   RO         1320    i.USART_Init        stm32f10x_usart.o
    0x08001634   0x08001634   0x0000000a   Code   RO         1327    i.USART_ReceiveData  stm32f10x_usart.o
    0x0800163e   0x0800163e   0x00000004   Code   RO          182    i.UsageFault_Handler  stm32f10x_it.o
    0x08001642   0x08001642   0x00000018   Code   RO         3459    i._dwt_aonarrayupload  deca_device.o
    0x0800165a   0x0800165a   0x00000032   Code   RO         3462    i._dwt_configlde    deca_device.o
    0x0800168c   0x0800168c   0x00000014   Code   RO         3463    i._dwt_disablesequencing  deca_device.o
    0x080016a0   0x080016a0   0x000000f4   Code   RO         3464    i._dwt_enableclocks  deca_device.o
    0x08001794   0x08001794   0x00000022   Code   RO         3465    i._dwt_loaducodefromrom  deca_device.o
    0x080017b6   0x080017b6   0x00000030   Code   RO         3467    i._dwt_otpread      deca_device.o
    0x080017e6   0x080017e6   0x0000000e   Code   RO         4954    i._is_digit         c_w.l(__printf_wp.o)
    0x080017f4   0x080017f4   0x00000004   Code   RO         4815    i._sys_exit         usart.o
    0x080017f8   0x080017f8   0x0000000c   Code   RO         4149    i.deca_sleep        deca_sleep.o
    0x08001804   0x08001804   0x0000001c   Code   RO         4127    i.decamutexoff      deca_mutex.o
    0x08001820   0x08001820   0x00000028   Code   RO         4128    i.decamutexon       deca_mutex.o
    0x08001848   0x08001848   0x00000044   Code   RO         4877    i.delay_init        delay.o
    0x0800188c   0x0800188c   0x0000004c   Code   RO         4878    i.delay_ms          delay.o
    0x080018d8   0x080018d8   0x00000098   Code   RO         4718    i.ds_twr_distance_tx  ds_twr_resp.o
    0x08001970   0x08001970   0x000001f0   Code   RO         4719    i.ds_twr_final_handle  ds_twr_resp.o
    0x08001b60   0x08001b60   0x00000034   Code   RO         4720    i.ds_twr_final_rx   ds_twr_resp.o
    0x08001b94   0x08001b94   0x00000038   Code   RO         4721    i.ds_twr_poll_rx    ds_twr_resp.o
    0x08001bcc   0x08001bcc   0x00000070   Code   RO         4722    i.ds_twr_resp_tx    ds_twr_resp.o
    0x08001c3c   0x08001c3c   0x00000220   Code   RO         4723    i.ds_twr_responder  ds_twr_resp.o
    0x08001e5c   0x08001e5c   0x00000104   Code   RO         3418    i.dw_init           dw1000.o
    0x08001f60   0x08001f60   0x00000258   Code   RO         3478    i.dwt_configure     deca_device.o
    0x080021b8   0x080021b8   0x00000058   Code   RO         3492    i.dwt_forcetrxoff   deca_device.o
    0x08002210   0x08002210   0x00000204   Code   RO         3500    i.dwt_initialise    deca_device.o
    0x08002414   0x08002414   0x0000018c   Code   RO         3501    i.dwt_isr           deca_device.o
    0x080025a0   0x080025a0   0x00000026   Code   RO         3507    i.dwt_read16bitoffsetreg  deca_device.o
    0x080025c6   0x080025c6   0x0000002a   Code   RO         3508    i.dwt_read32bitoffsetreg  deca_device.o
    0x080025f0   0x080025f0   0x00000018   Code   RO         3509    i.dwt_read8bitoffsetreg  deca_device.o
    0x08002608   0x08002608   0x0000000c   Code   RO         3512    i.dwt_readdevid     deca_device.o
    0x08002614   0x08002614   0x00000064   Code   RO         3515    i.dwt_readfromdevice  deca_device.o
    0x08002678   0x08002678   0x00000016   Code   RO         3516    i.dwt_readrxdata    deca_device.o
    0x0800268e   0x0800268e   0x00000012   Code   RO         3517    i.dwt_readrxtimestamp  deca_device.o
    0x080026a0   0x080026a0   0x00000012   Code   RO         3523    i.dwt_readtxtimestamp  deca_device.o
    0x080026b2   0x080026b2   0x0000005c   Code   RO         3528    i.dwt_rxenable      deca_device.o
    0x0800270e   0x0800270e   0x00000018   Code   RO         3529    i.dwt_rxreset       deca_device.o
    0x08002726   0x08002726   0x00000010   Code   RO         3533    i.dwt_setdelayedtrxtime  deca_device.o
    0x08002736   0x08002736   0x00000010   Code   RO         3544    i.dwt_setpreambledetecttimeout  deca_device.o
    0x08002746   0x08002746   0x00000024   Code   RO         3545    i.dwt_setrxaftertxdelay  deca_device.o
    0x0800276a   0x0800276a   0x00000012   Code   RO         3546    i.dwt_setrxantennadelay  deca_device.o
    0x0800277c   0x0800277c   0x00000060   Code   RO         3547    i.dwt_setrxtimeout  deca_device.o
    0x080027dc   0x080027dc   0x00000010   Code   RO         3551    i.dwt_settxantennadelay  deca_device.o
    0x080027ec   0x080027ec   0x00000018   Code   RO         3552    i.dwt_setxtaltrim   deca_device.o
    0x08002804   0x08002804   0x00000048   Code   RO         3553    i.dwt_softreset     deca_device.o
    0x0800284c   0x0800284c   0x0000006c   Code   RO         3555    i.dwt_starttx       deca_device.o
    0x080028b8   0x080028b8   0x00000026   Code   RO         3556    i.dwt_syncrxbufptrs  deca_device.o
    0x080028de   0x080028de   0x00000022   Code   RO         3557    i.dwt_write16bitoffsetreg  deca_device.o
    0x08002900   0x08002900   0x00000028   Code   RO         3558    i.dwt_write32bitoffsetreg  deca_device.o
    0x08002928   0x08002928   0x00000014   Code   RO         3559    i.dwt_write8bitoffsetreg  deca_device.o
    0x0800293c   0x0800293c   0x00000068   Code   RO         3560    i.dwt_writetodevice  deca_device.o
    0x080029a4   0x080029a4   0x00000026   Code   RO         3561    i.dwt_writetxdata   deca_device.o
    0x080029ca   0x080029ca   0x00000002   PAD
    0x080029cc   0x080029cc   0x0000002c   Code   RO         3562    i.dwt_writetxfctrl  deca_device.o
    0x080029f8   0x080029f8   0x00000020   Code   RO         4724    i.final_msg_get_ts  ds_twr_resp.o
    0x08002a18   0x08002a18   0x0000001c   Code   RO         4816    i.fputc             usart.o
    0x08002a34   0x08002a34   0x0000002c   Code   RO         4725    i.get_rx_timestamp_u64  ds_twr_resp.o
    0x08002a60   0x08002a60   0x0000002c   Code   RO         4726    i.get_tx_timestamp_u64  ds_twr_resp.o
    0x08002a8c   0x08002a8c   0x00000014   Code   RO            1    i.main              main.o
    0x08002aa0   0x08002aa0   0x00000040   Code   RO         4216    i.peripherals_init  port.o
    0x08002ae0   0x08002ae0   0x00000048   Code   RO         4217    i.port_set_deca_isr  port.o
    0x08002b28   0x08002b28   0x00000080   Code   RO         4172    i.readfromspi       deca_spi.o
    0x08002ba8   0x08002ba8   0x00000050   Code   RO         4218    i.reset_DW1000      port.o
    0x08002bf8   0x08002bf8   0x00000002   Code   RO         4150    i.sleep_ms          deca_sleep.o
    0x08002bfa   0x08002bfa   0x00000008   Code   RO         4219    i.spi_peripheral_init  port.o
    0x08002c02   0x08002c02   0x0000000a   Code   RO         4220    i.spi_set_rate_high  port.o
    0x08002c0c   0x08002c0c   0x0000000a   Code   RO         4221    i.spi_set_rate_low  port.o
    0x08002c16   0x08002c16   0x00000002   PAD
    0x08002c18   0x08002c18   0x000000a0   Code   RO         4817    i.uart_init         usart.o
    0x08002cb8   0x08002cb8   0x0000007c   Code   RO         4173    i.writetospi        deca_spi.o
    0x08002d34   0x08002d34   0x00000150   Code   RO         4978    x$fpl$dadd          fz_ws.l(daddsub_clz.o)
    0x08002e84   0x08002e84   0x00000018   Code   RO         5084    x$fpl$dcmpinf       fz_ws.l(dcmpi.o)
    0x08002e9c   0x08002e9c   0x000002b0   Code   RO         4985    x$fpl$ddiv          fz_ws.l(ddiv.o)
    0x0800314c   0x0800314c   0x0000005e   Code   RO         4990    x$fpl$dfix          fz_ws.l(dfix.o)
    0x080031aa   0x080031aa   0x00000002   PAD
    0x080031ac   0x080031ac   0x000000a2   Code   RO         5008    x$fpl$dfltll        fz_ws.l(dfltll_clz.o)
    0x0800324e   0x0800324e   0x00000026   Code   RO         5002    x$fpl$dfltu         fz_ws.l(dflt_clz.o)
    0x08003274   0x08003274   0x00000078   Code   RO         5012    x$fpl$dleqf         fz_ws.l(dleqf.o)
    0x080032ec   0x080032ec   0x00000154   Code   RO         5014    x$fpl$dmul          fz_ws.l(dmul.o)
    0x08003440   0x08003440   0x0000009c   Code   RO         5086    x$fpl$dnaninf       fz_ws.l(dnaninf.o)
    0x080034dc   0x080034dc   0x0000000c   Code   RO         5088    x$fpl$dretinf       fz_ws.l(dretinf.o)
    0x080034e8   0x080034e8   0x0000006c   Code   RO         5016    x$fpl$drleqf        fz_ws.l(drleqf.o)
    0x08003554   0x08003554   0x000001d4   Code   RO         4980    x$fpl$dsub          fz_ws.l(daddsub_clz.o)
    0x08003728   0x08003728   0x000000c2   Code   RO         4994    x$fpl$llsfromd      fz_ws.l(dfixll.o)
    0x080037ea   0x080037ea   0x00000000   Code   RO         5100    x$fpl$usenofp       fz_ws.l(usenofp.o)
    0x080037ea   0x080037ea   0x000004e0   Data   RO         3348    .constdata          bmp.o
    0x08003cca   0x08003cca   0x00000002   PAD
    0x08003ccc   0x08003ccc   0x000000ae   Data   RO         4108    .constdata          deca_params_init.o
    0x08003d7a   0x08003d7a   0x00000028   Data   RO         4927    .constdata          c_w.l(_printf_hex_int.o)
    0x08003da2   0x08003da2   0x00000002   PAD
    0x08003da4   0x08003da4   0x00000020   Data   RO         5326    Region$$Table       anon$$obj.o


    Execution Region RW_IRAM1 (Exec base: 0x20000000, Load base: 0x08003dc4, Size: 0x000009d8, Max: 0x00005000, ABSOLUTE)

    Exec Addr    Load Addr    Size         Type   Attr      Idx    E Section Name        Object

    0x20000000   0x08003dc4   0x00000014   Data   RW          121    .data               system_stm32f10x.o
    0x20000014   0x08003dd8   0x00000004   Data   RW          183    .data               stm32f10x_it.o
    0x20000018   0x08003ddc   0x00000014   Data   RW          449    .data               stm32f10x_rcc.o
    0x2000002c   0x08003df0   0x00000004   Data   RW         3564    .data               deca_device.o
    0x20000030   0x08003df4   0x00000004   Data   RW         4222    .data               port.o
    0x20000034   0x08003df8   0x00000004   PAD
    0x20000038   0x08003dfc   0x00000090   Data   RW         4728    .data               ds_twr_resp.o
    0x200000c8   0x08003e8c   0x00000001   Data   RW         4792    .data               timer.o
    0x200000c9   0x08003e8d   0x00000003   PAD
    0x200000cc   0x08003e90   0x00000006   Data   RW         4819    .data               usart.o
    0x200000d2   0x08003e96   0x00000004   Data   RW         4880    .data               delay.o
    0x200000d6   0x08003e9a   0x00000002   PAD
    0x200000d8        -       0x00000038   Zero   RW         3563    .bss                deca_device.o
    0x20000110        -       0x0000013b   Zero   RW         4727    .bss                ds_twr_resp.o
    0x2000024b        -       0x0000012c   Zero   RW         4818    .bss                usart.o
    0x20000377   0x08003e9a   0x00000001   PAD
    0x20000378        -       0x00000060   Zero   RW         5188    .bss                c_w.l(libspace.o)
    0x200003d8        -       0x00000200   Zero   RW          261    HEAP                startup_stm32f10x_md.o
    0x200005d8        -       0x00000400   Zero   RW          260    STACK               startup_stm32f10x_md.o


==============================================================================

Image component sizes


      Code (inc. data)   RO Data    RW Data    ZI Data      Debug   Object Name

       232         20       1248          0          0       2153   bmp.o
        68          8          0          0          0        495   btn.o
         0          0          0          0          0         32   core_cm3.o
      3130        110          0          4         56      29441   deca_device.o
        68          6          0          0          0      16296   deca_mutex.o
         0          0        174          0          0       2360   deca_params_init.o
        14          0          0          0          0       1060   deca_sleep.o
       252         18          0          0          0       2291   deca_spi.o
       144         22          0          4          0       1220   delay.o
      1768        196          0        144        315       9017   ds_twr_resp.o
       260         88          0          0          0       4734   dw1000.o
        80          8          0          0          0        503   led.o
        20          0          0          0          0     261011   main.o
       172         22          0          0          0       2217   misc.o
       626         30          0          0          0       3647   oled_spi.o
       684         58          0          4          0       9105   port.o
         0          0          0          0          0       4212   ss_twr_init.o
        64         26        236          0       1536        808   startup_stm32f10x_md.o
       160         12          0          0          0       1649   stm32f10x_exti.o
       512         10          0          0          0       5300   stm32f10x_gpio.o
        80         14          0          4          0       4527   stm32f10x_it.o
       340         44          0         20          0       5768   stm32f10x_rcc.o
       196         12          0          0          0       3416   stm32f10x_spi.o
       246         42          0          0          0       3726   stm32f10x_tim.o
       438          6          0          0          0       5820   stm32f10x_usart.o
       328         28          0         20          0       2261   system_stm32f10x.o
       140         16          0          1          0       1380   timer.o
       264         28          0          6        300       4229   usart.o

    ----------------------------------------------------------------------
     10306        824       1692        216       2208     388678   Object Totals
         0          0         32          0          0          0   (incl. Generated)
        20          0          2          9          1          0   (incl. Padding)

    ----------------------------------------------------------------------

      Code (inc. data)   RO Data    RW Data    ZI Data      Debug   Library Member Name

         8          0          0          0          0         68   __main.o
       284          0          0          0          0        156   __printf_wp.o
         0          0          0          0          0          0   __rtentry.o
        12          0          0          0          0          0   __rtentry2.o
         6          0          0          0          0          0   __rtentry4.o
        52          8          0          0          0          0   __scatter.o
        26          0          0          0          0          0   __scatter_copy.o
        28          0          0          0          0          0   __scatter_zi.o
        48          6          0          0          0         96   _printf_char_common.o
        36          4          0          0          0         80   _printf_char_file.o
        88          4         40          0          0         88   _printf_hex_int.o
       178          0          0          0          0         88   _printf_intcommon.o
         0          0          0          0          0          0   _printf_percent.o
         4          0          0          0          0          0   _printf_percent_end.o
         6          0          0          0          0          0   _printf_x.o
        18          0          0          0          0         80   exit.o
         8          0          0          0          0         68   ferror.o
         6          0          0          0          0        152   heapauxi.o
         2          0          0          0          0          0   libinit.o
         2          0          0          0          0          0   libinit2.o
         2          0          0          0          0          0   libshutdown.o
         2          0          0          0          0          0   libshutdown2.o
         8          4          0          0         96         68   libspace.o
        88          0          0          0          0         76   memcmp.o
        24          4          0          0          0         84   noretval__2printf.o
         2          0          0          0          0          0   rtexit.o
        10          0          0          0          0          0   rtexit2.o
        74          0          0          0          0         80   sys_stackheap_outer.o
         2          0          0          0          0         68   use_no_semi.o
         2          0          0          0          0         68   use_no_semi_2.o
       804         16          0          0          0        272   daddsub_clz.o
        24          0          0          0          0         68   dcmpi.o
       688        140          0          0          0        208   ddiv.o
        94          4          0          0          0         92   dfix.o
       194          4          0          0          0        116   dfixll.o
        38          0          0          0          0         68   dflt_clz.o
       162          0          0          0          0         84   dfltll_clz.o
       120          4          0          0          0         92   dleqf.o
       340         12          0          0          0        104   dmul.o
       156          4          0          0          0         92   dnaninf.o
        12          0          0          0          0         68   dretinf.o
       108          0          0          0          0         80   drleqf.o
         0          0          0          0          0          0   usenofp.o

    ----------------------------------------------------------------------
      3772        214         42          0         96       2664   Library Totals
         6          0          2          0          0          0   (incl. Padding)

    ----------------------------------------------------------------------

      Code (inc. data)   RO Data    RW Data    ZI Data      Debug   Library Name

      1026         30         40          0         96       1320   c_w.l
      2740        184          0          0          0       1344   fz_ws.l

    ----------------------------------------------------------------------
      3772        214         42          0         96       2664   Library Totals

    ----------------------------------------------------------------------

==============================================================================


      Code (inc. data)   RO Data    RW Data    ZI Data      Debug   

     14078       1038       1734        216       2304     383694   Grand Totals
     14078       1038       1734        216       2304     383694   ELF Image Totals
     14078       1038       1734        216          0          0   ROM Totals

==============================================================================

    Total RO  Size (Code + RO Data)                15812 (  15.44kB)
    Total RW  Size (RW Data + ZI Data)              2520 (   2.46kB)
    Total ROM Size (Code + RO Data + RW Data)      16028 (  15.65kB)

==============================================================================

